Traceback (most recent call last):
  File "E:\superTrader\t_io\preopen\auction_collector.py", line 250, in <module>
    sys.exit(main())
             ^^^^^^
  File "E:\superTrader\t_io\preopen\auction_collector.py", line 244, in main
    do_slot(a.date, a.slot)
  File "E:\superTrader\t_io\preopen\auction_collector.py", line 140, in do_slot
    pool = load_pool()
           ^^^^^^^^^^^
  File "E:\superTrader\t_io\preopen\auction_collector.py", line 99, in load_pool
    h = json.loads(HOLDINGS_FP.read_text(encoding="utf-8"))
                   ^^^^^^^^^^^^^^^^^^^^^^^^^^^^^^^^^^^^^^^
  File "C:\Users\Lenovo\AppData\Local\Programs\Python\Python311\Lib\pathlib.py", line 1058, in read_text
    with self.open(mode='r', encoding=encoding, errors=errors) as f:
         ^^^^^^^^^^^^^^^^^^^^^^^^^^^^^^^^^^^^^^^^^^^^^^^^^^^^^
  File "C:\Users\Lenovo\AppData\Local\Programs\Python\Python311\Lib\pathlib.py", line 1044, in open
    return io.open(self, mode, buffering, encoding, errors, newline)
           ^^^^^^^^^^^^^^^^^^^^^^^^^^^^^^^^^^^^^^^^^^^^^^^^^^^^^^^^^
FileNotFoundError: [Errno 2] No such file or directory: 'E:\\06_T\\holdings.json'
Traceback (most recent call last):
  File "E:\superTrader\t_io\preopen\auction_collector.py", line 250, in <module>
    sys.exit(main())
             ^^^^^^
  File "E:\superTrader\t_io\preopen\auction_collector.py", line 244, in main
    do_slot(a.date, a.slot)
  File "E:\superTrader\t_io\preopen\auction_collector.py", line 140, in do_slot
    pool = load_pool()
           ^^^^^^^^^^^
  File "E:\superTrader\t_io\preopen\auction_collector.py", line 99, in load_pool
    h = json.loads(HOLDINGS_FP.read_text(encoding="utf-8"))
                   ^^^^^^^^^^^^^^^^^^^^^^^^^^^^^^^^^^^^^^^
  File "C:\Users\Lenovo\AppData\Local\Programs\Python\Python311\Lib\pathlib.py", line 1058, in read_text
    with self.open(mode='r', encoding=encoding, errors=errors) as f:
         ^^^^^^^^^^^^^^^^^^^^^^^^^^^^^^^^^^^^^^^^^^^^^^^^^^^^^
  File "C:\Users\Lenovo\AppData\Local\Programs\Python\Python311\Lib\pathlib.py", line 1044, in open
    return io.open(self, mode, buffering, encoding, errors, newline)
           ^^^^^^^^^^^^^^^^^^^^^^^^^^^^^^^^^^^^^^^^^^^^^^^^^^^^^^^^^
FileNotFoundError: [Errno 2] No such file or directory: 'E:\\06_T\\holdings.json'
