
===== strategy run start 2026-08-21T09:20:23 pid=21004 =====
[ops] 控制台日志已落盘: C:\Users\Lenovo\.goldminer3\projects\e8bb1f4d-87ce-11f1-97f7-98fa9b8df5e7\logs\strategy_20260821.log
[ops] watcher 心跳缺失/过期(>90s)，已自动拉起，stdout→C:\Users\Lenovo\.goldminer3\projects\e8bb1f4d-87ce-11f1-97f7-98fa9b8df5e7\logs\watcher_stdout.log
[init] 大盘日线已缓存: 900 行, 2022-12-05 ~ 2026-08-20
[init] WP-E2/E3 预算表: equity=150000 reserve=20% 每股预算=30000(按4槽分解) max_pos_shares=000988:200 600481:7200 600176:700 603667:600 300054:400 300364:1200 002639:2600 300153:1300 300456:900 002202:1500 002536:700 002176:3300 600584:300 002261:1100 600089:1400 002451:4100
[init] 事件桥: C:\Users\Lenovo\.goldminer3\projects\e8bb1f4d-87ce-11f1-97f7-98fa9b8df5e7\runtime\bridge
[init] 策略初始化完成: 16 只标的
[ir] 2026-08-21 regime=range score=-1.0
[D6] amount/volume=104.48 close=104.73 → VWAP单位比=0.9976
[09:31:00] BASE 000988 MA5破位→禁建仓 cp=104.73<ma5=108.39
[09:31:00] BASE 002202 跳过: MIRROR_HOLDINGS 中无此标的或 qty<100
[09:31:00] BASE 002261 跳过: MIRROR_HOLDINGS 中无此标的或 qty<100
[09:31:00] BASE 002176 跳过: MIRROR_HOLDINGS 中无此标的或 qty<100
[09:31:00] BASE 002536 跳过: MIRROR_HOLDINGS 中无此标的或 qty<100
[09:31:00] BASE 002451 跳过: MIRROR_HOLDINGS 中无此标的或 qty<100
[09:31:01] BASE 002639 跳过: MIRROR_HOLDINGS 中无此标的或 qty<100
[09:31:01] BASE 300054 跳过: MIRROR_HOLDINGS 中无此标的或 qty<100
[09:31:01] BASE 300364 跳过: MIRROR_HOLDINGS 中无此标的或 qty<100
[09:31:01] BASE 300153 跳过: MIRROR_HOLDINGS 中无此标的或 qty<100
[09:31:01] BASE 300456 跳过: MIRROR_HOLDINGS 中无此标的或 qty<100
[09:31:01] BASE 600481 MA5破位→禁建仓 cp=4.13<ma5=4.29
[09:31:01] BASE 600176 MA5破位→禁建仓 cp=40.41<ma5=43.52
[09:31:02] BASE 600089 跳过: MIRROR_HOLDINGS 中无此标的或 qty<100
[09:31:02] BASE 600584 跳过: MIRROR_HOLDINGS 中无此标的或 qty<100
[09:31:02] BASE 603667 MA5破位→禁建仓 cp=48.82<ma5=53.69
[09:51:01] BASE 600481 双良节能 门槛未过→仅观察 (amp=3.5% amt=1.9亿 lot=416元)

===== strategy run start 2026-08-21T13:14:21 pid=19796 =====
[ops] 控制台日志已落盘: C:\Users\Lenovo\.goldminer3\projects\e8bb1f4d-87ce-11f1-97f7-98fa9b8df5e7\logs\strategy_20260821.log
[init] 大盘日线已缓存: 900 行, 2022-12-05 ~ 2026-08-20
[init] WP-E2/E3 预算表: equity=150000 reserve=20% 每股预算=30000(按4槽分解) max_pos_shares=000988:200 600481:7100 600176:700 603667:500 300054:400 300364:1300 002639:2600 300153:1400 300456:900 002202:1500 002536:600 002176:3300 600584:300 002261:1100 600089:1500 002451:4100
[init] 事件桥: C:\Users\Lenovo\.goldminer3\projects\e8bb1f4d-87ce-11f1-97f7-98fa9b8df5e7\runtime\bridge
[init] 策略初始化完成: 16 只标的
[ir] 2026-08-21 regime=range score=-1.0
[D6] amount/volume=106.62 close=106.70 → VWAP单位比=0.9992
[13:15:00] BASE 000988 MA5破位→禁建仓 cp=106.70<ma5=108.39
[13:15:00] BASE 002202 跳过: MIRROR_HOLDINGS 中无此标的或 qty<100
[13:15:00] BASE 002261 跳过: MIRROR_HOLDINGS 中无此标的或 qty<100
[13:15:00] BASE 002176 跳过: MIRROR_HOLDINGS 中无此标的或 qty<100
[13:15:00] BASE 002639 跳过: MIRROR_HOLDINGS 中无此标的或 qty<100
[13:15:00] BASE 002451 跳过: MIRROR_HOLDINGS 中无此标的或 qty<100
[13:15:00] BASE 300054 跳过: MIRROR_HOLDINGS 中无此标的或 qty<100
[13:15:01] BASE 300153 跳过: MIRROR_HOLDINGS 中无此标的或 qty<100
[13:15:01] BASE 300364 跳过: MIRROR_HOLDINGS 中无此标的或 qty<100
[13:15:01] BASE 300456 跳过: MIRROR_HOLDINGS 中无此标的或 qty<100
[13:15:01] BASE 600481 MA5破位→禁建仓 cp=4.19<ma5=4.29
[13:15:01] BASE 002536 跳过: MIRROR_HOLDINGS 中无此标的或 qty<100
[13:15:02] BASE 600176 MA5破位→禁建仓 cp=41.54<ma5=43.52
[13:15:02] BASE 600089 跳过: MIRROR_HOLDINGS 中无此标的或 qty<100
[13:15:02] BASE 600584 跳过: MIRROR_HOLDINGS 中无此标的或 qty<100
[13:15:02] BASE 603667 MA5破位→禁建仓 cp=51.20<ma5=53.69
!~~~~~~~~~~~!停止策略!~~~~~~~~~~~!