
===== strategy run start 2026-08-12T09:02:43 pid=17444 =====
[ops] 控制台日志已落盘: C:\Users\Lenovo\.goldminer3\projects\e8bb1f4d-87ce-11f1-97f7-98fa9b8df5e7\logs\strategy_20260812.log
[ops] watcher 心跳缺失/过期(>90s)，已自动拉起，stdout→C:\Users\Lenovo\.goldminer3\projects\e8bb1f4d-87ce-11f1-97f7-98fa9b8df5e7\logs\watcher_stdout.log
[INIT] 600481 双良节能 持仓对账: 2500股 可用2500 成本4.30
[INIT] 603667 五洲新春 持仓对账: 400股 可用400 成本52.00
[init] 大盘日线已缓存: 900 行, 2022-11-24 ~ 2026-08-11
[init] WP-E2/E3 预算表: equity=183623 reserve=20% 每股预算=36725(按4槽分解) max_pos_shares=000988:300 600481:8300 600176:800 603667:600 300054:400 300364:1400 002639:2900 300153:1600 300456:1100 002202:1800 002536:900 002176:3900 600584:400 002261:1300 600089:1700 002451:4900
[init] 事件桥: C:\Users\Lenovo\.goldminer3\projects\e8bb1f4d-87ce-11f1-97f7-98fa9b8df5e7\runtime\bridge
[init] 策略初始化完成: 16 只标的
[ir] 2026-08-12 regime=range score=6.6
[D6] amount/volume=103.69 close=104.05 → VWAP单位比=0.9965
[09:31:00] BASE 000988 华工科技 TREND_BREAKDOWN→延迟建仓
[09:31:00] BASE 002202 跳过: MIRROR_HOLDINGS 中无此标的或 qty<100
[09:31:00] BASE 002176 跳过: MIRROR_HOLDINGS 中无此标的或 qty<100
[09:31:00] BASE 002261 跳过: MIRROR_HOLDINGS 中无此标的或 qty<100
[09:31:00] BASE 002451 跳过: MIRROR_HOLDINGS 中无此标的或 qty<100
[09:31:00] BASE 002536 跳过: MIRROR_HOLDINGS 中无此标的或 qty<100
[09:31:00] BASE 002639 跳过: MIRROR_HOLDINGS 中无此标的或 qty<100
[09:31:00] BASE 600089 跳过: MIRROR_HOLDINGS 中无此标的或 qty<100
[09:31:01] BASE 603667 五洲新春 G4支撑闸→仅观察 G4: 未回踩支撑带 cp=56.21 daily_ma10=53.52 daily_ma20=53.69 daily_ma60=64.38 daily_boll_lower=48.08
[09:31:01] BASE 300054 跳过: MIRROR_HOLDINGS 中无此标的或 qty<100
[09:31:01] BASE 300153 跳过: MIRROR_HOLDINGS 中无此标的或 qty<100
[09:31:01] BASE 600584 跳过: MIRROR_HOLDINGS 中无此标的或 qty<100
[09:31:01] BASE 600176 中国巨石 G4支撑闸→仅观察 G4: 未回踩支撑带 cp=42.95 daily_ma10=39.35 daily_ma20=40.68 daily_ma60=47.20 daily_boll_lower=31.87
[09:31:01] BASE 300364 跳过: MIRROR_HOLDINGS 中无此标的或 qty<100
[09:31:01] BASE 300456 跳过: MIRROR_HOLDINGS 中无此标的或 qty<100
[14:51:02] TAIL 600481 尾盘归位 1100股 (pos=2500→1400 target=1400)
