
===== strategy run start 2026-08-11T08:49:58 pid=26092 =====
[ops] 控制台日志已落盘: C:\Users\Lenovo\.goldminer3\projects\e8bb1f4d-87ce-11f1-97f7-98fa9b8df5e7\logs\strategy_20260811.log
[INIT] 600481 双良节能 持仓对账: 1400股 可用1400 成本4.11
[INIT] 603667 五洲新春 持仓对账: 700股 可用700 成本51.78
[init] 大盘日线已缓存: 900 行, 2022-11-23 ~ 2026-08-10
[init] WP-E2/E3 预算表: equity=194149 reserve=20% 每股预算=38830(按4槽分解) max_pos_shares=000988:300 600481:8800 600176:800 603667:700 300054:400 300364:1500 002639:3000 300153:1700 300456:1200 002202:1700 002536:900 002176:4100 600584:400 002261:1400 600089:1800 002451:5100
[init] 事件桥: C:\Users\Lenovo\.goldminer3\projects\e8bb1f4d-87ce-11f1-97f7-98fa9b8df5e7\runtime\bridge
[init] 策略初始化完成: 16 只标的
[ir] 2026-08-11 regime=range score=6.6
[D6] amount/volume=103.76 close=104.05 → VWAP单位比=0.9972
[09:30:59] BASE 000988 华工科技 TREND_BREAKDOWN→延迟建仓
[09:31:00] BASE 603667 五洲新春 下单 100股@53.60
[09:31:00] BASE 002202 跳过: MIRROR_HOLDINGS 中无此标的或 qty<100
[09:31:00] BASE 002261 跳过: MIRROR_HOLDINGS 中无此标的或 qty<100
[09:31:00] BASE 002176 跳过: MIRROR_HOLDINGS 中无此标的或 qty<100
[09:31:00] BASE 002639 跳过: MIRROR_HOLDINGS 中无此标的或 qty<100
[09:31:00] BASE 002451 跳过: MIRROR_HOLDINGS 中无此标的或 qty<100
[09:31:00] BASE 002536 跳过: MIRROR_HOLDINGS 中无此标的或 qty<100
[09:31:00] BASE 300364 跳过: MIRROR_HOLDINGS 中无此标的或 qty<100
[09:31:00] BASE 300054 跳过: MIRROR_HOLDINGS 中无此标的或 qty<100
[BASE] 603667 底仓成交 100股@53.51
[09:31:00] BASE 300153 跳过: MIRROR_HOLDINGS 中无此标的或 qty<100
[09:31:00] BASE 300456 跳过: MIRROR_HOLDINGS 中无此标的或 qty<100
[09:31:00] BASE 600176 中国巨石 G4支撑闸→仅观察 G4: 未回踩支撑带 cp=43.01 daily_ma10=38.84 daily_ma20=41.27 daily_ma60=47.05 daily_boll_lower=30.52
[09:31:00] BASE 600584 跳过: MIRROR_HOLDINGS 中无此标的或 qty<100
[09:31:00] BASE 600089 跳过: MIRROR_HOLDINGS 中无此标的或 qty<100
[09:37:00] BASE 600176 中国巨石 G4支撑闸→仅观察 G4: 未缩量 v3/v20=1.27≥0.95 支撑=['daily_ma20'] RSI=50.4
[09:47:00] BASE 600176 中国巨石 G4支撑闸→仅观察 G4: 未回踩支撑带 cp=42.46 daily_ma10=38.84 daily_ma20=41.27 daily_ma60=47.05 daily_boll_lower=30.52
[09:49:00] BASE 600176 中国巨石 G4支撑闸→仅观察 G4: 未缩量 v3/v20=1.27≥0.95 支撑=['daily_ma20'] RSI=50.4
[09:50:01] BASE 600176 中国巨石 G4支撑闸→仅观察 G4: 未回踩支撑带 cp=42.35 daily_ma10=38.84 daily_ma20=41.27 daily_ma60=47.05 daily_boll_lower=30.52
[09:54:00] BASE 600176 中国巨石 G4支撑闸→仅观察 G4: 未缩量 v3/v20=1.27≥0.95 支撑=['daily_ma20'] RSI=50.4
[09:57:01] BASE 600176 中国巨石 G4支撑闸→仅观察 G4: 未回踩支撑带 cp=42.52 daily_ma10=38.84 daily_ma20=41.27 daily_ma60=47.05 daily_boll_lower=30.52
[10:01:00] BASE 600176 中国巨石 G4支撑闸→仅观察 G4: 未缩量 v3/v20=1.27≥0.95 支撑=['daily_ma20'] RSI=50.4
[10:11:00] SELL 600481 200@4.39 score=65 regime=range
[10:12:00] BASE 600176 中国巨石 G4支撑闸→仅观察 G4: 未回踩支撑带 cp=42.37 daily_ma10=38.84 daily_ma20=41.27 daily_ma60=47.05 daily_boll_lower=30.52
[10:19:00] BUY 600481 2500@4.39 score=60 regime=range
[10:30:59] SELL 603667 200@55.95 score=71 regime=range
[13:58:59] SELL 603667 200@57.29 score=75 regime=range
[14:50:00] TAIL 600481 尾盘归位 1200股 (pos=3700→2500 target=1400)
