09:07:00 [INFO] 🖥 GUI 看板: 已启动 (pid=43044)，盯盘结束将自动关闭；如需禁用加 --no-gui
09:07:00 [INFO] 🔄 VIRTUAL_TRADES 日期 2026-08-14 != 今日 2026-08-17，自动重置
09:07:00 [INFO] 🔄 VIRTUAL_TRADES: 无历史记录，全新开始
09:07:00 [INFO] 📡 缺失E:\superTrader\t_io\logs: 2026-08-16热度记录，启动后台补算...
09:07:07 [INFO] 📊 韭研打分池: 1382 行 / 1227 只标的，获取 2026-08-14 行情...
09:07:11 [INFO] 严重顶背离飞书推送: 600481
09:07:42 [INFO] ✅ 当日T策略卡已推送: 正T
09:08:44 [INFO] 💾 热度落盘: E:\superTrader\t_io\logs\sentiment_daily.jsonl + E:\superTrader\t_io\logs\sentiment_daily.csv
09:08:44 [INFO] ✅ 热度补算完成: 2026-08-16 横盘震荡 z_S=2.018 z_top3=-0.915
09:08:54 [INFO] 竞价额Top20：涨0/跌0
评分=50分 → 观察
09:08:54 [INFO] ========= 做T终极护城河防御版 (V1.26 正T/反T模式切换版) 启动 =========
09:08:54 [INFO] 飞书推送: ✓ 已启用
09:08:54 [INFO] 飞书关键词: 做T猎手预警
09:08:54 [INFO] 飞书Webhook: https://open.feishu.cn/open-apis/bot/v2/hook/e8018470-e...
09:08:54 [INFO] 🖥 报警音由 GUI 看板接管（Web Audio），无需 system_alert 模块
09:08:54 [INFO] ✅ 启动自检飞书消息已成功送达
09:08:54 [INFO] ⏱ 采用顺序轮询模式：每轮扫描结束后再等待 15 秒（V1.8 确认型收敛）
09:08:54 [INFO] ⏸ 非交易时段，进入低频保活
09:18:54 [INFO] ⏸ 非交易时段，进入低频保活
09:20:54 [INFO] 竞价额Top20：涨0/跌0
评分=50分 → 观察
09:20:55 [INFO] ✅ 竞价监控已推送飞书
09:20:55 [INFO] 📡 盘前集合竞价监控已刷新
09:20:55 [INFO] 📸 竞价采集已触发: slot=09:20 (pid=20120) → t_io/preopen/auction_2026-08-17.json
09:21:51 [INFO] 竞价额Top20：涨0/跌0
评分=50分 → 观察
09:22:51 [INFO] 竞价额Top20：涨0/跌0
评分=50分 → 观察
09:22:51 [INFO] 📸 竞价采集已触发: slot=09:22 (pid=77568) → t_io/preopen/auction_2026-08-17.json
09:23:49 [INFO] 竞价额Top20：涨0/跌0
评分=50分 → 观察
09:23:50 [INFO] ✅ 竞价监控已推送飞书
09:23:50 [INFO] 📡 盘前集合竞价监控已刷新
09:24:47 [INFO] 竞价额Top20：涨0/跌0
评分=50分 → 观察
09:25:03 [INFO] ✅ 支撑/压力位已推送飞书
09:25:03 [INFO] 📊 支撑/压力位推送完成 (7 只)
09:25:04 [INFO] 严重顶背离飞书推送: 000988
09:25:04 [INFO] 严重顶背离飞书推送: 000988_B
09:26:03 [WARNING] ⚠️ 竞价采集断档: 2026-08-17 缺 slot ['09:20', '09:22']（主程序晚于窗口启动或采集失败）；盘后可用 auction_collector.py --backfill 回填 09:25 口径
09:26:03 [INFO] ✅ 早盘大盘基调已推送: 横盘震荡 S=5.03 (mode=morning)
09:30:03 [INFO] 🫀 扫描心跳 第1轮开始
09:30:41 [INFO] 破5/10日线提醒飞书推送成功: 2 只
09:30:41 [INFO] ⚠️ 破5/10日线报警: 002176 江特电机 现价9.35 MA5=9.374 MA10=9.356
09:30:41 [INFO] ⚠️ 破5/10日线报警: 688008 澜起科技 现价210.97 MA5=211.046 MA10=210.128
09:31:55 [INFO] 竞价额Top20：涨17/跌3
评分=85分 → 进攻
09:31:55 [INFO] ✅ 早盘竞价分析已推送飞书
09:32:03 [INFO] ✅ 买入熔断明示已推送（uni_down）
09:32:16 [INFO] 
📊 护城河防御面板 第1轮
──────────────────────────────────────────────────────────────────────
标的                    现价  均价(VWAP)      振幅       多买/空卖评分  状态
科创半导体ETF华夏(588170)    1.02      1.02    0.4%         多0/空0  无波待涨    
中国巨石(600176)       45.67     45.07    2.5%         多0/空0  无信号     
双良节能(600481)        4.34      4.34    0.7%         多0/空0  无波待涨    
五洲新春(603667)       55.18     55.46    0.9%         多0/空0  无波待涨    
华工科技(000988)      111.40    110.94    1.2%         多0/空0  无波待涨    
华工科技(000988_B)    111.40    110.94    1.2%         多0/空0  无波待涨    
雪人集团(002639)       12.06     12.15    1.2%         多0/空0  无波待涨    
09:32:31 [INFO] 🫀 扫描心跳 第2轮开始
09:32:58 [INFO] 🫀 扫描心跳 第3轮开始
09:33:42 [INFO] 🫀 扫描心跳 第4轮开始
09:34:09 [INFO] 🫀 扫描心跳 第5轮开始
09:34:51 [INFO] 
📊 护城河防御面板 第5轮
──────────────────────────────────────────────────────────────────────
标的                    现价  均价(VWAP)      振幅       多买/空卖评分  状态
科创半导体ETF华夏(588170)    1.02      1.02    0.4%         多0/空0  无波待涨    
中国巨石(600176)       45.67     45.07    2.5%         多0/空0  无信号     
双良节能(600481)        4.34      4.34    0.7%         多0/空0  无波待涨    
五洲新春(603667)       55.18     55.46    0.9%         多0/空0  无波待涨    
华工科技(000988)      111.40    110.94    1.2%         多0/空0  无波待涨    
华工科技(000988_B)    111.40    110.94    1.2%         多0/空0  无波待涨    
雪人集团(002639)       12.06     12.15    1.2%         多0/空0  无波待涨    
09:35:06 [INFO] 🫀 扫描心跳 第6轮开始
09:35:23 [INFO] 破5/10日线提醒飞书推送成功: 2 只
09:35:23 [INFO] ⚠️ 破5/10日线报警: 002261 拓维信息 现价26.25 MA5=26.286 MA10=26.722
09:35:23 [INFO] ⚠️ 破5/10日线报警: 002451 摩恩电气 现价7.33 MA5=7.422 MA10=7.38
09:35:59 [INFO] 🫀 扫描心跳 第7轮开始
09:36:29 [INFO] 🫀 扫描心跳 第8轮开始
09:37:03 [INFO] 🫀 扫描心跳 第9轮开始
09:37:17 [INFO] 
📊 护城河防御面板 第9轮
──────────────────────────────────────────────────────────────────────
标的                    现价  均价(VWAP)      振幅       多买/空卖评分  状态
科创半导体ETF华夏(588170)    1.03      1.02    1.1%     多0.0/空0.0  无波待涨    
中国巨石(600176)       46.25     45.45    3.8%     多0.0/空0.0  无信号     
双良节能(600481)        4.35      4.35    0.9%     多0.0/空0.0  无波待涨    
五洲新春(603667)       55.29     55.34    1.1%     多0.0/空0.0  无波待涨    
华工科技(000988)      112.35    111.29    2.0%     多0.0/空0.0  无信号     
华工科技(000988_B)    112.35    111.29    2.0%     多0.0/空0.0  底仓      
雪人集团(002639)       12.06     12.13    1.2%     多0.0/空0.0  无波待涨    
09:37:32 [INFO] 🫀 扫描心跳 第10轮开始
09:38:08 [INFO] 🫀 扫描心跳 第11轮开始
09:38:36 [INFO] 🫀 扫描心跳 第12轮开始
09:39:42 [INFO] 🫀 扫描心跳 第13轮开始
09:40:11 [INFO] 
📊 护城河防御面板 第13轮
──────────────────────────────────────────────────────────────────────
标的                    现价  均价(VWAP)      振幅       多买/空卖评分  状态
科创半导体ETF华夏(588170)    1.03      1.02    1.6%     多0.0/空0.0  无信号     
中国巨石(600176)       45.99     45.70    4.3%     多0.0/空0.0  无信号     
双良节能(600481)        4.35      4.35    1.2%     多0.0/空0.0  无波待涨    
五洲新春(603667)       55.13     55.31    1.1%     多0.0/空0.0  无波待涨    
华工科技(000988)      111.20    111.48    1.9%     多0.0/空0.0  无信号     
华工科技(000988_B)    111.22    111.48    1.9%     多0.0/空0.0  底仓      
雪人集团(002639)       12.01     12.12    1.7%     多0.0/空0.0  底仓      
09:40:26 [INFO] 🫀 扫描心跳 第14轮开始
09:40:59 [INFO] 🫀 扫描心跳 第15轮开始
09:41:34 [INFO] 🫀 扫描心跳 第16轮开始
09:42:03 [INFO] 🫀 扫描心跳 第17轮开始
09:42:53 [INFO] 
📊 护城河防御面板 第17轮
──────────────────────────────────────────────────────────────────────
标的                    现价  均价(VWAP)      振幅       多买/空卖评分  状态
科创半导体ETF华夏(588170)    1.03      1.02    1.8%     多0.0/空0.0  无信号     
中国巨石(600176)       47.00     45.80    5.5%     多0.0/空0.0  无信号     
双良节能(600481)        4.35      4.35    1.2%     多0.0/空0.0  无波待涨    
五洲新春(603667)       55.15     55.27    1.3%     多0.0/空0.0  无波待涨    
华工科技(000988)      112.35    111.55    2.0%     多0.0/空0.0  无信号     
华工科技(000988_B)    112.36    111.55    2.0%     多0.0/空0.0  底仓      
雪人集团(002639)       12.08     12.10    1.7%     多0.0/空0.0  底仓      
09:43:08 [INFO] 🫀 扫描心跳 第18轮开始
09:43:54 [INFO] 🫀 扫描心跳 第19轮开始
09:44:22 [INFO] 🫀 扫描心跳 第20轮开始
09:45:01 [INFO] 🫀 扫描心跳 第21轮开始
09:45:14 [INFO] 
📊 护城河防御面板 第21轮
──────────────────────────────────────────────────────────────────────
标的                    现价  均价(VWAP)      振幅       多买/空卖评分  状态
科创半导体ETF华夏(588170)    1.03      1.02    1.8%     多0.0/空0.0  无信号     
中国巨石(600176)       47.00     45.80    5.5%     多0.0/空0.0  无信号     
双良节能(600481)        4.35      4.35    1.2%     多0.0/空0.0  无波待涨    
五洲新春(603667)       55.15     55.27    1.3%     多0.0/空0.0  无波待涨    
华工科技(000988)      112.35    111.55    2.0%     多0.0/空0.0  无信号     
华工科技(000988_B)    112.36    111.55    2.0%     多0.0/空0.0  底仓      
雪人集团(002639)       12.08     12.10    1.7%     多0.0/空0.0  底仓      
09:45:29 [INFO] 🫀 扫描心跳 第22轮开始
09:46:26 [INFO] 🫀 扫描心跳 第23轮开始
09:47:14 [INFO] 🫀 扫描心跳 第24轮开始
09:47:42 [INFO] 🫀 扫描心跳 第25轮开始
09:48:03 [INFO] 
📊 护城河防御面板 第25轮
──────────────────────────────────────────────────────────────────────
标的                    现价  均价(VWAP)      振幅       多买/空卖评分  状态
科创半导体ETF华夏(588170)    1.03      1.02    1.8%     多0.0/空0.0  无信号     
中国巨石(600176)       46.87     45.89    5.2%     多0.0/空0.0  无信号     
双良节能(600481)        4.38      4.35    1.2%     多0.0/空0.0  无波待涨    
五洲新春(603667)       55.11     55.25    1.3%     多0.0/空0.0  无波待涨    
华工科技(000988)      111.94    111.61    2.0%     多0.0/空0.0  无信号     
华工科技(000988_B)    111.94    111.61    2.0%     多0.0/空0.0  底仓      
雪人集团(002639)       12.18     12.10    1.7%     多0.0/空0.0  底仓      
09:48:18 [INFO] 🫀 扫描心跳 第26轮开始
09:48:48 [INFO] 🫀 扫描心跳 第27轮开始
09:49:28 [INFO] 🫀 扫描心跳 第28轮开始
09:49:56 [INFO] 🫀 扫描心跳 第29轮开始
09:50:33 [INFO] 
📊 护城河防御面板 第29轮
──────────────────────────────────────────────────────────────────────
标的                    现价  均价(VWAP)      振幅       多买/空卖评分  状态
科创半导体ETF华夏(588170)    1.05      1.03    2.9%     多0.0/空0.0  无信号     
中国巨石(600176)       46.66     45.96    5.2%     多0.0/空0.0  无信号     
双良节能(600481)        4.39      4.36    1.4%     多0.0/空0.0  无波待涨    
五洲新春(603667)       55.27     55.24    1.3%     多0.0/空0.0  无波待涨    
华工科技(000988)      112.09    111.64    2.0%     多0.0/空0.0  无信号     
华工科技(000988_B)    112.09    111.64    2.0%     多0.0/空0.0  底仓      
雪人集团(002639)       12.16     12.10    1.7%     多0.0/空0.0  底仓      
09:50:48 [INFO] 🫀 扫描心跳 第30轮开始
09:51:05 [INFO] 破5/10日线提醒飞书推送成功: 1 只
09:51:05 [INFO] ⚠️ 破5/10日线报警: 000506 招金黄金 现价17.45 MA5=18.118 MA10=17.558
09:51:31 [INFO] 🫀 扫描心跳 第31轮开始
09:51:59 [INFO] 🫀 扫描心跳 第32轮开始
09:52:37 [INFO] 🫀 扫描心跳 第33轮开始
09:52:51 [INFO] 
📊 护城河防御面板 第33轮
──────────────────────────────────────────────────────────────────────
标的                    现价  均价(VWAP)      振幅       多买/空卖评分  状态
科创半导体ETF华夏(588170)    1.04      1.03    2.9%     多0.0/空0.0  无信号     
中国巨石(600176)       46.06     46.02    5.2%     多0.0/空0.0  无信号     
双良节能(600481)        4.39      4.36    1.4%     多0.0/空0.0  无波待涨    
五洲新春(603667)       55.13     55.23    1.3%     多0.0/空0.0  无波待涨    
华工科技(000988)      111.01    111.66    2.0%     多0.0/空0.0  无信号     
华工科技(000988_B)    111.01    111.66    2.0%     多0.0/空0.0  底仓      
雪人集团(002639)       12.23     12.10    1.8%     多0.0/空0.0  底仓      
09:53:06 [INFO] 🫀 扫描心跳 第34轮开始
09:54:03 [INFO] 🫀 扫描心跳 第35轮开始
09:54:57 [INFO] 🫀 扫描心跳 第36轮开始
09:55:41 [INFO] 🫀 扫描心跳 第37轮开始
09:56:00 [INFO] 
📊 护城河防御面板 第37轮
──────────────────────────────────────────────────────────────────────
标的                    现价  均价(VWAP)      振幅       多买/空卖评分  状态
科创半导体ETF华夏(588170)    1.04      1.03    2.9%     多0.0/空0.0  无信号     
中国巨石(600176)       46.00     46.05    5.2%     多0.0/空0.0  无信号     
双良节能(600481)        4.37      4.36    1.6%     多0.0/空0.0  底仓      
五洲新春(603667)       54.91     55.22    1.4%     多0.0/空0.0  无波待涨    
华工科技(000988)      110.65    111.65    2.0%     多0.0/空0.0  无信号     
华工科技(000988_B)    110.65    111.65    2.0%     多0.0/空0.0  底仓      
雪人集团(002639)       12.20     12.11    1.9%     多0.0/空0.0  底仓      
09:56:15 [INFO] 🫀 扫描心跳 第38轮开始
09:57:27 [INFO] 🫀 扫描心跳 第39轮开始
09:58:16 [INFO] 🫀 扫描心跳 第40轮开始
09:58:52 [INFO] 🫀 扫描心跳 第41轮开始
09:59:06 [INFO] 
📊 护城河防御面板 第41轮
──────────────────────────────────────────────────────────────────────
标的                    现价  均价(VWAP)      振幅       多买/空卖评分  状态
科创半导体ETF华夏(588170)    1.03      1.03    2.9%     多0.0/空0.0  无信号     
中国巨石(600176)       45.84     46.07    5.2%     多0.0/空0.0  无信号     
双良节能(600481)        4.37      4.36    1.6%     多0.0/空0.0  底仓      
五洲新春(603667)       54.91     55.21    1.5%     多0.0/空0.0  无波待涨    
华工科技(000988)      109.70    111.62    2.4%     多0.0/空0.0  无信号     
华工科技(000988_B)    109.81    111.62    2.4%     多0.0/空0.0  底仓      
雪人集团(002639)       12.18     12.11    1.9%     多0.0/空0.0  底仓      
09:59:21 [INFO] 🫀 扫描心跳 第42轮开始
10:00:32 [INFO] 🫀 扫描心跳 第43轮开始
10:01:25 [INFO] 🫀 扫描心跳 第44轮开始
10:02:05 [INFO] 🫀 扫描心跳 第45轮开始
10:02:20 [INFO] 
📊 护城河防御面板 第45轮
──────────────────────────────────────────────────────────────────────
标的                    现价  均价(VWAP)      振幅       多买/空卖评分  状态
科创半导体ETF华夏(588170)    1.03      1.03    2.9%     多0.0/空0.0  无信号     
中国巨石(600176)       45.59     46.09    5.2%     多0.0/空0.0  无信号     
双良节能(600481)        4.37      4.36    1.6%     多0.0/空0.0  底仓      
五洲新春(603667)       54.83     55.20    1.6%     多0.0/空0.0  底仓      
华工科技(000988)      109.34    111.57    2.7%     多0.0/空0.0  无信号     
华工科技(000988_B)    109.34    111.57    2.7%     多0.0/空0.0  底仓      
雪人集团(002639)       12.21     12.11    1.9%     多0.0/空0.0  底仓      
10:02:35 [INFO] 🫀 扫描心跳 第46轮开始
10:03:11 [INFO] 🫀 扫描心跳 第47轮开始
10:03:39 [INFO] 🫀 扫描心跳 第48轮开始
10:04:15 [INFO] 🫀 扫描心跳 第49轮开始
10:04:29 [INFO] 
📊 护城河防御面板 第49轮
──────────────────────────────────────────────────────────────────────
标的                    现价  均价(VWAP)      振幅       多买/空卖评分  状态
科创半导体ETF华夏(588170)    1.03      1.03    2.9%     多0.0/空0.0  无信号     
中国巨石(600176)       45.59     46.09    5.2%     多0.0/空0.0  无信号     
双良节能(600481)        4.37      4.36    1.6%     多0.0/空0.0  底仓      
五洲新春(603667)       54.83     55.20    1.6%     多0.0/空0.0  底仓      
华工科技(000988)      109.34    111.57    2.7%     多0.0/空0.0  无信号     
华工科技(000988_B)    109.34    111.57    2.7%     多0.0/空0.0  底仓      
雪人集团(002639)       12.21     12.11    1.9%     多0.0/空0.0  底仓      
10:04:44 [INFO] 🫀 扫描心跳 第50轮开始
10:05:35 [INFO] 🫀 扫描心跳 第51轮开始
10:06:19 [INFO] 🫀 扫描心跳 第52轮开始
10:06:46 [INFO] 🫀 扫描心跳 第53轮开始
10:07:09 [INFO] 
📊 护城河防御面板 第53轮
──────────────────────────────────────────────────────────────────────
标的                    现价  均价(VWAP)      振幅       多买/空卖评分  状态
科创半导体ETF华夏(588170)    1.03      1.03    2.9%     多0.0/空0.0  无信号     
中国巨石(600176)       45.81     46.09    5.2%     多0.0/空0.0  无信号     
双良节能(600481)        4.36      4.36    1.6%     多0.0/空0.0  底仓      
五洲新春(603667)       54.98     55.19    1.5%     多0.0/空0.0  无波待涨    
华工科技(000988)      109.86    111.51    2.7%     多0.0/空0.0  无信号     
华工科技(000988_B)    109.96    111.51    2.7%     多0.0/空0.0  底仓      
雪人集团(002639)       12.23     12.12    1.9%     多0.0/空0.0  底仓      
10:07:24 [INFO] 🫀 扫描心跳 第54轮开始
10:07:52 [INFO] 🫀 扫描心跳 第55轮开始
10:08:52 [INFO] 🫀 扫描心跳 第56轮开始
10:09:50 [INFO] 🫀 扫描心跳 第57轮开始
10:10:19 [INFO] 
📊 护城河防御面板 第57轮
──────────────────────────────────────────────────────────────────────
标的                    现价  均价(VWAP)      振幅       多买/空卖评分  状态
科创半导体ETF华夏(588170)    1.04      1.03    2.9%     多0.0/空0.0  无信号     
中国巨石(600176)       45.84     46.10    5.2%     多0.0/空0.0  无信号     
双良节能(600481)        4.35      4.36    1.6%     多0.0/空0.0  底仓      
五洲新春(603667)       54.95     55.18    1.5%     多0.0/空0.0  无波待涨    
华工科技(000988)      110.60    111.45    2.7%     多0.0/空0.0  无信号     
华工科技(000988_B)    110.61    111.45    2.7%     多0.0/空0.0  底仓      
雪人集团(002639)       12.22     12.12    1.9%     多0.0/空0.0  底仓      
10:10:34 [INFO] 🫀 扫描心跳 第58轮开始
10:11:02 [INFO] 🫀 扫描心跳 第59轮开始
10:11:36 [INFO] 🫀 扫描心跳 第60轮开始
10:12:04 [INFO] 🫀 扫描心跳 第61轮开始
10:12:25 [INFO] 
📊 护城河防御面板 第61轮
──────────────────────────────────────────────────────────────────────
标的                    现价  均价(VWAP)      振幅       多买/空卖评分  状态
科创半导体ETF华夏(588170)    1.05      1.03    3.0%     多0.0/空0.0  无信号     
中国巨石(600176)       45.84     46.10    5.2%     多0.0/空0.0  无信号     
双良节能(600481)        4.36      4.36    1.6%     多0.0/空0.0  底仓      
五洲新春(603667)       54.95     55.18    1.5%     多0.0/空0.0  无波待涨    
华工科技(000988)      110.60    111.45    2.7%     多0.0/空0.0  无信号     
华工科技(000988_B)    110.61    111.45    2.7%     多0.0/空0.0  底仓      
雪人集团(002639)       12.19     12.12    1.9%     多0.0/空0.0  底仓      
10:12:40 [INFO] 🫀 扫描心跳 第62轮开始
10:13:09 [INFO] 🫀 扫描心跳 第63轮开始
10:13:44 [INFO] 🫀 扫描心跳 第64轮开始
10:14:19 [INFO] 🫀 扫描心跳 第65轮开始
10:14:46 [INFO] 
📊 护城河防御面板 第65轮
──────────────────────────────────────────────────────────────────────
标的                    现价  均价(VWAP)      振幅       多买/空卖评分  状态
科创半导体ETF华夏(588170)    1.05      1.03    3.0%     多0.0/空0.0  无信号     
中国巨石(600176)       45.65     46.10    5.2%     多0.0/空0.0  无信号     
双良节能(600481)        4.36      4.36    1.6%     多0.0/空0.0  底仓      
五洲新春(603667)       54.92     55.17    1.5%     多0.0/空0.0  底仓      
华工科技(000988)      110.76    111.41    2.7%     多0.0/空0.0  无信号     
华工科技(000988_B)    110.76    111.41    2.7%     多0.0/空0.0  底仓      
雪人集团(002639)       12.19     12.12    1.9%     多0.0/空0.0  底仓      
10:15:01 [INFO] 🫀 扫描心跳 第66轮开始
10:15:30 [INFO] 🫀 扫描心跳 第67轮开始
10:16:08 [INFO] 🫀 扫描心跳 第68轮开始
10:16:44 [INFO] 🫀 扫描心跳 第69轮开始
10:17:08 [INFO] 
📊 护城河防御面板 第69轮
──────────────────────────────────────────────────────────────────────
标的                    现价  均价(VWAP)      振幅       多买/空卖评分  状态
科创半导体ETF华夏(588170)    1.05      1.03    3.3%     多0.0/空0.0  无信号     
中国巨石(600176)       45.67     46.10    5.2%     多0.0/空0.0  无信号     
双良节能(600481)        4.37      4.36    1.6%     多0.0/空0.0  底仓      
五洲新春(603667)       54.88     55.16    1.5%     多0.0/空0.0  底仓      
华工科技(000988)      110.50    111.37    2.7%     多0.0/空0.0  无信号     
华工科技(000988_B)    110.46    111.37    2.7%     多0.0/空0.0  底仓      
雪人集团(002639)       12.21     12.12    1.9%     多0.0/空0.0  底仓      
10:17:23 [INFO] 🫀 扫描心跳 第70轮开始
10:17:57 [INFO] 🫀 扫描心跳 第71轮开始
10:18:33 [INFO] 🫀 扫描心跳 第72轮开始
10:19:02 [INFO] 🫀 扫描心跳 第73轮开始
10:19:24 [INFO] 
📊 护城河防御面板 第73轮
──────────────────────────────────────────────────────────────────────
标的                    现价  均价(VWAP)      振幅       多买/空卖评分  状态
科创半导体ETF华夏(588170)    1.05      1.03    3.6%     多0.0/空0.0  无信号     
中国巨石(600176)       45.67     46.10    5.2%     多0.0/空0.0  无信号     
双良节能(600481)        4.37      4.36    1.6%     多0.0/空0.0  底仓      
五洲新春(603667)       54.88     55.16    1.5%     多0.0/空0.0  底仓      
华工科技(000988)      110.50    111.37    2.7%     多0.0/空0.0  无信号     
华工科技(000988_B)    110.46    111.37    2.7%     多0.0/空0.0  底仓      
雪人集团(002639)       12.18     12.13    1.9%     多0.0/空0.0  底仓      
10:19:39 [INFO] 🫀 扫描心跳 第74轮开始
10:20:08 [INFO] 🫀 扫描心跳 第75轮开始
10:21:08 [INFO] 🫀 扫描心跳 第76轮开始
10:21:57 [INFO] 🫀 扫描心跳 第77轮开始
10:22:29 [INFO] 
📊 护城河防御面板 第77轮
──────────────────────────────────────────────────────────────────────
标的                    现价  均价(VWAP)      振幅       多买/空卖评分  状态
科创半导体ETF华夏(588170)    1.05      1.03    3.6%     多0.0/空0.0  无信号     
中国巨石(600176)       45.78     46.10    5.2%     多0.0/空0.0  无信号     
双良节能(600481)        4.37      4.36    1.6%     多0.0/空0.0  底仓      
五洲新春(603667)       54.90     55.16    1.6%     多0.0/空0.0  底仓      
华工科技(000988)      110.70    111.34    2.7%     多0.0/空0.0  无信号     
华工科技(000988_B)    110.69    111.34    2.7%     多0.0/空0.0  底仓      
雪人集团(002639)       12.17     12.13    1.9%     多0.0/空0.0  底仓      
10:22:44 [INFO] 🫀 扫描心跳 第78轮开始
10:23:17 [INFO] 🫀 扫描心跳 第79轮开始
10:23:53 [INFO] 🫀 扫描心跳 第80轮开始
10:24:22 [INFO] 🫀 扫描心跳 第81轮开始
10:24:42 [INFO] 
📊 护城河防御面板 第81轮
──────────────────────────────────────────────────────────────────────
标的                    现价  均价(VWAP)      振幅       多买/空卖评分  状态
科创半导体ETF华夏(588170)    1.05      1.03    3.6%     多0.0/空0.0  无信号     
中国巨石(600176)       45.88     46.10    5.2%     多0.0/空0.0  无信号     
双良节能(600481)        4.37      4.36    1.6%     多0.0/空0.0  底仓      
五洲新春(603667)       54.85     55.15    1.6%     多0.0/空0.0  底仓      
华工科技(000988)      110.99    111.31    2.7%     多0.0/空0.0  无信号     
华工科技(000988_B)    110.99    111.31    2.7%     多0.0/空0.0  底仓      
雪人集团(002639)       12.17     12.13    1.9%     多0.0/空0.0  底仓      
10:24:57 [INFO] 🫀 扫描心跳 第82轮开始
10:25:26 [INFO] 🫀 扫描心跳 第83轮开始
10:26:33 [INFO] 🫀 扫描心跳 第84轮开始
10:27:26 [INFO] 🫀 扫描心跳 第85轮开始
10:27:57 [INFO] 
📊 护城河防御面板 第85轮
──────────────────────────────────────────────────────────────────────
标的                    现价  均价(VWAP)      振幅       多买/空卖评分  状态
科创半导体ETF华夏(588170)    1.05      1.03    3.6%     多0.0/空0.0  无信号     
中国巨石(600176)       45.89     46.09    5.2%     多0.0/空0.0  无信号     
双良节能(600481)        4.36      4.36    1.6%     多0.0/空0.0  底仓      
五洲新春(603667)       54.72     55.14    1.8%     多0.0/空0.0  底仓      
华工科技(000988)      110.66    111.29    2.7%     多0.0/空0.0  无信号     
华工科技(000988_B)    110.66    111.29    2.7%     多0.0/空0.0  底仓      
雪人集团(002639)       12.16     12.13    1.9%     多0.0/空0.0  底仓      
10:28:12 [INFO] 🫀 扫描心跳 第86轮开始
10:28:45 [INFO] 🫀 扫描心跳 第87轮开始
10:29:22 [INFO] 🫀 扫描心跳 第88轮开始
10:29:52 [INFO] 🫀 扫描心跳 第89轮开始
10:30:11 [INFO] 
📊 护城河防御面板 第89轮
──────────────────────────────────────────────────────────────────────
标的                    现价  均价(VWAP)      振幅       多买/空卖评分  状态
科创半导体ETF华夏(588170)    1.05      1.03    3.6%     多0.0/空0.0  无信号     
中国巨石(600176)       45.66     46.09    5.2%     多0.0/空0.0  无信号     
双良节能(600481)        4.35      4.36    1.6%     多0.0/空0.0  底仓      
五洲新春(603667)       54.55     55.13    2.1%     多0.0/空0.0  底仓      
华工科技(000988)      110.53    111.27    2.7%     多0.0/空0.0  无信号     
华工科技(000988_B)    110.53    111.27    2.7%     多0.0/空0.0  底仓      
雪人集团(002639)       12.15     12.13    1.9%     多0.0/空0.0  底仓      
10:30:26 [INFO] 🫀 扫描心跳 第90轮开始
10:30:56 [INFO] 🫀 扫描心跳 第91轮开始
10:31:50 [INFO] 🫀 扫描心跳 第92轮开始
10:32:37 [INFO] 🫀 扫描心跳 第93轮开始
10:32:54 [INFO] 
📊 护城河防御面板 第93轮
──────────────────────────────────────────────────────────────────────
标的                    现价  均价(VWAP)      振幅       多买/空卖评分  状态
科创半导体ETF华夏(588170)    1.05      1.04    3.6%     多0.0/空0.0  无信号     
中国巨石(600176)       45.90     46.09    5.2%     多0.0/空0.0  无信号     
双良节能(600481)        4.35      4.36    1.6%     多0.0/空0.0  底仓      
五洲新春(603667)       54.81     55.12    2.1%     多0.0/空0.0  底仓      
华工科技(000988)      110.98    111.25    2.7%     多0.0/空0.0  无信号     
华工科技(000988_B)    110.98    111.25    2.7%     多0.0/空0.0  底仓      
雪人集团(002639)       12.15     12.13    1.9%     多0.0/空0.0  底仓      
10:33:09 [INFO] 🫀 扫描心跳 第94轮开始
10:33:44 [INFO] 🫀 扫描心跳 第95轮开始
10:34:16 [INFO] 🫀 扫描心跳 第96轮开始
10:34:54 [INFO] 🫀 扫描心跳 第97轮开始
10:35:09 [INFO] 
📊 护城河防御面板 第97轮
──────────────────────────────────────────────────────────────────────
标的                    现价  均价(VWAP)      振幅       多买/空卖评分  状态
科创半导体ETF华夏(588170)    1.05      1.04    3.7%     多0.0/空0.0  无信号     
中国巨石(600176)       45.90     46.09    5.2%     多0.0/空0.0  无信号     
双良节能(600481)        4.35      4.36    1.6%     多0.0/空0.0  底仓      
五洲新春(603667)       54.81     55.12    2.1%     多0.0/空0.0  底仓      
华工科技(000988)      110.98    111.25    2.7%     多0.0/空0.0  无信号     
华工科技(000988_B)    110.98    111.25    2.7%     多0.0/空0.0  底仓      
雪人集团(002639)       12.13     12.13    1.9%     多0.0/空0.0  底仓      
10:35:24 [INFO] 🫀 扫描心跳 第98轮开始
10:36:15 [INFO] 🫀 扫描心跳 第99轮开始
10:36:50 [INFO] 🫀 扫描心跳 第100轮开始
10:37:19 [INFO] 🫀 扫描心跳 第101轮开始
10:37:41 [INFO] 
📊 护城河防御面板 第101轮
──────────────────────────────────────────────────────────────────────
标的                    现价  均价(VWAP)      振幅       多买/空卖评分  状态
科创半导体ETF华夏(588170)    1.05      1.04    3.7%     多0.0/空0.0  无信号     
中国巨石(600176)       46.02     46.09    5.2%     多0.0/空0.0  无信号     
双良节能(600481)        4.35      4.36    1.6%     多0.0/空0.0  底仓      
五洲新春(603667)       54.91     55.12    2.1%     多0.0/空0.0  底仓      
华工科技(000988)      111.47    111.24    2.7%     多0.0/空0.0  无信号     
华工科技(000988_B)    111.55    111.24    2.7%     多0.0/空0.0  底仓      
雪人集团(002639)       12.17     12.13    1.9%     多0.0/空0.0  底仓      
10:37:56 [INFO] 🫀 扫描心跳 第102轮开始
10:38:27 [INFO] 🫀 扫描心跳 第103轮开始
10:39:05 [INFO] 🫀 扫描心跳 第104轮开始
10:39:39 [INFO] 🫀 扫描心跳 第105轮开始
10:40:41 [INFO] 
📊 护城河防御面板 第105轮
──────────────────────────────────────────────────────────────────────
标的                    现价  均价(VWAP)      振幅       多买/空卖评分  状态
科创半导体ETF华夏(588170)    1.05      1.04    3.8%     多0.0/空0.0  无信号     
中国巨石(600176)       46.27     46.09    5.2%     多0.0/空0.0  无信号     
双良节能(600481)        4.37      4.37    1.6%     多0.0/空0.0  底仓      
五洲新春(603667)       55.05     55.10    2.1%     多0.0/空0.0  底仓      
华工科技(000988)      111.87    111.23    2.7%     多0.0/空0.0  无信号     
华工科技(000988_B)    111.87    111.23    2.7%     多0.0/空0.0  底仓      
雪人集团(002639)       12.17     12.13    1.9%     多0.0/空0.0  底仓      
10:40:56 [INFO] 🫀 扫描心跳 第106轮开始
10:41:38 [INFO] 🫀 扫描心跳 第107轮开始
10:42:09 [INFO] 🫀 扫描心跳 第108轮开始
10:42:46 [INFO] 🫀 扫描心跳 第109轮开始
10:43:02 [INFO] 
📊 护城河防御面板 第109轮
──────────────────────────────────────────────────────────────────────
标的                    现价  均价(VWAP)      振幅       多买/空卖评分  状态
科创半导体ETF华夏(588170)    1.05      1.04    3.8%     多0.0/空0.0  无信号     
中国巨石(600176)       46.11     46.09    5.2%     多0.0/空0.0  无信号     
双良节能(600481)        4.37      4.37    1.6%     多0.0/空0.0  底仓      
五洲新春(603667)       55.03     55.10    2.1%     多0.0/空0.0  底仓      
华工科技(000988)      111.50    111.22    2.7%     多0.0/空0.0  无信号     
华工科技(000988_B)    111.50    111.22    2.7%     多0.0/空0.0  底仓      
雪人集团(002639)       12.21     12.13    1.9%     多0.0/空0.0  底仓      
10:43:17 [INFO] 🫀 扫描心跳 第110轮开始
10:44:20 [INFO] 🫀 扫描心跳 第111轮开始
10:45:13 [INFO] 🫀 扫描心跳 第112轮开始
10:46:03 [INFO] 🫀 扫描心跳 第113轮开始
10:46:18 [INFO] 
📊 护城河防御面板 第113轮
──────────────────────────────────────────────────────────────────────
标的                    现价  均价(VWAP)      振幅       多买/空卖评分  状态
科创半导体ETF华夏(588170)    1.06      1.04    4.1%     多0.0/空0.0  无信号     
中国巨石(600176)       46.07     46.09    5.2%     多0.0/空0.0  无信号     
双良节能(600481)        4.37      4.37    1.6%     多0.0/空0.0  底仓      
五洲新春(603667)       55.02     55.09    2.1%     多0.0/空0.0  底仓      
华工科技(000988)      111.70    111.21    2.7%     多0.0/空0.0  无信号     
华工科技(000988_B)    111.64    111.21    2.7%     多0.0/空0.0  底仓      
雪人集团(002639)       12.22     12.14    1.9%     多0.0/空0.0  底仓      
10:46:33 [INFO] 🫀 扫描心跳 第114轮开始
10:47:11 [INFO] 🫀 扫描心跳 第115轮开始
10:47:41 [INFO] 🫀 扫描心跳 第116轮开始
10:48:19 [INFO] 🫀 扫描心跳 第117轮开始
10:48:32 [INFO] 
📊 护城河防御面板 第117轮
──────────────────────────────────────────────────────────────────────
标的                    现价  均价(VWAP)      振幅       多买/空卖评分  状态
科创半导体ETF华夏(588170)    1.06      1.04    4.4%     多0.0/空0.0  无信号     
中国巨石(600176)       46.07     46.09    5.2%     多0.0/空0.0  无信号     
双良节能(600481)        4.36      4.37    1.6%     多0.0/空0.0  底仓      
五洲新春(603667)       55.02     55.09    2.1%     多0.0/空0.0  底仓      
华工科技(000988)      111.70    111.21    2.7%     多0.0/空0.0  无信号     
华工科技(000988_B)    111.64    111.21    2.7%     多0.0/空0.0  底仓      
雪人集团(002639)       12.22     12.14    1.9%     多0.0/空0.0  底仓      
10:48:47 [INFO] 🫀 扫描心跳 第118轮开始
10:49:55 [INFO] 🫀 扫描心跳 第119轮开始
10:50:47 [INFO] 🫀 扫描心跳 第120轮开始
10:51:25 [INFO] 🫀 扫描心跳 第121轮开始
10:51:40 [INFO] 
📊 护城河防御面板 第121轮
──────────────────────────────────────────────────────────────────────
标的                    现价  均价(VWAP)      振幅       多买/空卖评分  状态
科创半导体ETF华夏(588170)    1.06      1.04    4.6%     多0.0/空0.0  无信号     
中国巨石(600176)       46.23     46.09    5.2%     多0.0/空0.0  无信号     
双良节能(600481)        4.37      4.37    1.6%     多0.0/空0.0  底仓      
五洲新春(603667)       55.11     55.09    2.1%     多0.0/空0.0  底仓      
华工科技(000988)      111.49    111.20    2.7%     多0.0/空0.0  无信号     
华工科技(000988_B)    111.49    111.20    2.7%     多0.0/空0.0  底仓      
雪人集团(002639)       12.22     12.14    1.9%     多0.0/空0.0  底仓      
10:51:55 [INFO] 🫀 扫描心跳 第122轮开始
10:52:31 [INFO] 🫀 扫描心跳 第123轮开始
10:53:02 [INFO] 🫀 扫描心跳 第124轮开始
10:53:39 [INFO] 🫀 扫描心跳 第125轮开始
10:53:53 [INFO] 
📊 护城河防御面板 第125轮
──────────────────────────────────────────────────────────────────────
标的                    现价  均价(VWAP)      振幅       多买/空卖评分  状态
科创半导体ETF华夏(588170)    1.06      1.04    4.6%     多0.0/空0.0  无信号     
中国巨石(600176)       46.24     46.09    5.2%     多0.0/空0.0  无信号     
双良节能(600481)        4.37      4.37    1.6%     多0.0/空0.0  底仓      
五洲新春(603667)       55.28     55.08    2.1%     多0.0/空0.0  底仓      
华工科技(000988)      111.89    111.20    2.7%     多0.0/空0.0  无信号     
华工科技(000988_B)    111.90    111.20    2.7%     多0.0/空0.0  底仓      
雪人集团(002639)       12.22     12.14    1.9%     多0.0/空0.0  底仓      
10:54:08 [INFO] 🫀 扫描心跳 第126轮开始
10:54:44 [INFO] 🫀 扫描心跳 第127轮开始
10:55:14 [INFO] 🫀 扫描心跳 第128轮开始
10:56:13 [INFO] 🫀 扫描心跳 第129轮开始
10:56:46 [INFO] 
📊 护城河防御面板 第129轮
──────────────────────────────────────────────────────────────────────
标的                    现价  均价(VWAP)      振幅       多买/空卖评分  状态
科创半导体ETF华夏(588170)    1.07      1.04    5.2%     多0.0/空0.0  无信号     
中国巨石(600176)       46.01     46.09    5.2%     多0.0/空0.0  无信号     
双良节能(600481)        4.37      4.37    1.6%     多0.0/空0.0  底仓      
五洲新春(603667)       55.25     55.08    2.1%     多0.0/空0.0  底仓      
华工科技(000988)      112.00    111.20    2.7%     多0.0/空0.0  无信号     
华工科技(000988_B)    111.99    111.20    2.7%     多0.0/空0.0  底仓      
雪人集团(002639)       12.20     12.14    1.9%     多0.0/空0.0  底仓      
10:57:01 [INFO] 🫀 扫描心跳 第130轮开始
10:57:31 [INFO] 🫀 扫描心跳 第131轮开始
10:58:06 [INFO] 🫀 扫描心跳 第132轮开始
10:58:34 [INFO] 🫀 扫描心跳 第133轮开始
10:58:54 [INFO] 
📊 护城河防御面板 第133轮
──────────────────────────────────────────────────────────────────────
标的                    现价  均价(VWAP)      振幅       多买/空卖评分  状态
科创半导体ETF华夏(588170)    1.06      1.04    5.2%     多0.0/空0.0  无信号     
中国巨石(600176)       46.01     46.09    5.2%     多0.0/空0.0  无信号     
双良节能(600481)        4.37      4.37    1.6%     多0.0/空0.0  底仓      
五洲新春(603667)       55.25     55.08    2.1%     多0.0/空0.0  底仓      
华工科技(000988)      112.00    111.20    2.7%     多0.0/空0.0  无信号     
华工科技(000988_B)    111.99    111.20    2.7%     多0.0/空0.0  底仓      
雪人集团(002639)       12.21     12.14    1.9%     多0.0/空0.0  底仓      
10:59:09 [INFO] 🫀 扫描心跳 第134轮开始
10:59:39 [INFO] 🫀 扫描心跳 第135轮开始
11:00:14 [INFO] 🫀 扫描心跳 第136轮开始
11:00:47 [INFO] 🫀 扫描心跳 第137轮开始
11:01:20 [INFO] 
📊 护城河防御面板 第137轮
──────────────────────────────────────────────────────────────────────
标的                    现价  均价(VWAP)      振幅       多买/空卖评分  状态
科创半导体ETF华夏(588170)    1.07      1.04    5.2%     多0.0/空0.0  无信号     
中国巨石(600176)       46.30     46.09    5.2%     多0.0/空0.0  无信号     
双良节能(600481)        4.37      4.37    1.6%     多0.0/空0.0  底仓      
五洲新春(603667)       55.36     55.07    2.1%     多0.0/空0.0  底仓      
华工科技(000988)      112.33    111.20    3.0%     多0.0/空0.0  无信号     
华工科技(000988_B)    112.33    111.20    3.0%     多0.0/空0.0  底仓      
雪人集团(002639)       12.25     12.14    2.0%     多0.0/空0.0  底仓      
11:01:35 [INFO] 🫀 扫描心跳 第138轮开始
11:02:17 [INFO] 🫀 扫描心跳 第139轮开始
11:02:46 [INFO] 🫀 扫描心跳 第140轮开始
11:03:25 [INFO] 🫀 扫描心跳 第141轮开始
11:03:40 [INFO] 
📊 护城河防御面板 第141轮
──────────────────────────────────────────────────────────────────────
标的                    现价  均价(VWAP)      振幅       多买/空卖评分  状态
科创半导体ETF华夏(588170)    1.07      1.04    5.2%     多0.0/空0.0  无信号     
中国巨石(600176)       46.35     46.08    5.2%     多0.0/空0.0  无信号     
双良节能(600481)        4.38      4.37    1.6%     多0.0/空0.0  底仓      
五洲新春(603667)       55.45     55.07    2.1%     多0.0/空0.0  底仓      
华工科技(000988)      112.45    111.20    3.0%     多0.0/空0.0  无信号     
华工科技(000988_B)    112.45    111.20    3.0%     多0.0/空0.0  底仓      
雪人集团(002639)       12.25     12.14    2.0%     多0.0/空0.0  底仓      
11:03:55 [INFO] 🫀 扫描心跳 第142轮开始
11:04:32 [INFO] 🫀 扫描心跳 第143轮开始
11:05:01 [INFO] 🫀 扫描心跳 第144轮开始
11:05:37 [INFO] 🫀 扫描心跳 第145轮开始
11:05:56 [INFO] 
📊 护城河防御面板 第145轮
──────────────────────────────────────────────────────────────────────
标的                    现价  均价(VWAP)      振幅       多买/空卖评分  状态
科创半导体ETF华夏(588170)    1.06      1.04    5.2%     多0.0/空0.0  无信号     
中国巨石(600176)       46.47     46.09    5.2%     多0.0/空0.0  无信号     
双良节能(600481)        4.36      4.37    1.6%     多0.0/空0.0  底仓      
五洲新春(603667)       55.55     55.07    2.1%     多0.0/空0.0  底仓      
华工科技(000988)      112.23    111.21    3.0%     多0.0/空0.0  无信号     
华工科技(000988_B)    112.23    111.21    3.0%     多0.0/空0.0  底仓      
雪人集团(002639)       12.25     12.14    2.0%     多0.0/空0.0  底仓      
11:06:11 [INFO] 🫀 扫描心跳 第146轮开始
11:07:04 [INFO] 🫀 扫描心跳 第147轮开始
11:07:56 [INFO] 🫀 扫描心跳 第148轮开始
11:08:25 [INFO] 🫀 扫描心跳 第149轮开始
11:08:49 [INFO] 
📊 护城河防御面板 第149轮
──────────────────────────────────────────────────────────────────────
标的                    现价  均价(VWAP)      振幅       多买/空卖评分  状态
科创半导体ETF华夏(588170)    1.06      1.04    5.2%     多0.0/空0.0  无信号     
中国巨石(600176)       46.47     46.09    5.2%     多0.0/空0.0  无信号     
双良节能(600481)        4.36      4.37    1.6%     多0.0/空0.0  底仓      
五洲新春(603667)       55.55     55.07    2.1%     多0.0/空0.0  底仓      
华工科技(000988)      112.23    111.21    3.0%     多0.0/空0.0  无信号     
华工科技(000988_B)    112.23    111.21    3.0%     多0.0/空0.0  底仓      
雪人集团(002639)       12.24     12.14    2.0%     多0.0/空0.0  底仓      
11:09:04 [INFO] 🫀 扫描心跳 第150轮开始
11:09:36 [INFO] 🫀 扫描心跳 第151轮开始
11:10:13 [INFO] 🫀 扫描心跳 第152轮开始
11:10:43 [INFO] 🫀 扫描心跳 第153轮开始
11:11:32 [INFO] 
📊 护城河防御面板 第153轮
──────────────────────────────────────────────────────────────────────
标的                    现价  均价(VWAP)      振幅       多买/空卖评分  状态
科创半导体ETF华夏(588170)    1.06      1.04    5.2%     多0.0/空0.0  无信号     
中国巨石(600176)       46.38     46.09    5.2%     多0.0/空0.0  无信号     
双良节能(600481)        4.36      4.37    1.6%     多0.0/空0.0  底仓      
五洲新春(603667)       55.66     55.07    2.1%     多0.0/空0.0  底仓      
华工科技(000988)      112.30    111.21    3.0%     多0.0/空0.0  无信号     
华工科技(000988_B)    112.30    111.21    3.0%     多0.0/空0.0  底仓      
雪人集团(002639)       12.24     12.14    2.0%     多0.0/空0.0  底仓      
11:11:47 [INFO] 🫀 扫描心跳 第154轮开始
11:12:37 [INFO] 🫀 扫描心跳 第155轮开始
11:13:17 [INFO] 🫀 扫描心跳 第156轮开始
11:13:47 [INFO] 🫀 扫描心跳 第157轮开始
11:14:11 [INFO] 
📊 护城河防御面板 第157轮
──────────────────────────────────────────────────────────────────────
标的                    现价  均价(VWAP)      振幅       多买/空卖评分  状态
科创半导体ETF华夏(588170)    1.06      1.04    5.2%     多0.0/空0.0  无信号     
中国巨石(600176)       46.15     46.09    5.2%     多0.0/空0.0  无信号     
双良节能(600481)        4.37      4.37    1.6%     多0.0/空0.0  底仓      
五洲新春(603667)       55.49     55.07    2.1%     多0.0/空0.0  底仓      
华工科技(000988)      111.81    111.22    3.0%     多0.0/空0.0  无信号     
华工科技(000988_B)    111.81    111.22    3.0%     多0.0/空0.0  底仓      
雪人集团(002639)       12.24     12.14    2.0%     多0.0/空0.0  底仓      
11:14:26 [INFO] 🫀 扫描心跳 第158轮开始
11:14:57 [INFO] 🫀 扫描心跳 第159轮开始
11:15:33 [INFO] 🫀 扫描心跳 第160轮开始
11:16:04 [INFO] 🫀 扫描心跳 第161轮开始
11:16:30 [INFO] 
📊 护城河防御面板 第161轮
──────────────────────────────────────────────────────────────────────
标的                    现价  均价(VWAP)      振幅       多买/空卖评分  状态
科创半导体ETF华夏(588170)    1.06      1.04    5.2%     多0.0/空0.0  无信号     
中国巨石(600176)       45.99     46.09    5.2%     多0.0/空0.0  无信号     
双良节能(600481)        4.37      4.37    1.6%     多0.0/空0.0  底仓      
五洲新春(603667)       55.47     55.07    2.1%     多0.0/空0.0  底仓      
华工科技(000988)      111.85    111.22    3.0%     多0.0/空0.0  无信号     
华工科技(000988_B)    111.80    111.22    3.0%     多0.0/空0.0  底仓      
雪人集团(002639)       12.28     12.14    2.2%     多0.0/空0.0  底仓      
11:16:45 [INFO] 🫀 扫描心跳 第162轮开始
11:17:14 [INFO] 🫀 扫描心跳 第163轮开始
11:18:14 [INFO] 🫀 扫描心跳 第164轮开始
11:19:14 [INFO] 🫀 扫描心跳 第165轮开始
11:19:55 [INFO] 
📊 护城河防御面板 第165轮
──────────────────────────────────────────────────────────────────────
标的                    现价  均价(VWAP)      振幅       多买/空卖评分  状态
科创半导体ETF华夏(588170)    1.06      1.04    5.2%     多0.0/空0.0  无信号     
中国巨石(600176)       46.27     46.09    5.2%     多0.0/空0.0  无信号     
双良节能(600481)        4.36      4.37    1.6%     多0.0/空0.0  底仓      
五洲新春(603667)       55.45     55.08    2.1%     多0.0/空0.0  底仓      
华工科技(000988)      112.30    111.23    3.0%     多0.0/空0.0  无信号     
华工科技(000988_B)    112.30    111.23    3.0%     多0.0/空0.0  底仓      
雪人集团(002639)       12.28     12.14    2.3%     多0.0/空0.0  底仓      
11:20:10 [INFO] 🫀 扫描心跳 第166轮开始
11:21:03 [INFO] 🫀 扫描心跳 第167轮开始
11:21:32 [INFO] 🫀 扫描心跳 第168轮开始
11:22:11 [INFO] 🫀 扫描心跳 第169轮开始
11:22:27 [INFO] 
📊 护城河防御面板 第169轮
──────────────────────────────────────────────────────────────────────
标的                    现价  均价(VWAP)      振幅       多买/空卖评分  状态
科创半导体ETF华夏(588170)    1.06      1.04    5.2%     多0.0/空0.0  无信号     
中国巨石(600176)       46.14     46.09    5.2%     多0.0/空0.0  无信号     
双良节能(600481)        4.38      4.37    1.6%     多0.0/空0.0  底仓      
五洲新春(603667)       55.54     55.08    2.1%     多0.0/空0.0  底仓      
华工科技(000988)      111.98    111.24    3.0%     多0.0/空0.0  无信号     
华工科技(000988_B)    112.00    111.24    3.0%     多0.0/空0.0  底仓      
雪人集团(002639)       12.29     12.15    2.3%     多0.0/空0.0  底仓      
11:22:42 [INFO] 🫀 扫描心跳 第170轮开始
11:23:21 [INFO] 🫀 扫描心跳 第171轮开始
11:23:51 [INFO] 🫀 扫描心跳 第172轮开始
11:24:31 [INFO] 🫀 扫描心跳 第173轮开始
11:24:51 [INFO] 
📊 护城河防御面板 第173轮
──────────────────────────────────────────────────────────────────────
标的                    现价  均价(VWAP)      振幅       多买/空卖评分  状态
科创半导体ETF华夏(588170)    1.06      1.04    5.2%     多0.0/空0.0  无信号     
中国巨石(600176)       46.14     46.09    5.2%     多0.0/空0.0  无信号     
双良节能(600481)        4.38      4.37    1.6%     多0.0/空0.0  底仓      
五洲新春(603667)       55.54     55.08    2.1%     多0.0/空0.0  底仓      
华工科技(000988)      111.98    111.24    3.0%     多0.0/空0.0  无信号     
华工科技(000988_B)    112.00    111.24    3.0%     多0.0/空0.0  底仓      
雪人集团(002639)       12.29     12.15    2.3%     多0.0/空0.0  底仓      
11:25:06 [INFO] 🫀 扫描心跳 第174轮开始
11:25:53 [INFO] 🫀 扫描心跳 第175轮开始
11:26:22 [INFO] 🫀 扫描心跳 第176轮开始
11:27:00 [INFO] 🫀 扫描心跳 第177轮开始
11:27:21 [INFO] 
📊 护城河防御面板 第177轮
──────────────────────────────────────────────────────────────────────
标的                    现价  均价(VWAP)      振幅       多买/空卖评分  状态
科创半导体ETF华夏(588170)    1.07      1.04    5.2%     多0.0/空0.0  无信号     
中国巨石(600176)       46.18     46.09    5.2%     多0.0/空0.0  无信号     
双良节能(600481)        4.38      4.37    1.6%     多0.0/空0.0  底仓      
五洲新春(603667)       55.62     55.08    2.1%     多0.0/空0.0  底仓      
华工科技(000988)      112.15    111.24    3.0%     多0.0/空0.0  无信号     
华工科技(000988_B)    112.15    111.24    3.0%     多0.0/空0.0  底仓      
雪人集团(002639)       12.29     12.15    2.3%     多0.0/空0.0  底仓      
11:27:37 [INFO] 🫀 扫描心跳 第178轮开始
11:28:12 [INFO] 🫀 扫描心跳 第179轮开始
11:28:45 [INFO] 🫀 扫描心跳 第180轮开始
11:29:26 [INFO] 🫀 扫描心跳 第181轮开始
11:29:43 [INFO] 
📊 护城河防御面板 第181轮
──────────────────────────────────────────────────────────────────────
标的                    现价  均价(VWAP)      振幅       多买/空卖评分  状态
科创半导体ETF华夏(588170)    1.07      1.04    5.2%     多0.0/空0.0  无信号     
中国巨石(600176)       46.23     46.09    5.2%     多0.0/空0.0  无信号     
双良节能(600481)        4.37      4.37    1.6%     多0.0/空0.0  底仓      
五洲新春(603667)       55.87     55.08    2.4%     多0.0/空0.0  底仓      
华工科技(000988)      112.17    111.25    3.0%     多0.0/空0.0  无信号     
华工科技(000988_B)    112.18    111.25    3.0%     多0.0/空0.0  底仓      
雪人集团(002639)       12.30     12.15    2.4%     多0.0/空0.0  底仓      
11:29:58 [INFO] 🫀 扫描心跳 第182轮开始
11:30:50 [INFO] ⏸ 非交易时段，进入低频保活
11:40:50 [INFO] ⏸ 非交易时段，进入低频保活
11:50:50 [INFO] ⏸ 非交易时段，进入低频保活
12:00:50 [INFO] ⏸ 非交易时段，进入低频保活
12:10:50 [INFO] ⏸ 非交易时段，进入低频保活
12:20:50 [INFO] ⏸ 非交易时段，进入低频保活
12:30:50 [INFO] ⏸ 非交易时段，进入低频保活
12:40:51 [INFO] ⏸ 非交易时段，进入低频保活
12:50:51 [INFO] ⏸ 非交易时段，进入低频保活
13:00:06 [INFO] 🫀 扫描心跳 第183轮开始
13:00:54 [INFO] 🫀 扫描心跳 第184轮开始
13:01:23 [INFO] 🫀 扫描心跳 第185轮开始
13:01:44 [INFO] 
📊 护城河防御面板 第185轮
──────────────────────────────────────────────────────────────────────
标的                    现价  均价(VWAP)      振幅       多买/空卖评分  状态
科创半导体ETF华夏(588170)    1.06      1.04    5.2%     多0.0/空0.0  无信号     
中国巨石(600176)       46.23     46.09    5.2%     多0.0/空0.0  无信号     
双良节能(600481)        4.38      4.37    1.6%     多0.0/空0.0  底仓      
五洲新春(603667)       55.80     55.08    2.5%     多0.0/空0.0  底仓      
华工科技(000988)      112.29    111.25    3.0%     多0.0/空0.0  无信号     
华工科技(000988_B)    112.34    111.25    3.0%     多0.0/空0.0  底仓      
雪人集团(002639)       12.27     12.15    2.4%     多0.0/空0.0  底仓      
13:01:59 [INFO] 🫀 扫描心跳 第186轮开始
13:02:31 [INFO] 🫀 扫描心跳 第187轮开始
13:03:07 [INFO] 🫀 扫描心跳 第188轮开始
13:03:36 [INFO] 🫀 扫描心跳 第189轮开始
13:03:49 [INFO] 🎯 600481 市场状态: normal | 综合判断：正常状态
13:03:49 [INFO] 🛑 大盘熔断/仓控阻断 600481: defensive / defensive_t
13:03:51 [INFO] ✅ 飞书消息已成功送达: 双良节能(600481) SELL_HIGH - 加急通知已发送
13:03:51 [INFO] 📡 600481 SELL_HIGH两点触发(score=100)但仓控可交易量为0，已推送仅供参考(不记账)
13:04:00 [INFO] 
📊 护城河防御面板 第189轮
──────────────────────────────────────────────────────────────────────
标的                    现价  均价(VWAP)      振幅       多买/空卖评分  状态
科创半导体ETF华夏(588170)    1.06      1.04    5.2%     多0.0/空0.0  无信号     
中国巨石(600176)       46.20     46.09    5.2%     多0.0/空0.0  无信号     
双良节能(600481)        4.41      4.37    1.8%   多0.0/空100.0  底仓|SELL_HIGH
五洲新春(603667)       55.96     55.09    2.7%     多0.0/空0.0  底仓      
华工科技(000988)      112.60    111.26    3.0%     多0.0/空0.0  无信号     
华工科技(000988_B)    112.60    111.26    3.0%     多0.0/空0.0  底仓      
雪人集团(002639)       12.29     12.15    2.4%     多0.0/空0.0  底仓      
13:04:15 [INFO] 🫀 扫描心跳 第190轮开始
13:04:21 [INFO] 🎯 600481 市场状态: normal | 综合判断：正常状态
13:04:21 [INFO] 🛑 大盘熔断/仓控阻断 600481: defensive / defensive_t
13:04:21 [INFO] 📉 600481 卖出信号得分100分，低于10:00后阈值55分，静默处理（不推送飞书）
13:04:48 [INFO] 🫀 扫描心跳 第191轮开始
13:05:02 [INFO] 🎯 600481 市场状态: normal | 综合判断：正常状态
13:05:02 [INFO] 🛑 大盘熔断/仓控阻断 600481: defensive / defensive_t
13:05:02 [INFO] 📉 600481 卖出信号得分100分，低于10:00后阈值55分，静默处理（不推送飞书）
13:05:26 [INFO] 🫀 扫描心跳 第192轮开始
13:05:35 [INFO] 🎯 600481 市场状态: normal | 综合判断：正常状态
13:05:35 [INFO] 🛑 大盘熔断/仓控阻断 600481: defensive / defensive_t
13:05:36 [INFO] ✅ 飞书消息已成功送达: 双良节能(600481) SELL_HIGH - 加急通知已发送
13:05:36 [INFO] 📡 600481 SELL_HIGH两点触发(score=100)但仓控可交易量为0，已推送仅供参考(不记账)
13:06:02 [INFO] 🫀 扫描心跳 第193轮开始
13:06:15 [INFO] 🎯 600481 市场状态: normal | 综合判断：正常状态
13:06:15 [INFO] 🛑 大盘熔断/仓控阻断 600481: defensive / defensive_t
13:06:15 [INFO] 📉 600481 卖出信号得分100分，低于10:00后阈值55分，静默处理（不推送飞书）
13:06:23 [INFO] 
📊 护城河防御面板 第193轮
──────────────────────────────────────────────────────────────────────
标的                    现价  均价(VWAP)      振幅       多买/空卖评分  状态
科创半导体ETF华夏(588170)    1.06      1.04    5.2%     多0.0/空0.0  无信号     
中国巨石(600176)       46.20     46.09    5.2%     多0.0/空0.0  无信号     
双良节能(600481)        4.41      4.37    1.8%   多0.0/空100.0  底仓|SELL_HIGH
五洲新春(603667)       55.96     55.09    2.7%     多0.0/空0.0  底仓      
华工科技(000988)      112.60    111.26    3.0%     多0.0/空0.0  无信号     
华工科技(000988_B)    112.60    111.26    3.0%     多0.0/空0.0  底仓      
雪人集团(002639)       12.29     12.15    2.4%     多0.0/空0.0  底仓      
13:06:38 [INFO] 🫀 扫描心跳 第194轮开始
13:06:43 [INFO] 🎯 600481 市场状态: normal | 综合判断：正常状态
13:06:43 [INFO] 🛑 大盘熔断/仓控阻断 600481: defensive / defensive_t
13:06:43 [INFO] 📉 600481 卖出信号得分100分，低于10:00后阈值55分，静默处理（不推送飞书）
13:07:06 [INFO] 🫀 扫描心跳 第195轮开始
13:07:49 [INFO] 🫀 扫描心跳 第196轮开始
13:08:18 [INFO] 🫀 扫描心跳 第197轮开始
13:08:50 [INFO] 
📊 护城河防御面板 第197轮
──────────────────────────────────────────────────────────────────────
标的                    现价  均价(VWAP)      振幅       多买/空卖评分  状态
科创半导体ETF华夏(588170)    1.06      1.04    5.2%     多0.0/空0.0  无信号     
中国巨石(600176)       46.29     46.09    5.2%     多0.0/空0.0  无信号     
双良节能(600481)        4.40      4.37    1.8%     多0.0/空0.0  底仓      
五洲新春(603667)       56.07     55.10    2.8%     多0.0/空0.0  底仓      
华工科技(000988)      113.18    111.26    3.5%     多0.0/空0.0  无信号     
华工科技(000988_B)    113.19    111.26    3.5%     多0.0/空0.0  底仓      
雪人集团(002639)       12.29     12.15    2.4%     多0.0/空0.0  底仓      
13:09:05 [INFO] 🫀 扫描心跳 第198轮开始
13:09:34 [INFO] 🫀 扫描心跳 第199轮开始
13:10:22 [INFO] 🫀 扫描心跳 第200轮开始
13:11:08 [INFO] 🫀 扫描心跳 第201轮开始
13:11:31 [INFO] 
📊 护城河防御面板 第201轮
──────────────────────────────────────────────────────────────────────
标的                    现价  均价(VWAP)      振幅       多买/空卖评分  状态
科创半导体ETF华夏(588170)    1.07      1.04    5.2%     多0.0/空0.0  无信号     
中国巨石(600176)       46.32     46.09    5.2%     多0.0/空0.0  无信号     
双良节能(600481)        4.40      4.37    1.8%     多0.0/空0.0  底仓      
五洲新春(603667)       56.07     55.11    2.8%     多0.0/空0.0  底仓      
华工科技(000988)      113.20    111.27    3.9%     多0.0/空0.0  无信号     
华工科技(000988_B)    113.23    111.27    3.9%     多0.0/空0.0  底仓      
雪人集团(002639)       12.30     12.15    2.4%     多0.0/空0.0  底仓      
13:11:46 [INFO] 🫀 扫描心跳 第202轮开始
13:12:24 [INFO] 🫀 扫描心跳 第203轮开始
13:12:52 [INFO] 🫀 扫描心跳 第204轮开始
13:13:30 [INFO] 🫀 扫描心跳 第205轮开始
13:13:36 [INFO] 🎯 600481 市场状态: normal | 综合判断：正常状态
13:13:36 [INFO] 🛑 大盘熔断/仓控阻断 600481: defensive / defensive_t
13:13:39 [INFO] 🚫 600481 SELL_HIGH 指数共振拦截（共振拦截(index_ma5_dir)）: 指数价3963.342 vs 指数MA5 3960.803（卖需≤MA5，指数短趋势向下）
13:13:39 [INFO] 🚫 600481 卖出信号被指数共振拦截（非阈值不足），不推送
13:13:50 [INFO] 
📊 护城河防御面板 第205轮
──────────────────────────────────────────────────────────────────────
标的                    现价  均价(VWAP)      振幅       多买/空卖评分  状态
科创半导体ETF华夏(588170)    1.07      1.04    5.2%     多0.0/空0.0  无信号     
中国巨石(600176)       46.32     46.09    5.2%     多0.0/空0.0  无信号     
双良节能(600481)        4.41      4.37    1.8%   多0.0/空100.0  底仓|SELL_HIGH
五洲新春(603667)       56.01     55.12    3.0%     多0.0/空0.0  底仓      
华工科技(000988)      113.01    111.28    3.9%     多0.0/空0.0  无信号     
华工科技(000988_B)    113.23    111.27    3.9%     多0.0/空0.0  底仓      
雪人集团(002639)       12.30     12.15    2.4%     多0.0/空0.0  底仓      
13:14:05 [INFO] 🫀 扫描心跳 第206轮开始
13:14:17 [INFO] 🎯 600481 市场状态: normal | 综合判断：正常状态
13:14:17 [INFO] 🛑 大盘熔断/仓控阻断 600481: defensive / defensive_t
13:14:17 [INFO] 📉 600481 卖出信号得分100分，低于10:00后阈值55分，静默处理（不推送飞书）
13:14:41 [INFO] 🫀 扫描心跳 第207轮开始
13:14:47 [INFO] 🎯 600481 市场状态: normal | 综合判断：正常状态
13:14:47 [INFO] 🛑 大盘熔断/仓控阻断 600481: defensive / defensive_t
13:14:47 [INFO] 📉 600481 卖出信号得分100分，低于10:00后阈值55分，静默处理（不推送飞书）
13:15:10 [INFO] 🫀 扫描心跳 第208轮开始
13:15:22 [INFO] 🎯 600481 市场状态: normal | 综合判断：正常状态
13:15:22 [INFO] 🛑 大盘熔断/仓控阻断 600481: defensive / defensive_t
13:15:24 [INFO] 🚫 600481 SELL_HIGH 指数共振拦截（共振拦截(index_ma5_dir)）: 指数价3963.591 vs 指数MA5 3961.333（卖需≤MA5，指数短趋势向下）
13:15:24 [INFO] 🚫 600481 卖出信号被指数共振拦截（非阈值不足），不推送
13:15:47 [INFO] 🫀 扫描心跳 第209轮开始
13:15:53 [INFO] 🎯 600481 市场状态: normal | 综合判断：正常状态
13:15:53 [INFO] 🛑 大盘熔断/仓控阻断 600481: defensive / defensive_t
13:15:53 [INFO] 📉 600481 卖出信号得分100分，低于10:00后阈值55分，静默处理（不推送飞书）
13:16:01 [INFO] 
📊 护城河防御面板 第209轮
──────────────────────────────────────────────────────────────────────
标的                    现价  均价(VWAP)      振幅       多买/空卖评分  状态
科创半导体ETF华夏(588170)    1.07      1.04    5.2%     多0.0/空0.0  无信号     
中国巨石(600176)       46.32     46.09    5.2%     多0.0/空0.0  无信号     
双良节能(600481)        4.41      4.37    1.8%   多0.0/空100.0  底仓|SELL_HIGH
五洲新春(603667)       56.01     55.12    3.0%     多0.0/空0.0  底仓      
华工科技(000988)      113.01    111.28    3.9%     多0.0/空0.0  无信号     
华工科技(000988_B)    113.20    111.28    3.9%     多0.0/空0.0  底仓      
雪人集团(002639)       12.29     12.15    2.4%     多0.0/空0.0  底仓      
13:16:16 [INFO] 🫀 扫描心跳 第210轮开始
13:16:32 [INFO] 🎯 600481 市场状态: normal | 综合判断：正常状态
13:16:32 [INFO] 🛑 大盘熔断/仓控阻断 600481: defensive / defensive_t
13:16:32 [INFO] 📉 600481 卖出信号得分100分，低于10:00后阈值55分，静默处理（不推送飞书）
13:16:57 [INFO] 🫀 扫描心跳 第211轮开始
13:17:29 [INFO] 🫀 扫描心跳 第212轮开始
13:18:07 [INFO] 🫀 扫描心跳 第213轮开始
13:18:20 [INFO] 
📊 护城河防御面板 第213轮
──────────────────────────────────────────────────────────────────────
标的                    现价  均价(VWAP)      振幅       多买/空卖评分  状态
科创半导体ETF华夏(588170)    1.07      1.04    5.2%     多0.0/空0.0  无信号     
中国巨石(600176)       46.39     46.09    5.2%     多0.0/空0.0  无信号     
双良节能(600481)        4.41      4.37    2.1%     多0.0/空0.0  底仓      
五洲新春(603667)       56.02     55.13    3.0%     多0.0/空0.0  底仓      
华工科技(000988)      113.72    111.29    4.1%     多0.0/空0.0  无信号     
华工科技(000988_B)    113.60    111.29    4.1%     多0.0/空0.0  底仓      
雪人集团(002639)       12.27     12.15    2.4%     多0.0/空0.0  底仓      
13:18:35 [INFO] 🫀 扫描心跳 第214轮开始
13:19:10 [INFO] 🫀 扫描心跳 第215轮开始
13:19:41 [INFO] 🫀 扫描心跳 第216轮开始
13:20:16 [INFO] 🫀 扫描心跳 第217轮开始
13:20:30 [INFO] 
📊 护城河防御面板 第217轮
──────────────────────────────────────────────────────────────────────
标的                    现价  均价(VWAP)      振幅       多买/空卖评分  状态
科创半导体ETF华夏(588170)    1.07      1.04    5.2%     多0.0/空0.0  无信号     
中国巨石(600176)       46.43     46.09    5.2%     多0.0/空0.0  无信号     
双良节能(600481)        4.41      4.37    2.1%     多0.0/空0.0  底仓      
五洲新春(603667)       56.03     55.14    3.0%     多0.0/空0.0  底仓      
华工科技(000988)      113.03    111.30    4.1%     多0.0/空0.0  无信号     
华工科技(000988_B)    113.60    111.29    4.1%     多0.0/空0.0  底仓      
雪人集团(002639)       12.27     12.15    2.4%     多0.0/空0.0  底仓      
13:20:45 [INFO] 🫀 扫描心跳 第218轮开始
13:21:21 [INFO] 🫀 扫描心跳 第219轮开始
13:21:53 [INFO] 🫀 扫描心跳 第220轮开始
13:22:30 [INFO] 🫀 扫描心跳 第221轮开始
13:22:44 [INFO] 
📊 护城河防御面板 第221轮
──────────────────────────────────────────────────────────────────────
标的                    现价  均价(VWAP)      振幅       多买/空卖评分  状态
科创半导体ETF华夏(588170)    1.07      1.04    5.2%     多0.0/空0.0  无信号     
中国巨石(600176)       46.43     46.09    5.2%     多0.0/空0.0  无信号     
双良节能(600481)        4.41      4.37    2.1%     多0.0/空0.0  底仓      
五洲新春(603667)       56.03     55.14    3.0%     多0.0/空0.0  底仓      
华工科技(000988)      113.03    111.30    4.1%     多0.0/空0.0  无信号     
华工科技(000988_B)    113.16    111.31    4.1%     多0.0/空0.0  底仓      
雪人集团(002639)       12.28     12.16    2.4%     多0.0/空0.0  底仓      
13:22:59 [INFO] 🫀 扫描心跳 第222轮开始
13:23:34 [INFO] 🫀 扫描心跳 第223轮开始
13:24:04 [INFO] 🫀 扫描心跳 第224轮开始
13:24:41 [INFO] 🫀 扫描心跳 第225轮开始
13:24:59 [INFO] 
📊 护城河防御面板 第225轮
──────────────────────────────────────────────────────────────────────
标的                    现价  均价(VWAP)      振幅       多买/空卖评分  状态
科创半导体ETF华夏(588170)    1.07      1.04    5.2%     多0.0/空0.0  无信号     
中国巨石(600176)       46.20     46.09    5.2%     多0.0/空0.0  无信号     
双良节能(600481)        4.41      4.37    2.1%     多0.0/空0.0  底仓      
五洲新春(603667)       56.03     55.14    3.0%     多0.0/空0.0  底仓      
华工科技(000988)      113.12    111.31    4.1%     多0.0/空0.0  无信号     
华工科技(000988_B)    112.91    111.32    4.1%     多0.0/空0.0  底仓      
雪人集团(002639)       12.28     12.16    2.4%     多0.0/空0.0  底仓      
13:25:14 [INFO] 🫀 扫描心跳 第226轮开始
13:25:48 [INFO] 🫀 扫描心跳 第227轮开始
13:26:16 [INFO] 🫀 扫描心跳 第228轮开始
13:26:50 [INFO] 🫀 扫描心跳 第229轮开始
13:27:11 [INFO] 
📊 护城河防御面板 第229轮
──────────────────────────────────────────────────────────────────────
标的                    现价  均价(VWAP)      振幅       多买/空卖评分  状态
科创半导体ETF华夏(588170)    1.06      1.04    5.2%     多0.0/空0.0  无信号     
中国巨石(600176)       46.00     46.09    5.2%     多0.0/空0.0  无信号     
双良节能(600481)        4.40      4.37    2.1%     多0.0/空0.0  底仓      
五洲新春(603667)       55.86     55.15    3.0%     多0.0/空0.0  底仓      
华工科技(000988)      112.90    111.33    4.1%     多0.0/空0.0  无信号     
华工科技(000988_B)    112.91    111.32    4.1%     多0.0/空0.0  底仓      
雪人集团(002639)       12.28     12.16    2.4%     多0.0/空0.0  底仓      
13:27:26 [INFO] 🫀 扫描心跳 第230轮开始
13:28:08 [INFO] 🫀 扫描心跳 第231轮开始
13:28:38 [INFO] 🫀 扫描心跳 第232轮开始
13:29:13 [INFO] 🫀 扫描心跳 第233轮开始
13:29:30 [INFO] 
📊 护城河防御面板 第233轮
──────────────────────────────────────────────────────────────────────
标的                    现价  均价(VWAP)      振幅       多买/空卖评分  状态
科创半导体ETF华夏(588170)    1.06      1.04    5.2%     多0.0/空0.0  无信号     
中国巨石(600176)       46.00     46.09    5.2%     多0.0/空0.0  无信号     
双良节能(600481)        4.40      4.37    2.1%     多0.0/空0.0  底仓      
五洲新春(603667)       55.86     55.15    3.0%     多0.0/空0.0  底仓      
华工科技(000988)      112.90    111.33    4.1%     多0.0/空0.0  无信号     
华工科技(000988_B)    112.78    111.33    4.1%     多0.0/空0.0  底仓      
雪人集团(002639)       12.26     12.16    2.4%     多0.0/空0.0  底仓      
13:29:45 [INFO] 🫀 扫描心跳 第234轮开始
13:30:25 [INFO] 🫀 扫描心跳 第235轮开始
13:31:14 [INFO] 🫀 扫描心跳 第236轮开始
13:31:43 [INFO] 🫀 扫描心跳 第237轮开始
13:32:08 [INFO] 
📊 护城河防御面板 第237轮
──────────────────────────────────────────────────────────────────────
标的                    现价  均价(VWAP)      振幅       多买/空卖评分  状态
科创半导体ETF华夏(588170)    1.06      1.04    5.2%     多0.0/空0.0  无信号     
中国巨石(600176)       46.09     46.09    5.2%     多0.0/空0.0  无信号     
双良节能(600481)        4.40      4.37    2.1%     多0.0/空0.0  底仓      
五洲新春(603667)       55.83     55.16    3.0%     多0.0/空0.0  底仓      
华工科技(000988)      112.69    111.34    4.1%     多0.0/空0.0  无信号     
华工科技(000988_B)    112.64    111.34    4.1%     多0.0/空0.0  底仓      
雪人集团(002639)       12.27     12.16    2.4%     多0.0/空0.0  底仓      
13:32:23 [INFO] 🫀 扫描心跳 第238轮开始
13:32:56 [INFO] 🫀 扫描心跳 第239轮开始
13:33:32 [INFO] 🫀 扫描心跳 第240轮开始
13:34:03 [INFO] 🫀 扫描心跳 第241轮开始
13:34:26 [INFO] 
📊 护城河防御面板 第241轮
──────────────────────────────────────────────────────────────────────
标的                    现价  均价(VWAP)      振幅       多买/空卖评分  状态
科创半导体ETF华夏(588170)    1.07      1.04    5.2%     多0.0/空0.0  无信号     
中国巨石(600176)       46.12     46.09    5.2%     多0.0/空0.0  无信号     
双良节能(600481)        4.41      4.37    2.1%     多0.0/空0.0  底仓      
五洲新春(603667)       55.94     55.17    3.0%     多0.0/空0.0  底仓      
华工科技(000988)      112.81    111.35    4.1%     多0.0/空0.0  无信号     
华工科技(000988_B)    112.64    111.34    4.1%     多0.0/空0.0  底仓      
雪人集团(002639)       12.26     12.16    2.4%     多0.0/空0.0  底仓      
13:34:41 [INFO] 🫀 扫描心跳 第242轮开始
13:35:10 [INFO] 🫀 扫描心跳 第243轮开始
13:35:46 [INFO] 🫀 扫描心跳 第244轮开始
13:36:14 [INFO] 🫀 扫描心跳 第245轮开始
13:36:38 [INFO] 
📊 护城河防御面板 第245轮
──────────────────────────────────────────────────────────────────────
标的                    现价  均价(VWAP)      振幅       多买/空卖评分  状态
科创半导体ETF华夏(588170)    1.07      1.04    5.2%     多0.0/空0.0  无信号     
中国巨石(600176)       46.12     46.09    5.2%     多0.0/空0.0  无信号     
双良节能(600481)        4.41      4.37    2.1%     多0.0/空0.0  底仓      
五洲新春(603667)       55.94     55.17    3.0%     多0.0/空0.0  底仓      
华工科技(000988)      112.81    111.35    4.1%     多0.0/空0.0  无信号     
华工科技(000988_B)    112.85    111.35    4.1%     多0.0/空0.0  底仓      
雪人集团(002639)       12.26     12.16    2.4%     多0.0/空0.0  底仓      
13:36:53 [INFO] 🫀 扫描心跳 第246轮开始
13:37:27 [INFO] 🫀 扫描心跳 第247轮开始
13:38:08 [INFO] 🫀 扫描心跳 第248轮开始
13:38:38 [INFO] 🫀 扫描心跳 第249轮开始
13:39:01 [INFO] 
📊 护城河防御面板 第249轮
──────────────────────────────────────────────────────────────────────
标的                    现价  均价(VWAP)      振幅       多买/空卖评分  状态
科创半导体ETF华夏(588170)    1.07      1.04    5.2%     多0.0/空0.0  无信号     
中国巨石(600176)       46.14     46.09    5.2%     多0.0/空0.0  无信号     
双良节能(600481)        4.40      4.37    2.1%     多0.0/空0.0  底仓      
五洲新春(603667)       55.91     55.18    3.0%     多0.0/空0.0  底仓      
华工科技(000988)      112.82    111.36    4.1%     多0.0/空0.0  无信号     
华工科技(000988_B)    112.80    111.36    4.1%     多0.0/空0.0  底仓      
雪人集团(002639)       12.25     12.16    2.4%     多0.0/空0.0  底仓      
13:39:16 [INFO] 🫀 扫描心跳 第250轮开始
13:39:49 [INFO] 🫀 扫描心跳 第251轮开始
13:40:24 [INFO] 🫀 扫描心跳 第252轮开始
13:40:53 [INFO] 🫀 扫描心跳 第253轮开始
13:41:28 [INFO] 
📊 护城河防御面板 第253轮
──────────────────────────────────────────────────────────────────────
标的                    现价  均价(VWAP)      振幅       多买/空卖评分  状态
科创半导体ETF华夏(588170)    1.06      1.04    5.2%     多0.0/空0.0  无信号     
中国巨石(600176)       46.09     46.09    5.2%     多0.0/空0.0  无信号     
双良节能(600481)        4.41      4.37    2.1%     多0.0/空0.0  底仓      
五洲新春(603667)       55.95     55.18    3.0%     多0.0/空0.0  底仓      
华工科技(000988)      112.55    111.37    4.1%     多0.0/空0.0  无信号     
华工科技(000988_B)    112.55    111.37    4.1%     多0.0/空0.0  底仓      
雪人集团(002639)       12.27     12.16    2.4%     多0.0/空0.0  底仓      
13:41:43 [INFO] 🫀 扫描心跳 第254轮开始
13:42:22 [INFO] 🫀 扫描心跳 第255轮开始
13:42:55 [INFO] 🫀 扫描心跳 第256轮开始
13:43:35 [INFO] 🫀 扫描心跳 第257轮开始
13:43:50 [INFO] 
📊 护城河防御面板 第257轮
──────────────────────────────────────────────────────────────────────
标的                    现价  均价(VWAP)      振幅       多买/空卖评分  状态
科创半导体ETF华夏(588170)    1.06      1.04    5.2%     多0.0/空0.0  无信号     
中国巨石(600176)       46.12     46.09    5.2%     多0.0/空0.0  无信号     
双良节能(600481)        4.41      4.37    2.1%     多0.0/空0.0  底仓      
五洲新春(603667)       55.95     55.18    3.0%     多0.0/空0.0  底仓      
华工科技(000988)      112.55    111.37    4.1%     多0.0/空0.0  无信号     
华工科技(000988_B)    112.55    111.37    4.1%     多0.0/空0.0  底仓      
雪人集团(002639)       12.27     12.16    2.4%     多0.0/空0.0  底仓      
13:44:05 [INFO] 🫀 扫描心跳 第258轮开始
13:44:45 [INFO] 🫀 扫描心跳 第259轮开始
13:45:13 [INFO] 🫀 扫描心跳 第260轮开始
13:45:48 [INFO] 🫀 扫描心跳 第261轮开始
13:46:01 [INFO] 
📊 护城河防御面板 第261轮
──────────────────────────────────────────────────────────────────────
标的                    现价  均价(VWAP)      振幅       多买/空卖评分  状态
科创半导体ETF华夏(588170)    1.06      1.04    5.2%     多0.0/空0.0  无信号     
中国巨石(600176)       46.12     46.09    5.2%     多0.0/空0.0  无信号     
双良节能(600481)        4.41      4.37    2.1%     多0.0/空0.0  底仓      
五洲新春(603667)       55.94     55.19    3.0%     多0.0/空0.0  底仓      
华工科技(000988)      112.78    111.38    4.1%     多0.0/空0.0  无信号     
华工科技(000988_B)    112.81    111.38    4.1%     多0.0/空0.0  底仓      
雪人集团(002639)       12.27     12.16    2.4%     多0.0/空0.0  底仓      
13:46:16 [INFO] 🫀 扫描心跳 第262轮开始
13:46:50 [INFO] 🫀 扫描心跳 第263轮开始
13:47:18 [INFO] 🫀 扫描心跳 第264轮开始
13:47:52 [INFO] 🫀 扫描心跳 第265轮开始
13:48:05 [INFO] 
📊 护城河防御面板 第265轮
──────────────────────────────────────────────────────────────────────
标的                    现价  均价(VWAP)      振幅       多买/空卖评分  状态
科创半导体ETF华夏(588170)    1.06      1.04    5.2%     多0.0/空0.0  无信号     
中国巨石(600176)       46.10     46.09    5.2%     多0.0/空0.0  无信号     
双良节能(600481)        4.40      4.37    2.1%     多0.0/空0.0  底仓      
五洲新春(603667)       55.91     55.20    3.0%     多0.0/空0.0  底仓      
华工科技(000988)      112.51    111.39    4.1%     多0.0/空0.0  无信号     
华工科技(000988_B)    112.52    111.39    4.1%     多0.0/空0.0  底仓      
雪人集团(002639)       12.27     12.16    2.4%     多0.0/空0.0  底仓      
13:48:20 [INFO] 🫀 扫描心跳 第266轮开始
13:48:56 [INFO] 🫀 扫描心跳 第267轮开始
13:49:26 [INFO] 🫀 扫描心跳 第268轮开始
13:50:02 [INFO] 🫀 扫描心跳 第269轮开始
13:50:17 [INFO] 
📊 护城河防御面板 第269轮
──────────────────────────────────────────────────────────────────────
标的                    现价  均价(VWAP)      振幅       多买/空卖评分  状态
科创半导体ETF华夏(588170)    1.07      1.04    5.2%     多0.0/空0.0  无信号     
中国巨石(600176)       46.16     46.09    5.2%     多0.0/空0.0  无信号     
双良节能(600481)        4.40      4.37    2.1%     多0.0/空0.0  底仓      
五洲新春(603667)       55.91     55.20    3.0%     多0.0/空0.0  底仓      
华工科技(000988)      112.51    111.39    4.1%     多0.0/空0.0  无信号     
华工科技(000988_B)    112.52    111.39    4.1%     多0.0/空0.0  底仓      
雪人集团(002639)       12.27     12.16    2.4%     多0.0/空0.0  底仓      
13:50:32 [INFO] 🫀 扫描心跳 第270轮开始
13:51:18 [INFO] 🫀 扫描心跳 第271轮开始
13:52:00 [INFO] 🫀 扫描心跳 第272轮开始
13:52:29 [INFO] 🫀 扫描心跳 第273轮开始
13:52:51 [INFO] 
📊 护城河防御面板 第273轮
──────────────────────────────────────────────────────────────────────
标的                    现价  均价(VWAP)      振幅       多买/空卖评分  状态
科创半导体ETF华夏(588170)    1.07      1.04    5.2%     多0.0/空0.0  无信号     
中国巨石(600176)       46.16     46.09    5.2%     多0.0/空0.0  无信号     
双良节能(600481)        4.41      4.37    2.1%     多0.0/空0.0  底仓      
五洲新春(603667)       56.08     55.20    3.0%     多0.0/空0.0  底仓      
华工科技(000988)      112.96    111.40    4.1%     多0.0/空0.0  无信号     
华工科技(000988_B)    112.96    111.40    4.1%     多0.0/空0.0  底仓      
雪人集团(002639)       12.29     12.16    2.4%     多0.0/空0.0  底仓      
13:53:06 [INFO] 🫀 扫描心跳 第274轮开始
13:53:36 [INFO] 🫀 扫描心跳 第275轮开始
13:54:19 [INFO] 🫀 扫描心跳 第276轮开始
13:54:51 [INFO] 🫀 扫描心跳 第277轮开始
13:55:18 [INFO] 
📊 护城河防御面板 第277轮
──────────────────────────────────────────────────────────────────────
标的                    现价  均价(VWAP)      振幅       多买/空卖评分  状态
科创半导体ETF华夏(588170)    1.07      1.04    5.2%     多0.0/空0.0  无信号     
中国巨石(600176)       46.20     46.10    5.2%     多0.0/空0.0  无信号     
双良节能(600481)        4.41      4.37    2.1%     多0.0/空0.0  底仓      
五洲新春(603667)       56.09     55.21    3.0%     多0.0/空0.0  底仓      
华工科技(000988)      112.86    111.41    4.1%     多0.0/空0.0  无信号     
华工科技(000988_B)    112.87    111.41    4.1%     多0.0/空0.0  底仓      
雪人集团(002639)       12.29     12.16    2.4%     多0.0/空0.0  底仓      
13:55:33 [INFO] 🫀 扫描心跳 第278轮开始
13:56:05 [INFO] 🫀 扫描心跳 第279轮开始
13:57:01 [INFO] 🫀 扫描心跳 第280轮开始
13:58:03 [INFO] 🫀 扫描心跳 第281轮开始
13:58:41 [INFO] 
📊 护城河防御面板 第281轮
──────────────────────────────────────────────────────────────────────
标的                    现价  均价(VWAP)      振幅       多买/空卖评分  状态
科创半导体ETF华夏(588170)    1.06      1.05    5.2%     多0.0/空0.0  无信号     
中国巨石(600176)       46.12     46.10    5.2%     多0.0/空0.0  无信号     
双良节能(600481)        4.41      4.37    2.1%     多0.0/空0.0  底仓      
五洲新春(603667)       56.00     55.21    3.0%     多0.0/空0.0  底仓      
华工科技(000988)      112.90    111.42    4.1%     多0.0/空0.0  无信号     
华工科技(000988_B)    112.90    111.42    4.1%     多0.0/空0.0  底仓      
雪人集团(002639)       12.28     12.16    2.4%     多0.0/空0.0  底仓      
13:58:56 [INFO] 🫀 扫描心跳 第282轮开始
13:59:53 [INFO] 🫀 扫描心跳 第283轮开始
14:00:24 [INFO] 🫀 扫描心跳 第284轮开始
14:01:10 [INFO] 🫀 扫描心跳 第285轮开始
14:01:38 [INFO] 
📊 护城河防御面板 第285轮
──────────────────────────────────────────────────────────────────────
标的                    现价  均价(VWAP)      振幅       多买/空卖评分  状态
科创半导体ETF华夏(588170)    1.06      1.05    5.2%     多0.0/空0.0  无信号     
中国巨石(600176)       46.22     46.10    5.2%     多0.0/空0.0  无信号     
双良节能(600481)        4.41      4.37    2.1%     多0.0/空0.0  底仓      
五洲新春(603667)       56.10     55.22    3.0%     多0.0/空0.0  底仓      
华工科技(000988)      113.06    111.43    4.1%     多0.0/空0.0  无信号     
华工科技(000988_B)    113.07    111.43    4.1%     多0.0/空0.0  底仓      
雪人集团(002639)       12.28     12.17    2.4%     多0.0/空0.0  底仓      
14:01:53 [INFO] 🫀 扫描心跳 第286轮开始
14:02:21 [INFO] 🫀 扫描心跳 第287轮开始
14:02:57 [INFO] 🫀 扫描心跳 第288轮开始
14:03:26 [INFO] 🫀 扫描心跳 第289轮开始
14:03:47 [INFO] 
📊 护城河防御面板 第289轮
──────────────────────────────────────────────────────────────────────
标的                    现价  均价(VWAP)      振幅       多买/空卖评分  状态
科创半导体ETF华夏(588170)    1.06      1.05    5.2%     多0.0/空0.0  无信号     
中国巨石(600176)       46.30     46.10    5.2%     多0.0/空0.0  无信号     
双良节能(600481)        4.41      4.37    2.1%     多0.0/空0.0  底仓      
五洲新春(603667)       56.10     55.22    3.0%     多0.0/空0.0  底仓      
华工科技(000988)      113.06    111.43    4.1%     多0.0/空0.0  无信号     
华工科技(000988_B)    113.07    111.43    4.1%     多0.0/空0.0  底仓      
雪人集团(002639)       12.28     12.17    2.4%     多0.0/空0.0  底仓      
14:04:02 [INFO] 🫀 扫描心跳 第290轮开始
14:04:41 [INFO] 🫀 扫描心跳 第291轮开始
14:05:16 [INFO] 🫀 扫描心跳 第292轮开始
14:05:46 [INFO] 🫀 扫描心跳 第293轮开始
14:06:36 [WARNING] ⚠️  华工科技(000988) 扫描异常: [WinError 5] 拒绝访问。: 'E:\\superTrader\\t_io\\minute_snapshots\\2026\\08\\000988_2026-08-17.json.tmp' -> 'E:\\superTrader\
14:06:41 [INFO] 
📊 护城河防御面板 第293轮
──────────────────────────────────────────────────────────────────────
标的                    现价  均价(VWAP)      振幅       多买/空卖评分  状态
科创半导体ETF华夏(588170)    1.06      1.05    5.2%     多0.0/空0.0  无信号     
中国巨石(600176)       46.18     46.10    5.2%     多0.0/空0.0  无信号     
双良节能(600481)        4.41      4.37    2.1%     多0.0/空0.0  底仓      
五洲新春(603667)       56.19     55.23    3.0%     多0.0/空0.0  底仓      
华工科技(000988)      112.98    111.44    4.1%     多0.0/空0.0  无信号     
华工科技(000988_B)    112.95    111.44    4.1%     多0.0/空0.0  底仓      
雪人集团(002639)       12.31     12.17    2.7%     多0.0/空0.0  底仓      
14:06:56 [INFO] 🫀 扫描心跳 第294轮开始
14:07:51 [INFO] 🫀 扫描心跳 第295轮开始
14:08:43 [INFO] 🫀 扫描心跳 第296轮开始
14:09:36 [INFO] 🫀 扫描心跳 第297轮开始
14:09:59 [INFO] 
📊 护城河防御面板 第297轮
──────────────────────────────────────────────────────────────────────
标的                    现价  均价(VWAP)      振幅       多买/空卖评分  状态
科创半导体ETF华夏(588170)    1.06      1.05    5.2%     多0.0/空0.0  无信号     
中国巨石(600176)       46.28     46.10    5.2%     多0.0/空0.0  无信号     
双良节能(600481)        4.42      4.37    2.1%     多0.0/空0.0  底仓      
五洲新春(603667)       56.09     55.23    3.0%     多0.0/空0.0  底仓      
华工科技(000988)      113.10    111.44    4.1%     多0.0/空0.0  无信号     
华工科技(000988_B)    113.10    111.44    4.1%     多0.0/空0.0  底仓      
雪人集团(002639)       12.32     12.17    2.7%     多0.0/空0.0  底仓      
14:10:14 [INFO] 🫀 扫描心跳 第298轮开始
14:10:53 [INFO] 🫀 扫描心跳 第299轮开始
14:11:22 [INFO] 🫀 扫描心跳 第300轮开始
14:12:00 [INFO] 🫀 扫描心跳 第301轮开始
14:12:14 [INFO] 
📊 护城河防御面板 第301轮
──────────────────────────────────────────────────────────────────────
标的                    现价  均价(VWAP)      振幅       多买/空卖评分  状态
科创半导体ETF华夏(588170)    1.06      1.05    5.2%     多0.0/空0.0  无信号     
中国巨石(600176)       46.28     46.10    5.2%     多0.0/空0.0  无信号     
双良节能(600481)        4.41      4.37    2.1%     多0.0/空0.0  底仓      
五洲新春(603667)       56.16     55.24    3.0%     多0.0/空0.0  底仓      
华工科技(000988)      113.20    111.45    4.1%     多0.0/空0.0  无信号     
华工科技(000988_B)    113.20    111.45    4.1%     多0.0/空0.0  底仓      
雪人集团(002639)       12.31     12.17    2.7%     多0.0/空0.0  底仓      
14:12:29 [INFO] 🫀 扫描心跳 第302轮开始
14:13:08 [INFO] 🫀 扫描心跳 第303轮开始
14:13:37 [INFO] 🫀 扫描心跳 第304轮开始
14:14:35 [INFO] 🫀 扫描心跳 第305轮开始
14:15:13 [INFO] 
📊 护城河防御面板 第305轮
──────────────────────────────────────────────────────────────────────
标的                    现价  均价(VWAP)      振幅       多买/空卖评分  状态
科创半导体ETF华夏(588170)    1.07      1.05    5.2%     多0.0/空0.0  无信号     
中国巨石(600176)       46.36     46.10    5.2%     多0.0/空0.0  无信号     
双良节能(600481)        4.42      4.37    2.1%     多0.0/空0.0  底仓      
五洲新春(603667)       56.30     55.24    3.2%     多0.0/空0.0  底仓      
华工科技(000988)      113.27    111.46    4.1%     多0.0/空0.0  无信号     
华工科技(000988_B)    113.27    111.46    4.1%     多0.0/空0.0  底仓      
雪人集团(002639)       12.31     12.17    2.7%     多0.0/空0.0  底仓      
14:15:28 [INFO] 🫀 扫描心跳 第306轮开始
14:16:19 [INFO] 🫀 扫描心跳 第307轮开始
14:16:51 [INFO] 🫀 扫描心跳 第308轮开始
14:17:29 [INFO] 🫀 扫描心跳 第309轮开始
14:17:48 [INFO] 
📊 护城河防御面板 第309轮
──────────────────────────────────────────────────────────────────────
标的                    现价  均价(VWAP)      振幅       多买/空卖评分  状态
科创半导体ETF华夏(588170)    1.07      1.05    5.2%     多0.0/空0.0  无信号     
中国巨石(600176)       46.27     46.10    5.2%     多0.0/空0.0  无信号     
双良节能(600481)        4.41      4.37    2.1%     多0.0/空0.0  底仓      
五洲新春(603667)       56.27     55.25    3.2%     多0.0/空0.0  底仓      
华工科技(000988)      113.08    111.47    4.1%     多0.0/空0.0  无信号     
华工科技(000988_B)    113.07    111.47    4.1%     多0.0/空0.0  底仓      
雪人集团(002639)       12.30     12.17    2.7%     多0.0/空0.0  底仓      
14:18:03 [INFO] 🫀 扫描心跳 第310轮开始
14:18:46 [INFO] 🫀 扫描心跳 第311轮开始
14:19:45 [INFO] 🫀 扫描心跳 第312轮开始
14:21:13 [INFO] 🫀 扫描心跳 第313轮开始
14:22:03 [INFO] 
📊 护城河防御面板 第313轮
──────────────────────────────────────────────────────────────────────
标的                    现价  均价(VWAP)      振幅       多买/空卖评分  状态
科创半导体ETF华夏(588170)    1.07      1.05    5.2%     多0.0/空0.0  无信号     
中国巨石(600176)       46.13     46.10    5.2%     多0.0/空0.0  无信号     
双良节能(600481)        4.42      4.37    2.1%     多0.0/空0.0  底仓      
五洲新春(603667)       56.45     55.26    3.5%     多0.0/空0.0  底仓      
华工科技(000988)      113.26    111.48    4.1%     多0.0/空0.0  无信号     
华工科技(000988_B)    113.25    111.48    4.1%     多0.0/空0.0  底仓      
雪人集团(002639)       12.31     12.17    2.7%     多0.0/空0.0  底仓      
14:22:18 [INFO] 🫀 扫描心跳 第314轮开始
14:23:00 [INFO] 🫀 扫描心跳 第315轮开始
14:23:30 [INFO] 🫀 扫描心跳 第316轮开始
14:24:12 [INFO] 🫀 扫描心跳 第317轮开始
14:24:27 [INFO] 
📊 护城河防御面板 第317轮
──────────────────────────────────────────────────────────────────────
标的                    现价  均价(VWAP)      振幅       多买/空卖评分  状态
科创半导体ETF华夏(588170)    1.07      1.05    5.2%     多0.0/空0.0  无信号     
中国巨石(600176)       46.19     46.10    5.2%     多0.0/空0.0  无信号     
双良节能(600481)        4.42      4.37    2.1%     多0.0/空0.0  底仓      
五洲新春(603667)       56.45     55.26    3.5%     多0.0/空0.0  底仓      
华工科技(000988)      113.10    111.48    4.1%     多0.0/空0.0  无信号     
华工科技(000988_B)    113.09    111.48    4.1%     多0.0/空0.0  底仓      
雪人集团(002639)       12.32     12.17    2.7%     多0.0/空0.0  底仓      
14:24:42 [INFO] 🫀 扫描心跳 第318轮开始
14:25:46 [INFO] 🫀 扫描心跳 第319轮开始
14:26:40 [INFO] 🫀 扫描心跳 第320轮开始
14:27:32 [INFO] 🫀 扫描心跳 第321轮开始
14:27:49 [INFO] 
📊 护城河防御面板 第321轮
──────────────────────────────────────────────────────────────────────
标的                    现价  均价(VWAP)      振幅       多买/空卖评分  状态
科创半导体ETF华夏(588170)    1.07      1.05    5.3%     多0.0/空0.0  无信号     
中国巨石(600176)       46.11     46.10    5.2%     多0.0/空0.0  无信号     
双良节能(600481)        4.41      4.37    2.1%     多0.0/空0.0  底仓      
五洲新春(603667)       56.25     55.27    3.5%     多0.0/空0.0  底仓      
华工科技(000988)      112.98    111.49    4.1%     多0.0/空0.0  无信号     
华工科技(000988_B)    112.95    111.49    4.1%     多0.0/空0.0  底仓      
雪人集团(002639)       12.31     12.17    2.7%     多0.0/空0.0  底仓      
14:28:04 [INFO] 🫀 扫描心跳 第322轮开始
14:28:41 [INFO] 🫀 扫描心跳 第323轮开始
14:29:10 [INFO] 🫀 扫描心跳 第324轮开始
14:29:52 [INFO] 🫀 扫描心跳 第325轮开始
14:30:07 [INFO] 
📊 护城河防御面板 第325轮
──────────────────────────────────────────────────────────────────────
标的                    现价  均价(VWAP)      振幅       多买/空卖评分  状态
科创半导体ETF华夏(588170)    1.07      1.05    5.3%     多0.0/空0.0  无信号     
中国巨石(600176)       46.11     46.10    5.2%     多0.0/空0.0  无信号     
双良节能(600481)        4.40      4.37    2.1%     多0.0/空0.0  底仓      
五洲新春(603667)       56.24     55.27    3.5%     多0.0/空0.0  底仓      
华工科技(000988)      112.98    111.49    4.1%     多0.0/空0.0  无信号     
华工科技(000988_B)    112.95    111.49    4.1%     多0.0/空0.0  底仓      
雪人集团(002639)       12.31     12.17    2.7%     多0.0/空0.0  底仓      
14:30:49 [WARNING] [index_regime] spot_em 全部2次重试失败，最后错误: ConnectionError
14:30:50 [INFO] ✅ 尾盘大盘评分预判已推送: 单边上涨 S=51.73 切换=True (mode=tail)
14:30:50 [INFO] 🫀 扫描心跳 第326轮开始
14:30:51 [INFO] 📊 韭研打分池: 1382 行 / 1227 只标的，获取 2026-08-17 行情...
14:32:48 [INFO] 💾 热度落盘: E:\superTrader\t_io\logs\sentiment_daily.jsonl + E:\superTrader\t_io\logs\sentiment_daily.csv
14:32:48 [INFO] ✅ 大盘热度×韭研TOP3已推送: 单边上涨 S=51.73 z_S=4.035 top3=3.91 z_top3=1.582 决策=long×6/short×1
14:32:51 [INFO] 🎯 600176 市场状态: normal | 综合判断：正常状态
14:32:51 [INFO] 🛑 大盘熔断/仓控阻断 600176: defensive / defensive_t
14:32:53 [INFO] 🚫 600176 BUY_LOW 指数共振拦截（共振拦截(index_ma5_dir)）: 指数价3970.794 vs 指数MA5 3973.763（买需≥MA5，指数短趋势向上）
14:32:53 [INFO] 🚫 600176 买入信号被指数共振拦截（非阈值不足），不推送
14:33:23 [INFO] 🫀 扫描心跳 第327轮开始
14:33:28 [INFO] 🎯 600176 市场状态: normal | 综合判断：正常状态
14:33:28 [INFO] 🛑 大盘熔断/仓控阻断 600176: defensive / defensive_t
14:33:28 [INFO] 📉 600176 买入信号得分100分，低于10:00后阈值36.0分，静默处理（不推送飞书）
14:33:54 [INFO] 🫀 扫描心跳 第328轮开始
14:34:16 [INFO] 🎯 600176 市场状态: normal | 综合判断：正常状态
14:34:16 [INFO] 🛑 大盘熔断/仓控阻断 600176: defensive / defensive_t
14:34:16 [INFO] 📉 600176 买入信号得分100分，低于10:00后阈值36.0分，静默处理（不推送飞书）
14:34:42 [INFO] 🫀 扫描心跳 第329轮开始
14:34:46 [INFO] 🎯 600176 市场状态: normal | 综合判断：正常状态
14:34:46 [INFO] 🛑 大盘熔断/仓控阻断 600176: defensive / defensive_t
14:34:46 [INFO] 📉 600176 买入信号得分100分，低于10:00后阈值36.0分，静默处理（不推送飞书）
14:35:12 [INFO] 
📊 护城河防御面板 第329轮
──────────────────────────────────────────────────────────────────────
标的                    现价  均价(VWAP)      振幅       多买/空卖评分  状态
科创半导体ETF华夏(588170)    1.07      1.05    5.3%     多0.0/空0.0  无信号     
中国巨石(600176)       45.91     46.10    5.2%   多100.0/空0.0  强可T|BUY_LOW
双良节能(600481)        4.40      4.37    2.1%     多0.0/空0.0  底仓      
五洲新春(603667)       56.15     55.28    3.5%     多0.0/空0.0  底仓      
华工科技(000988)      112.80    111.51    4.1%     多0.0/空0.0  无信号     
华工科技(000988_B)    112.80    111.51    4.1%     多0.0/空0.0  底仓      
雪人集团(002639)       12.32     12.18    2.7%     多0.0/空0.0  底仓      
14:35:27 [INFO] 🫀 扫描心跳 第330轮开始
14:35:31 [INFO] 🎯 600176 市场状态: normal | 综合判断：正常状态
14:35:31 [INFO] 🛑 大盘熔断/仓控阻断 600176: defensive / defensive_t
14:35:33 [INFO] 🚫 600176 BUY_LOW 指数共振拦截（共振拦截(index_ma5_dir)）: 指数价3972.983 vs 指数MA5 3973.708（买需≥MA5，指数短趋势向上）
14:35:33 [INFO] 🚫 600176 买入信号被指数共振拦截（非阈值不足），不推送
14:35:58 [INFO] 🫀 扫描心跳 第331轮开始
14:36:36 [INFO] 🫀 扫描心跳 第332轮开始
14:37:05 [INFO] 🫀 扫描心跳 第333轮开始
14:37:27 [INFO] 
📊 护城河防御面板 第333轮
──────────────────────────────────────────────────────────────────────
标的                    现价  均价(VWAP)      振幅       多买/空卖评分  状态
科创半导体ETF华夏(588170)    1.07      1.05    5.3%     多0.0/空0.0  无信号     
中国巨石(600176)       45.99     46.10    5.2%     多0.0/空0.0  无信号     
双良节能(600481)        4.40      4.37    2.1%     多0.0/空0.0  底仓      
五洲新春(603667)       56.16     55.29    3.5%     多0.0/空0.0  底仓      
华工科技(000988)      113.01    111.51    4.1%     多0.0/空0.0  无信号     
华工科技(000988_B)    113.01    111.51    4.1%     多0.0/空0.0  底仓      
雪人集团(002639)       12.32     12.18    2.7%     多0.0/空0.0  底仓      
14:37:42 [INFO] 🫀 扫描心跳 第334轮开始
14:38:13 [INFO] 🫀 扫描心跳 第335轮开始
14:38:51 [INFO] 🫀 扫描心跳 第336轮开始
14:39:27 [INFO] 🫀 扫描心跳 第337轮开始
14:40:02 [INFO] 
📊 护城河防御面板 第337轮
──────────────────────────────────────────────────────────────────────
标的                    现价  均价(VWAP)      振幅       多买/空卖评分  状态
科创半导体ETF华夏(588170)    1.07      1.05    5.3%     多0.0/空0.0  无信号     
中国巨石(600176)       45.97     46.10    5.2%     多0.0/空0.0  无信号     
双良节能(600481)        4.41      4.37    2.1%     多0.0/空0.0  底仓      
五洲新春(603667)       56.16     55.29    3.5%     多0.0/空0.0  底仓      
华工科技(000988)      113.20    111.52    4.1%     多0.0/空0.0  无信号     
华工科技(000988_B)    113.20    111.52    4.1%     多0.0/空0.0  底仓      
雪人集团(002639)       12.32     12.18    2.7%     多0.0/空0.0  底仓      
14:40:17 [INFO] 🫀 扫描心跳 第338轮开始
14:40:59 [INFO] 🫀 扫描心跳 第339轮开始
14:41:28 [INFO] 🫀 扫描心跳 第340轮开始
14:42:04 [INFO] 🫀 扫描心跳 第341轮开始
14:42:23 [INFO] 
📊 护城河防御面板 第341轮
──────────────────────────────────────────────────────────────────────
标的                    现价  均价(VWAP)      振幅       多买/空卖评分  状态
科创半导体ETF华夏(588170)    1.07      1.05    5.3%     多0.0/空0.0  无信号     
中国巨石(600176)       45.97     46.10    5.2%     多0.0/空0.0  无信号     
双良节能(600481)        4.41      4.37    2.1%     多0.0/空0.0  底仓      
五洲新春(603667)       56.16     55.29    3.5%     多0.0/空0.0  底仓      
华工科技(000988)      113.20    111.52    4.1%     多0.0/空0.0  无信号     
华工科技(000988_B)    113.20    111.52    4.1%     多0.0/空0.0  底仓      
雪人集团(002639)       12.32     12.18    2.7%     多0.0/空0.0  底仓      
14:42:38 [INFO] 🫀 扫描心跳 第342轮开始
14:43:14 [INFO] 🫀 扫描心跳 第343轮开始
14:43:46 [INFO] 🫀 扫描心跳 第344轮开始
14:44:58 [INFO] 🫀 扫描心跳 第345轮开始
14:45:40 [INFO] 
📊 护城河防御面板 第345轮
──────────────────────────────────────────────────────────────────────
标的                    现价  均价(VWAP)      振幅       多买/空卖评分  状态
科创半导体ETF华夏(588170)    1.07      1.05    5.3%     多0.0/空0.0  无信号     
中国巨石(600176)       46.01     46.10    5.2%     多0.0/空0.0  无信号     
双良节能(600481)        4.41      4.37    2.1%     多0.0/空0.0  底仓      
五洲新春(603667)       56.20     55.30    3.5%     多0.0/空0.0  底仓      
华工科技(000988)      113.40    111.53    4.1%     多0.0/空0.0  无信号     
华工科技(000988_B)    113.40    111.53    4.1%     多0.0/空0.0  底仓      
雪人集团(002639)       12.31     12.18    2.7%     多0.0/空0.0  底仓      
14:45:55 [INFO] 🫀 扫描心跳 第346轮开始
14:46:35 [INFO] 🫀 扫描心跳 第347轮开始
14:47:06 [INFO] 🫀 扫描心跳 第348轮开始
14:47:46 [INFO] 🫀 扫描心跳 第349轮开始
14:48:02 [INFO] 
📊 护城河防御面板 第349轮
──────────────────────────────────────────────────────────────────────
标的                    现价  均价(VWAP)      振幅       多买/空卖评分  状态
科创半导体ETF华夏(588170)    1.07      1.05    5.4%     多0.0/空0.0  无信号     
中国巨石(600176)       46.12     46.10    5.2%     多0.0/空0.0  无信号     
双良节能(600481)        4.42      4.37    2.1%     多0.0/空0.0  底仓      
五洲新春(603667)       56.26     55.31    3.5%     多0.0/空0.0  底仓      
华工科技(000988)      113.57    111.54    4.1%     多0.0/空0.0  无信号     
华工科技(000988_B)    113.57    111.54    4.1%     多0.0/空0.0  底仓      
雪人集团(002639)       12.32     12.18    2.7%     多0.0/空0.0  底仓      
14:48:17 [INFO] 🫀 扫描心跳 第350轮开始
14:48:53 [INFO] 🫀 扫描心跳 第351轮开始
14:49:23 [INFO] 🫀 扫描心跳 第352轮开始
14:50:17 [INFO] 📊 做T收益：今日无交易，跳过推送
14:50:17 [INFO] ✅ 闭环审计通过（7 只：卖出=接回，qty=base）
14:50:17 [INFO] 📊 Pivot支撑/压力复盘 | 科创半导体ETF华夏(588170) S1:未触及 R1:压力失效 | 中国巨石(600176) S1:未触及 R1:压力失效 | 双良节能(600481) S1:未触及 R1:压力失效 | 五洲新春(603667) S1:未触及 R1:压力失效 | 华工科技(000988) S1:未触及 R1:压力失效 | 华工科技(000988_B) S1:未触及 R1:压力失效 | 雪人集团(002639) S1:支撑确认 R1:压力失效
14:50:17 [INFO] 🫀 扫描心跳 第353轮开始
14:50:55 [INFO] 
📊 护城河防御面板 第353轮
──────────────────────────────────────────────────────────────────────
标的                    现价  均价(VWAP)      振幅       多买/空卖评分  状态
科创半导体ETF华夏(588170)    1.07      1.05    5.6%     多0.0/空0.0  无信号     
中国巨石(600176)       46.21     46.10    5.2%     多0.0/空0.0  无信号     
双良节能(600481)        4.41      4.37    2.1%     多0.0/空0.0  底仓      
五洲新春(603667)       56.27     55.31    3.5%     多0.0/空0.0  底仓      
华工科技(000988)      113.63    111.54    4.1%     多0.0/空0.0  无信号     
华工科技(000988_B)    113.63    111.54    4.1%     多0.0/空0.0  底仓      
雪人集团(002639)       12.33     12.18    2.7%     多0.0/空0.0  底仓      
14:51:10 [INFO] 📊 Pivot支撑/压力复盘 | 科创半导体ETF华夏(588170) S1:未触及 R1:压力失效 | 中国巨石(600176) S1:未触及 R1:压力失效 | 双良节能(600481) S1:未触及 R1:压力失效 | 五洲新春(603667) S1:未触及 R1:压力失效 | 华工科技(000988) S1:未触及 R1:压力失效 | 华工科技(000988_B) S1:未触及 R1:压力失效 | 雪人集团(002639) S1:支撑确认 R1:压力失效
14:51:10 [INFO] 🫀 扫描心跳 第354轮开始
14:51:48 [INFO] 📊 Pivot支撑/压力复盘 | 科创半导体ETF华夏(588170) S1:未触及 R1:压力失效 | 中国巨石(600176) S1:未触及 R1:压力失效 | 双良节能(600481) S1:未触及 R1:压力失效 | 五洲新春(603667) S1:未触及 R1:压力失效 | 华工科技(000988) S1:未触及 R1:压力失效 | 华工科技(000988_B) S1:未触及 R1:压力失效 | 雪人集团(002639) S1:支撑确认 R1:压力失效
14:51:48 [INFO] 🫀 扫描心跳 第355轮开始
14:52:17 [INFO] 📊 Pivot支撑/压力复盘 | 科创半导体ETF华夏(588170) S1:未触及 R1:压力失效 | 中国巨石(600176) S1:未触及 R1:压力失效 | 双良节能(600481) S1:未触及 R1:压力失效 | 五洲新春(603667) S1:未触及 R1:压力失效 | 华工科技(000988) S1:未触及 R1:压力失效 | 华工科技(000988_B) S1:未触及 R1:压力失效 | 雪人集团(002639) S1:支撑确认 R1:压力失效
14:52:17 [INFO] 🫀 扫描心跳 第356轮开始
14:52:56 [INFO] 📊 Pivot支撑/压力复盘 | 科创半导体ETF华夏(588170) S1:未触及 R1:压力失效 | 中国巨石(600176) S1:未触及 R1:压力失效 | 双良节能(600481) S1:未触及 R1:压力失效 | 五洲新春(603667) S1:未触及 R1:压力失效 | 华工科技(000988) S1:未触及 R1:压力失效 | 华工科技(000988_B) S1:未触及 R1:压力失效 | 雪人集团(002639) S1:支撑确认 R1:压力失效
14:52:56 [INFO] 🫀 扫描心跳 第357轮开始
14:53:11 [INFO] 
📊 护城河防御面板 第357轮
──────────────────────────────────────────────────────────────────────
标的                    现价  均价(VWAP)      振幅       多买/空卖评分  状态
科创半导体ETF华夏(588170)    1.07      1.05    5.6%     多0.0/空0.0  无信号     
中国巨石(600176)       46.26     46.10    5.2%     多0.0/空0.0  无信号     
双良节能(600481)        4.41      4.37    2.1%     多0.0/空0.0  底仓      
五洲新春(603667)       56.33     55.32    3.5%     多0.0/空0.0  底仓      
华工科技(000988)      113.62    111.56    4.1%     多0.0/空0.0  无信号     
华工科技(000988_B)    113.62    111.56    4.1%     多0.0/空0.0  底仓      
雪人集团(002639)       12.32     12.18    2.7%     多0.0/空0.0  底仓      
14:53:26 [INFO] 📊 Pivot支撑/压力复盘 | 科创半导体ETF华夏(588170) S1:未触及 R1:压力失效 | 中国巨石(600176) S1:未触及 R1:压力失效 | 双良节能(600481) S1:未触及 R1:压力失效 | 五洲新春(603667) S1:未触及 R1:压力失效 | 华工科技(000988) S1:未触及 R1:压力失效 | 华工科技(000988_B) S1:未触及 R1:压力失效 | 雪人集团(002639) S1:支撑确认 R1:压力失效
14:53:26 [INFO] 🫀 扫描心跳 第358轮开始
14:53:36 [INFO] 🎯 588170 市场状态: normal | 综合判断：正常状态
14:53:36 [INFO] 📊 动态份数 588170: 状态=normal 信号强度100/阈值35, 建议交易800股/份 (40%)
14:53:38 [INFO] 🚫 588170 SELL_HIGH 指数共振拦截（共振拦截(index_ma5_dir)）: 指数价1787.056 vs 指数MA5 1781.469（卖需≤MA5，指数短趋势向下）
14:53:38 [INFO] 🚫 588170 卖出信号被指数共振拦截（非阈值不足），不推送
14:54:06 [INFO] 📊 Pivot支撑/压力复盘 | 科创半导体ETF华夏(588170) S1:未触及 R1:压力失效 | 中国巨石(600176) S1:未触及 R1:压力失效 | 双良节能(600481) S1:未触及 R1:压力失效 | 五洲新春(603667) S1:未触及 R1:压力失效 | 华工科技(000988) S1:未触及 R1:压力失效 | 华工科技(000988_B) S1:未触及 R1:压力失效 | 雪人集团(002639) S1:支撑确认 R1:压力失效
14:54:06 [INFO] 🫀 扫描心跳 第359轮开始
14:54:09 [INFO] 🎯 588170 市场状态: normal | 综合判断：正常状态
14:54:09 [INFO] 📊 动态份数 588170: 状态=normal 信号强度100/阈值35, 建议交易800股/份 (40%)
14:54:09 [INFO] 📉 588170 卖出信号得分100分，低于10:00后阈值55分，静默处理（不推送飞书）
14:54:37 [INFO] 📊 Pivot支撑/压力复盘 | 科创半导体ETF华夏(588170) S1:未触及 R1:压力失效 | 中国巨石(600176) S1:未触及 R1:压力失效 | 双良节能(600481) S1:未触及 R1:压力失效 | 五洲新春(603667) S1:未触及 R1:压力失效 | 华工科技(000988) S1:未触及 R1:压力失效 | 华工科技(000988_B) S1:未触及 R1:压力失效 | 雪人集团(002639) S1:支撑确认 R1:压力失效
14:54:37 [INFO] 🫀 扫描心跳 第360轮开始
14:55:03 [INFO] 🎯 588170 市场状态: normal | 综合判断：正常状态
14:55:03 [INFO] 📊 动态份数 588170: 状态=normal 信号强度100/阈值35, 建议交易800股/份 (40%)
14:55:03 [INFO] 📉 588170 卖出信号得分100分，低于10:00后阈值55分，静默处理（不推送飞书）
14:55:33 [INFO] 📊 Pivot支撑/压力复盘 | 科创半导体ETF华夏(588170) S1:未触及 R1:压力失效 | 中国巨石(600176) S1:未触及 R1:压力失效 | 双良节能(600481) S1:未触及 R1:压力失效 | 五洲新春(603667) S1:未触及 R1:压力失效 | 华工科技(000988) S1:未触及 R1:压力失效 | 华工科技(000988_B) S1:未触及 R1:压力失效 | 雪人集团(002639) S1:支撑确认 R1:压力失效
14:55:33 [INFO] 🫀 扫描心跳 第361轮开始
14:55:36 [INFO] 🎯 588170 市场状态: normal | 综合判断：正常状态
14:55:36 [INFO] 📊 动态份数 588170: 状态=normal 信号强度100/阈值35, 建议交易800股/份 (40%)
14:55:39 [INFO] 🚫 588170 SELL_HIGH 指数共振拦截（共振拦截(index_ma5_dir)）: 指数价1787.856 vs 指数MA5 1784.105（卖需≤MA5，指数短趋势向下）
14:55:39 [INFO] 🚫 588170 卖出信号被指数共振拦截（非阈值不足），不推送
14:56:10 [INFO] 
📊 护城河防御面板 第361轮
──────────────────────────────────────────────────────────────────────
标的                    现价  均价(VWAP)      振幅       多买/空卖评分  状态
科创半导体ETF华夏(588170)    1.08      1.05    5.8%   多0.0/空100.0  强可T|SELL_HIGH
中国巨石(600176)       46.26     46.10    5.2%     多0.0/空0.0  无信号     
双良节能(600481)        4.41      4.37    2.1%     多0.0/空0.0  底仓      
五洲新春(603667)       56.30     55.33    3.5%     多0.0/空0.0  底仓      
华工科技(000988)      113.62    111.56    4.1%     多0.0/空0.0  无信号     
华工科技(000988_B)    113.62    111.56    4.1%     多0.0/空0.0  底仓      
雪人集团(002639)       12.32     12.18    2.7%     多0.0/空0.0  底仓      
14:56:26 [INFO] 📊 Pivot支撑/压力复盘 | 科创半导体ETF华夏(588170) S1:未触及 R1:压力失效 | 中国巨石(600176) S1:未触及 R1:压力失效 | 双良节能(600481) S1:未触及 R1:压力失效 | 五洲新春(603667) S1:未触及 R1:压力失效 | 华工科技(000988) S1:未触及 R1:压力失效 | 华工科技(000988_B) S1:未触及 R1:压力失效 | 雪人集团(002639) S1:支撑确认 R1:压力失效
14:56:26 [INFO] 🫀 扫描心跳 第362轮开始
14:57:07 [INFO] 📊 Pivot支撑/压力复盘 | 科创半导体ETF华夏(588170) S1:未触及 R1:压力失效 | 中国巨石(600176) S1:未触及 R1:压力失效 | 双良节能(600481) S1:未触及 R1:压力失效 | 五洲新春(603667) S1:未触及 R1:压力失效 | 华工科技(000988) S1:未触及 R1:压力失效 | 华工科技(000988_B) S1:未触及 R1:压力失效 | 雪人集团(002639) S1:支撑确认 R1:压力失效
14:57:07 [INFO] 🫀 扫描心跳 第363轮开始
14:57:37 [INFO] 📊 Pivot支撑/压力复盘 | 科创半导体ETF华夏(588170) S1:未触及 R1:压力失效 | 中国巨石(600176) S1:未触及 R1:压力失效 | 双良节能(600481) S1:未触及 R1:压力失效 | 五洲新春(603667) S1:未触及 R1:压力失效 | 华工科技(000988) S1:未触及 R1:压力失效 | 华工科技(000988_B) S1:未触及 R1:压力失效 | 雪人集团(002639) S1:支撑确认 R1:压力失效
14:57:37 [INFO] 🫀 扫描心跳 第364轮开始
14:58:12 [INFO] 📊 Pivot支撑/压力复盘 | 科创半导体ETF华夏(588170) S1:未触及 R1:压力失效 | 中国巨石(600176) S1:未触及 R1:压力失效 | 双良节能(600481) S1:未触及 R1:压力失效 | 五洲新春(603667) S1:未触及 R1:压力失效 | 华工科技(000988) S1:未触及 R1:压力失效 | 华工科技(000988_B) S1:未触及 R1:压力失效 | 雪人集团(002639) S1:支撑确认 R1:压力失效
14:58:12 [INFO] 🫀 扫描心跳 第365轮开始
14:58:28 [INFO] 
📊 护城河防御面板 第365轮
──────────────────────────────────────────────────────────────────────
标的                    现价  均价(VWAP)      振幅       多买/空卖评分  状态
科创半导体ETF华夏(588170)    1.08      1.05    6.0%     多0.0/空0.0  无信号     
中国巨石(600176)       46.27     46.10    5.2%     多0.0/空0.0  无信号     
双良节能(600481)        4.41      4.38    2.1%     多0.0/空0.0  底仓      
五洲新春(603667)       56.30     55.33    3.5%     多0.0/空0.0  底仓      
华工科技(000988)      113.64    111.56    4.1%     多0.0/空0.0  无信号     
华工科技(000988_B)    113.63    111.56    4.1%     多0.0/空0.0  底仓      
雪人集团(002639)       12.32     12.18    2.7%     多0.0/空0.0  底仓      
14:58:43 [INFO] 📊 Pivot支撑/压力复盘 | 科创半导体ETF华夏(588170) S1:未触及 R1:压力失效 | 中国巨石(600176) S1:未触及 R1:压力失效 | 双良节能(600481) S1:未触及 R1:压力失效 | 五洲新春(603667) S1:未触及 R1:压力失效 | 华工科技(000988) S1:未触及 R1:压力失效 | 华工科技(000988_B) S1:未触及 R1:压力失效 | 雪人集团(002639) S1:支撑确认 R1:压力失效
14:58:43 [INFO] 🫀 扫描心跳 第366轮开始
14:59:18 [INFO] ✅ 14:59 收益汇总已推送: 持仓34,954 T0实盈+0
14:59:18 [INFO] 📝 收益汇总已写入日志: E:\superTrader\t_io\logs\daily_pnl.jsonl
14:59:18 [INFO] 📝 pre_close 已更新为当日收盘价
14:59:18 [INFO] 📊 Pivot支撑/压力复盘 | 科创半导体ETF华夏(588170) S1:未触及 R1:压力失效 | 中国巨石(600176) S1:未触及 R1:压力失效 | 双良节能(600481) S1:未触及 R1:压力失效 | 五洲新春(603667) S1:未触及 R1:压力失效 | 华工科技(000988) S1:未触及 R1:压力失效 | 华工科技(000988_B) S1:未触及 R1:压力失效 | 雪人集团(002639) S1:支撑确认 R1:压力失效
14:59:18 [INFO] 🫀 扫描心跳 第367轮开始
14:59:47 [INFO] 📊 Pivot支撑/压力复盘 | 科创半导体ETF华夏(588170) S1:未触及 R1:压力失效 | 中国巨石(600176) S1:未触及 R1:压力失效 | 双良节能(600481) S1:未触及 R1:压力失效 | 五洲新春(603667) S1:未触及 R1:压力失效 | 华工科技(000988) S1:未触及 R1:压力失效 | 华工科技(000988_B) S1:未触及 R1:压力失效 | 雪人集团(002639) S1:支撑确认 R1:压力失效
14:59:47 [INFO] 🫀 扫描心跳 第368轮开始
15:00:21 [INFO] 📊 Pivot支撑/压力复盘 | 科创半导体ETF华夏(588170) S1:未触及 R1:压力失效 | 中国巨石(600176) S1:未触及 R1:压力失效 | 双良节能(600481) S1:未触及 R1:压力失效 | 五洲新春(603667) S1:未触及 R1:压力失效 | 华工科技(000988) S1:未触及 R1:压力失效 | 华工科技(000988_B) S1:未触及 R1:压力失效 | 雪人集团(002639) S1:支撑确认 R1:压力失效
15:00:21 [INFO] ⏸ 非交易时段，进入低频保活
15:00:36 [INFO] 📊 Pivot支撑/压力复盘 | 科创半导体ETF华夏(588170) S1:未触及 R1:压力失效 | 中国巨石(600176) S1:未触及 R1:压力失效 | 双良节能(600481) S1:未触及 R1:压力失效 | 五洲新春(603667) S1:未触及 R1:压力失效 | 华工科技(000988) S1:未触及 R1:压力失效 | 华工科技(000988_B) S1:未触及 R1:压力失效 | 雪人集团(002639) S1:支撑确认 R1:压力失效
15:00:51 [INFO] 📊 Pivot支撑/压力复盘 | 科创半导体ETF华夏(588170) S1:未触及 R1:压力失效 | 中国巨石(600176) S1:未触及 R1:压力失效 | 双良节能(600481) S1:未触及 R1:压力失效 | 五洲新春(603667) S1:未触及 R1:压力失效 | 华工科技(000988) S1:未触及 R1:压力失效 | 华工科技(000988_B) S1:未触及 R1:压力失效 | 雪人集团(002639) S1:支撑确认 R1:压力失效
15:01:06 [INFO] 📊 Pivot支撑/压力复盘 | 科创半导体ETF华夏(588170) S1:未触及 R1:压力失效 | 中国巨石(600176) S1:未触及 R1:压力失效 | 双良节能(600481) S1:未触及 R1:压力失效 | 五洲新春(603667) S1:未触及 R1:压力失效 | 华工科技(000988) S1:未触及 R1:压力失效 | 华工科技(000988_B) S1:未触及 R1:压力失效 | 雪人集团(002639) S1:支撑确认 R1:压力失效
15:01:23 [INFO] 📊 Pivot支撑/压力复盘 | 科创半导体ETF华夏(588170) S1:未触及 R1:压力失效 | 中国巨石(600176) S1:未触及 R1:压力失效 | 双良节能(600481) S1:未触及 R1:压力失效 | 五洲新春(603667) S1:未触及 R1:压力失效 | 华工科技(000988) S1:未触及 R1:压力失效 | 华工科技(000988_B) S1:未触及 R1:压力失效 | 雪人集团(002639) S1:支撑确认 R1:压力失效
15:01:38 [INFO] 📊 Pivot支撑/压力复盘 | 科创半导体ETF华夏(588170) S1:未触及 R1:压力失效 | 中国巨石(600176) S1:未触及 R1:压力失效 | 双良节能(600481) S1:未触及 R1:压力失效 | 五洲新春(603667) S1:未触及 R1:压力失效 | 华工科技(000988) S1:未触及 R1:压力失效 | 华工科技(000988_B) S1:未触及 R1:压力失效 | 雪人集团(002639) S1:支撑确认 R1:压力失效
15:01:54 [INFO] 📊 Pivot支撑/压力复盘 | 科创半导体ETF华夏(588170) S1:未触及 R1:压力失效 | 中国巨石(600176) S1:未触及 R1:压力失效 | 双良节能(600481) S1:未触及 R1:压力失效 | 五洲新春(603667) S1:未触及 R1:压力失效 | 华工科技(000988) S1:未触及 R1:压力失效 | 华工科技(000988_B) S1:未触及 R1:压力失效 | 雪人集团(002639) S1:支撑确认 R1:压力失效
15:02:09 [INFO] 📊 Pivot支撑/压力复盘 | 科创半导体ETF华夏(588170) S1:未触及 R1:压力失效 | 中国巨石(600176) S1:未触及 R1:压力失效 | 双良节能(600481) S1:未触及 R1:压力失效 | 五洲新春(603667) S1:未触及 R1:压力失效 | 华工科技(000988) S1:未触及 R1:压力失效 | 华工科技(000988_B) S1:未触及 R1:压力失效 | 雪人集团(002639) S1:支撑确认 R1:压力失效
15:02:24 [INFO] 📊 Pivot支撑/压力复盘 | 科创半导体ETF华夏(588170) S1:未触及 R1:压力失效 | 中国巨石(600176) S1:未触及 R1:压力失效 | 双良节能(600481) S1:未触及 R1:压力失效 | 五洲新春(603667) S1:未触及 R1:压力失效 | 华工科技(000988) S1:未触及 R1:压力失效 | 华工科技(000988_B) S1:未触及 R1:压力失效 | 雪人集团(002639) S1:支撑确认 R1:压力失效
15:02:40 [INFO] 📊 Pivot支撑/压力复盘 | 科创半导体ETF华夏(588170) S1:未触及 R1:压力失效 | 中国巨石(600176) S1:未触及 R1:压力失效 | 双良节能(600481) S1:未触及 R1:压力失效 | 五洲新春(603667) S1:未触及 R1:压力失效 | 华工科技(000988) S1:未触及 R1:压力失效 | 华工科技(000988_B) S1:未触及 R1:压力失效 | 雪人集团(002639) S1:支撑确认 R1:压力失效
15:02:59 [INFO] 📊 Pivot支撑/压力复盘 | 科创半导体ETF华夏(588170) S1:未触及 R1:压力失效 | 中国巨石(600176) S1:未触及 R1:压力失效 | 双良节能(600481) S1:未触及 R1:压力失效 | 五洲新春(603667) S1:未触及 R1:压力失效 | 华工科技(000988) S1:未触及 R1:压力失效 | 华工科技(000988_B) S1:未触及 R1:压力失效 | 雪人集团(002639) S1:支撑确认 R1:压力失效
15:03:17 [INFO] 📊 Pivot支撑/压力复盘 | 科创半导体ETF华夏(588170) S1:未触及 R1:压力失效 | 中国巨石(600176) S1:未触及 R1:压力失效 | 双良节能(600481) S1:未触及 R1:压力失效 | 五洲新春(603667) S1:未触及 R1:压力失效 | 华工科技(000988) S1:未触及 R1:压力失效 | 华工科技(000988_B) S1:未触及 R1:压力失效 | 雪人集团(002639) S1:支撑确认 R1:压力失效
15:03:32 [INFO] 📊 Pivot支撑/压力复盘 | 科创半导体ETF华夏(588170) S1:未触及 R1:压力失效 | 中国巨石(600176) S1:未触及 R1:压力失效 | 双良节能(600481) S1:未触及 R1:压力失效 | 五洲新春(603667) S1:未触及 R1:压力失效 | 华工科技(000988) S1:未触及 R1:压力失效 | 华工科技(000988_B) S1:未触及 R1:压力失效 | 雪人集团(002639) S1:支撑确认 R1:压力失效
15:03:47 [INFO] 📊 Pivot支撑/压力复盘 | 科创半导体ETF华夏(588170) S1:未触及 R1:压力失效 | 中国巨石(600176) S1:未触及 R1:压力失效 | 双良节能(600481) S1:未触及 R1:压力失效 | 五洲新春(603667) S1:未触及 R1:压力失效 | 华工科技(000988) S1:未触及 R1:压力失效 | 华工科技(000988_B) S1:未触及 R1:压力失效 | 雪人集团(002639) S1:支撑确认 R1:压力失效
15:04:03 [INFO] 📊 Pivot支撑/压力复盘 | 科创半导体ETF华夏(588170) S1:未触及 R1:压力失效 | 中国巨石(600176) S1:未触及 R1:压力失效 | 双良节能(600481) S1:未触及 R1:压力失效 | 五洲新春(603667) S1:未触及 R1:压力失效 | 华工科技(000988) S1:未触及 R1:压力失效 | 华工科技(000988_B) S1:未触及 R1:压力失效 | 雪人集团(002639) S1:支撑确认 R1:压力失效
15:04:18 [INFO] 📊 Pivot支撑/压力复盘 | 科创半导体ETF华夏(588170) S1:未触及 R1:压力失效 | 中国巨石(600176) S1:未触及 R1:压力失效 | 双良节能(600481) S1:未触及 R1:压力失效 | 五洲新春(603667) S1:未触及 R1:压力失效 | 华工科技(000988) S1:未触及 R1:压力失效 | 华工科技(000988_B) S1:未触及 R1:压力失效 | 雪人集团(002639) S1:支撑确认 R1:压力失效
15:04:33 [INFO] 📊 Pivot支撑/压力复盘 | 科创半导体ETF华夏(588170) S1:未触及 R1:压力失效 | 中国巨石(600176) S1:未触及 R1:压力失效 | 双良节能(600481) S1:未触及 R1:压力失效 | 五洲新春(603667) S1:未触及 R1:压力失效 | 华工科技(000988) S1:未触及 R1:压力失效 | 华工科技(000988_B) S1:未触及 R1:压力失效 | 雪人集团(002639) S1:支撑确认 R1:压力失效
15:04:48 [INFO] 📊 Pivot支撑/压力复盘 | 科创半导体ETF华夏(588170) S1:未触及 R1:压力失效 | 中国巨石(600176) S1:未触及 R1:压力失效 | 双良节能(600481) S1:未触及 R1:压力失效 | 五洲新春(603667) S1:未触及 R1:压力失效 | 华工科技(000988) S1:未触及 R1:压力失效 | 华工科技(000988_B) S1:未触及 R1:压力失效 | 雪人集团(002639) S1:支撑确认 R1:压力失效
15:05:11 [INFO] 🏗️ 建仓信号扫描完成: 0/35 只触发 signal
15:05:12 [INFO] 建仓扫描汇总飞书推送成功: 35 只
15:05:12 [INFO] 📋 建仓扫描汇总已推送
15:10:27 [INFO] ⏸ 非交易时段，进入低频保活
15:20:27 [INFO] ⏸ 非交易时段，进入低频保活
15:30:27 [INFO] ⏸ 非交易时段，进入低频保活
15:40:28 [INFO] ⏸ 非交易时段，进入低频保活
15:50:28 [INFO] ⏸ 非交易时段，进入低频保活
16:00:28 [INFO] ⏸ 非交易时段，进入低频保活
16:10:28 [INFO] ⏸ 非交易时段，进入低频保活
16:20:28 [INFO] ⏸ 非交易时段，进入低频保活
16:30:28 [INFO] ⏸ 非交易时段，进入低频保活
08:45:33 [INFO] ⏸ 非交易时段，进入低频保活
08:46:29 [INFO] 严重顶背离飞书推送: 600481
08:46:54 [INFO] 已停止盯盘
