10:03:06 [INFO] 🔄 VIRTUAL_TRADES 日期 2026-07-24 != 今日 2026-07-25，自动重置
10:03:06 [INFO] 🔄 VIRTUAL_TRADES: 无历史记录，全新开始
10:03:14 [INFO] ✅ 当日T策略卡已推送: 反T
10:04:17 [INFO] 竞价额Top20：涨9/跌11
评分=45分 → 观察
10:04:17 [INFO] ✅ 早盘竞价分析已推送飞书
10:04:17 [INFO] ========= 做T终极护城河防御版 (V1.26 正T/反T模式切换版) 启动 =========
10:04:17 [INFO] 飞书推送: ✓ 已启用
10:04:17 [INFO] 飞书关键词: 做T猎手预警
10:04:17 [INFO] 飞书Webhook: https://open.feishu.cn/open-apis/bot/v2/hook/e8018470-e...
10:04:17 [INFO] 🔊 系统报警音效已挂载
10:04:18 [INFO] ✅ 启动自检飞书消息已成功送达
10:04:19 [INFO] 🔔 已触发急促报警
10:04:19 [INFO] ⏱ 采用顺序轮询模式：每轮扫描结束后再等待 15 秒（V1.8 确认型收敛）
10:04:19 [INFO] ⏸ 非交易时段，进入低频保活
17:36:44 [INFO] 
17:36:44 [INFO] 
17:36:44 [INFO] 
17:36:46 [INFO] 🔔 已触发急促报警
17:42:43 [INFO] 
17:42:44 [INFO] 
