09:02:50 [INFO] 🔄 VIRTUAL_TRADES 日期 2026-07-23 != 今日 2026-07-24，自动重置
09:02:50 [INFO] 🔄 VIRTUAL_TRADES: 无历史记录，全新开始
09:02:50 [INFO] 📡 缺失E:\06_T\t_io\logs: 2026-07-23热度记录，启动后台补算...
09:02:54 [INFO] 📊 韭研打分池: 1223 行 / 1118 只标的，获取 2026-07-23 行情...
09:05:35 [INFO] ✅ 当日T策略卡已推送: 正T
09:08:02 [INFO] 🔄 VIRTUAL_TRADES 日期 2026-07-23 != 今日 2026-07-24，自动重置
09:08:02 [INFO] 🔄 VIRTUAL_TRADES: 无历史记录，全新开始
09:08:02 [INFO] 📡 缺失E:\06_T\t_io\logs: 2026-07-23热度记录，启动后台补算...
09:08:05 [INFO] 📊 韭研打分池: 1223 行 / 1118 只标的，获取 2026-07-23 行情...
09:10:57 [INFO] 💾 热度落盘: E:\06_T\t_io\logs\sentiment_daily.jsonl + E:\06_T\t_io\logs\sentiment_daily.csv
09:10:57 [INFO] ✅ 热度补算完成: 2026-07-23 横盘震荡 z_S=-1.079 z_top3=-1.09
09:12:14 [INFO] 竞价额Top20：涨0/跌0
评分=50分 → 观察
09:12:14 [INFO] ========= 做T终极护城河防御版 (V1.26 正T/反T模式切换版) 启动 =========
09:12:14 [INFO] 飞书推送: ✓ 已启用
09:12:14 [INFO] 飞书关键词: 做T猎手预警
09:12:14 [INFO] 飞书Webhook: https://open.feishu.cn/open-apis/bot/v2/hook/e8018470-e...
09:12:14 [INFO] 🧹 清理过期分钟线缓存 5 个
09:12:14 [INFO] 🔊 系统报警音效已挂载
09:12:15 [INFO] ✅ 启动自检飞书消息已成功送达
09:12:17 [INFO] 🔔 已触发急促报警
09:12:17 [INFO] ⏱ 采用顺序轮询模式：每轮扫描结束后再等待 15 秒（V1.8 确认型收敛）
09:12:17 [INFO] ⏸ 非交易时段，进入低频保活
09:21:56 [INFO] 竞价额Top20：涨0/跌0
评分=50分 → 观察
09:21:57 [INFO] ✅ 竞价监控已推送飞书
09:21:57 [INFO] 📡 盘前集合竞价监控已刷新
09:23:53 [INFO] 竞价额Top20：涨0/跌0
评分=50分 → 观察
09:23:54 [INFO] ✅ 竞价监控已推送飞书
09:25:06 [INFO] 竞价额Top20：涨1/跌19
评分=5分 → 回避
09:25:07 [INFO] ✅ 早盘竞价分析已推送飞书
09:25:07 [INFO] 📡 盘前集合竞价监控已刷新
09:25:22 [INFO] ✅ 支撑/压力位已推送飞书
09:25:22 [INFO] 📊 支撑/压力位推送完成 (5 只)
09:26:07 [INFO] ✅ 早盘大盘基调已推送: 横盘震荡 S=-38.75 (mode=morning)
09:30:08 [INFO] 🫀 扫描心跳 第1轮开始
09:30:29 [INFO] [stock_feat] 603667 腾讯超时，akshare 兜底成功(118条)
09:30:35 [INFO] [stock_feat] 603667 腾讯超时，akshare 兜底成功(118条)
09:30:49 [INFO] 
📊 护城河防御面板 第1轮
──────────────────────────────────────────────────────────────────────
标的                    现价  均价(VWAP)      振幅       多买/空卖评分  状态
科创半导体ETF华夏(588170)    0.96      0.96    0.2%         多0/空0  无波待涨    
中国巨石(600176)       37.61     37.52    0.3%         多0/空0  无波待涨    
双良节能(600481)        3.88      3.89    0.3%         多0/空0  无波待涨    
五洲新春(603667)       50.62     50.80    0.4%         多0/空0  无波待涨    
华工科技(000988)      107.96    108.16    0.1%         多0/空0  无波待涨    
09:31:04 [INFO] 🫀 扫描心跳 第2轮开始
09:31:38 [INFO] [stock_feat] 000988 腾讯超时，akshare 兜底成功(118条)
09:31:40 [INFO] [stock_feat] 600176 腾讯超时，akshare 兜底成功(118条)
09:31:41 [INFO] [stock_feat] 600481 腾讯超时，akshare 兜底成功(118条)
09:31:42 [INFO] [stock_feat] 603667 腾讯超时，akshare 兜底成功(118条)
09:31:43 [INFO] [stock_feat] 000988 腾讯超时，akshare 兜底成功(118条)
09:31:45 [INFO] [stock_feat] 600176 腾讯超时，akshare 兜底成功(118条)
09:31:46 [INFO] [stock_feat] 600481 腾讯超时，akshare 兜底成功(118条)
09:32:03 [INFO] 🫀 扫描心跳 第3轮开始
09:32:06 [INFO] [stock_feat] 600481 腾讯超时，akshare 兜底成功(118条)
09:32:07 [INFO] [stock_feat] 603667 腾讯超时，akshare 兜底成功(118条)
09:32:08 [INFO] [stock_feat] 000988 腾讯超时，akshare 兜底成功(118条)
09:32:12 [INFO] [stock_feat] 600176 腾讯超时，akshare 兜底成功(118条)
09:32:28 [INFO] [stock_feat] 000988 腾讯超时，akshare 兜底成功(118条)
09:32:31 [INFO] [stock_feat] 600176 腾讯超时，akshare 兜底成功(118条)
09:32:32 [INFO] [stock_feat] 600481 腾讯超时，akshare 兜底成功(118条)
09:32:33 [INFO] [stock_feat] 603667 腾讯超时，akshare 兜底成功(118条)
09:32:34 [INFO] [stock_feat] 000988 腾讯超时，akshare 兜底成功(118条)
09:32:55 [INFO] 🫀 扫描心跳 第4轮开始
09:33:00 [INFO] [stock_feat] 600481 腾讯超时，akshare 兜底成功(118条)
09:33:39 [INFO] [stock_feat] 600176 腾讯超时，akshare 兜底成功(118条)
09:33:43 [INFO] [stock_feat] 000988 腾讯超时，akshare 兜底成功(118条)
09:33:58 [INFO] 🫀 扫描心跳 第5轮开始
09:34:09 [INFO] [stock_feat] 600176 腾讯超时，akshare 兜底成功(118条)
09:34:10 [INFO] [stock_feat] 600481 腾讯超时，akshare 兜底成功(118条)
09:34:11 [INFO] [stock_feat] 603667 腾讯超时，akshare 兜底成功(118条)
09:34:12 [INFO] [stock_feat] 000988 腾讯超时，akshare 兜底成功(118条)
09:34:30 [INFO] [stock_feat] 600481 腾讯超时，akshare 兜底成功(118条)
09:34:33 [INFO] [stock_feat] 000988 腾讯超时，akshare 兜底成功(118条)
09:34:42 [INFO] 
📊 护城河防御面板 第5轮
──────────────────────────────────────────────────────────────────────
标的                    现价  均价(VWAP)      振幅       多买/空卖评分  状态
科创半导体ETF华夏(588170)    0.97      0.96    2.5%   多32.6/空35.0  弱机会     
中国巨石(600176)       37.51     37.19    1.8%   多30.9/空27.5  弱机会     
双良节能(600481)        3.92      3.91    1.0%   多25.2/空38.3  无波待涨    
五洲新春(603667)       50.90     50.67    0.7%   多26.0/空46.4  无波待涨    
华工科技(000988)      109.71    108.24    2.1%   多30.6/空34.4  弱机会     
09:34:57 [INFO] 🫀 扫描心跳 第6轮开始
09:35:00 [INFO] [stock_feat] 600176 腾讯超时，akshare 兜底成功(118条)
09:35:01 [INFO] [stock_feat] 600481 腾讯超时，akshare 兜底成功(118条)
09:35:02 [INFO] [stock_feat] 603667 腾讯超时，akshare 兜底成功(118条)
09:35:19 [INFO] [stock_feat] 600481 腾讯超时，akshare 兜底成功(118条)
09:35:22 [INFO] [stock_feat] 000988 腾讯超时，akshare 兜底成功(118条)
09:35:40 [INFO] [stock_feat] 603667 腾讯超时，akshare 兜底成功(118条)
09:35:41 [INFO] [stock_feat] 000988 腾讯超时，akshare 兜底成功(118条)
09:35:45 [INFO] [stock_feat] 600176 腾讯超时，akshare 兜底成功(118条)
09:35:46 [INFO] [stock_feat] 600481 腾讯超时，akshare 兜底成功(118条)
09:35:47 [INFO] [stock_feat] 603667 腾讯超时，akshare 兜底成功(118条)
09:35:48 [INFO] [stock_feat] 000988 腾讯超时，akshare 兜底成功(118条)
09:36:03 [INFO] 🫀 扫描心跳 第7轮开始
09:36:11 [INFO] [stock_feat] 600176 腾讯超时，akshare 兜底成功(118条)
09:36:16 [INFO] [stock_feat] 000988 腾讯超时，akshare 兜底成功(118条)
09:36:25 [INFO] [stock_feat] 000988 腾讯超时，akshare 兜底成功(118条)
09:36:49 [INFO] [stock_feat] 000988 腾讯超时，akshare 兜底成功(118条)
09:36:53 [INFO] [stock_feat] 600176 腾讯超时，akshare 兜底成功(118条)
09:36:54 [INFO] [stock_feat] 600481 腾讯超时，akshare 兜底成功(118条)
09:36:55 [INFO] [stock_feat] 603667 腾讯超时，akshare 兜底成功(118条)
09:36:56 [INFO] [stock_feat] 000988 腾讯超时，akshare 兜底成功(118条)
09:37:18 [INFO] 🫀 扫描心跳 第8轮开始
09:38:01 [INFO] [stock_feat] 600176 腾讯超时，akshare 兜底成功(118条)
09:38:01 [INFO] [stock_feat] 600481 腾讯超时，akshare 兜底成功(118条)
09:38:02 [INFO] [stock_feat] 603667 腾讯超时，akshare 兜底成功(118条)
09:38:03 [INFO] [stock_feat] 000988 腾讯超时，akshare 兜底成功(118条)
09:38:06 [INFO] [stock_feat] 600176 腾讯超时，akshare 兜底成功(118条)
09:38:07 [INFO] [stock_feat] 600481 腾讯超时，akshare 兜底成功(118条)
09:38:08 [INFO] [stock_feat] 603667 腾讯超时，akshare 兜底成功(118条)
09:38:23 [INFO] 🫀 扫描心跳 第9轮开始
09:38:27 [INFO] [stock_feat] 600176 腾讯超时，akshare 兜底成功(118条)
09:38:28 [INFO] [stock_feat] 600481 腾讯超时，akshare 兜底成功(118条)
09:38:29 [INFO] [stock_feat] 603667 腾讯超时，akshare 兜底成功(118条)
09:38:30 [INFO] [stock_feat] 000988 腾讯超时，akshare 兜底成功(118条)
09:39:15 [INFO] [stock_feat] 000988 腾讯超时，akshare 兜底成功(118条)
09:39:18 [INFO] [stock_feat] 600176 腾讯超时，akshare 兜底成功(118条)
09:39:19 [INFO] [stock_feat] 600481 腾讯超时，akshare 兜底成功(118条)
09:39:33 [INFO] [stock_feat] 000988 腾讯超时，akshare 兜底成功(118条)
09:39:33 [INFO] 
📊 护城河防御面板 第9轮
──────────────────────────────────────────────────────────────────────
标的                    现价  均价(VWAP)      振幅       多买/空卖评分  状态
科创半导体ETF华夏(588170)    0.98      0.96    3.7%   多34.6/空44.5  弱机会     
中国巨石(600176)       37.57     37.24    2.3%   多28.8/空28.9  弱机会     
双良节能(600481)        3.90      3.91    1.3%   多23.9/空25.1  无波待涨    
五洲新春(603667)       51.20     50.71    1.3%   多28.6/空60.3  无波待涨    
华工科技(000988)      110.20    108.49    2.7%   多30.8/空49.1  可T观察    
09:39:48 [INFO] 🫀 扫描心跳 第10轮开始
09:40:20 [INFO] [stock_feat] 000988 腾讯超时，akshare 兜底成功(118条)
09:40:25 [INFO] [stock_feat] 600481 腾讯超时，akshare 兜底成功(118条)
09:40:26 [INFO] [stock_feat] 603667 腾讯超时，akshare 兜底成功(118条)
09:40:27 [INFO] [stock_feat] 000988 腾讯超时，akshare 兜底成功(118条)
09:40:29 [INFO] [stock_feat] 600176 腾讯超时，akshare 兜底成功(118条)
09:40:30 [INFO] [stock_feat] 600481 腾讯超时，akshare 兜底成功(118条)
09:40:31 [INFO] [stock_feat] 603667 腾讯超时，akshare 兜底成功(118条)
09:40:34 [WARNING] [index_regime] http 全部2次重试失败，最后错误: HTTPError
09:40:37 [WARNING] [index_regime] http 全部2次重试失败，最后错误: HTTPError
09:40:38 [WARNING] [index_regime] http 全部2次重试失败，最后错误: HTTPError
09:40:40 [WARNING] [index_regime] http 全部2次重试失败，最后错误: HTTPError
09:40:42 [WARNING] [index_regime] http 全部2次重试失败，最后错误: HTTPError
09:40:43 [WARNING] [index_regime] http 全部2次重试失败，最后错误: HTTPError
09:40:49 [INFO] [stock_feat] 600176 腾讯超时，akshare 兜底成功(118条)
09:40:50 [INFO] [stock_feat] 600481 腾讯超时，akshare 兜底成功(118条)
09:40:51 [INFO] [stock_feat] 603667 腾讯超时，akshare 兜底成功(118条)
09:40:52 [INFO] [stock_feat] 000988 腾讯超时，akshare 兜底成功(118条)
09:41:23 [INFO] 🫀 扫描心跳 第11轮开始
09:41:35 [INFO] [stock_feat] 600481 腾讯超时，akshare 兜底成功(118条)
09:41:37 [INFO] [stock_feat] 603667 腾讯超时，akshare 兜底成功(118条)
09:41:38 [INFO] [stock_feat] 000988 腾讯超时，akshare 兜底成功(118条)
09:41:50 [INFO] [stock_feat] 600176 腾讯超时，akshare 兜底成功(118条)
09:41:51 [INFO] [stock_feat] 600481 腾讯超时，akshare 兜底成功(118条)
09:41:55 [INFO] [stock_feat] 000988 腾讯超时，akshare 兜底成功(118条)
09:42:40 [INFO] [stock_feat] 000988 腾讯超时，akshare 兜底成功(118条)
09:42:40 [INFO] 🎯 603667 市场状态: normal | 综合判断：正常状态
09:42:40 [INFO] 📊 动态份数 603667: 状态=normal 信号强度63/阈值35, 建议交易100股/份 (25%)
09:42:40 [INFO] 📉 603667 卖出信号得分63分，低于10:00前阈值64分，静默处理（不推送飞书）
09:42:43 [INFO] [stock_feat] 600176 腾讯超时，akshare 兜底成功(118条)
09:42:44 [INFO] [stock_feat] 600481 腾讯超时，akshare 兜底成功(118条)
09:42:45 [INFO] [stock_feat] 603667 腾讯超时，akshare 兜底成功(118条)
09:42:46 [INFO] [stock_feat] 000988 腾讯超时，akshare 兜底成功(118条)
09:42:46 [INFO] 🎯 000988 市场状态: normal | 综合判断：正常状态
09:42:46 [INFO] 📊 动态份数 000988: 状态=normal 信号强度46/阈值35, 建议交易100股/份 (33%)
09:42:46 [INFO] 📉 000988 卖出信号得分46分，低于10:00前阈值63分，静默处理（不推送飞书）
09:43:01 [INFO] 🫀 扫描心跳 第12轮开始
09:43:27 [INFO] [stock_feat] 603667 腾讯超时，akshare 兜底成功(118条)
09:43:27 [INFO] [stock_feat] 000988 腾讯超时，akshare 兜底成功(118条)
09:43:27 [INFO] 🎯 588170 市场状态: normal | 综合判断：正常状态
09:43:27 [INFO] 📊 动态份数 588170: 状态=normal 信号强度45/阈值35, 建议交易1600股/份 (40%)
09:43:27 [INFO] 📉 588170 卖出信号得分45分，低于10:00前阈值67分，静默处理（不推送飞书）
09:43:30 [INFO] [stock_feat] 600176 腾讯超时，akshare 兜底成功(118条)
09:43:33 [INFO] [stock_feat] 603667 腾讯超时，akshare 兜底成功(118条)
09:43:34 [INFO] [stock_feat] 000988 腾讯超时，akshare 兜底成功(118条)
09:43:34 [INFO] 🎯 600176 市场状态: normal | 综合判断：正常状态
09:43:34 [INFO] 📊 动态份数 600176: 状态=normal 信号强度64/阈值35, 建议交易100股/份 (33%)
09:43:35 [INFO] ✅ 飞书消息已成功送达: 中国巨石(600176) SELL_HIGH - 加急通知已发送
09:43:36 [INFO] 🔔 已触发急促报警
09:43:51 [INFO] [stock_feat] 600481 腾讯超时，akshare 兜底成功(118条)
09:44:06 [INFO] [stock_feat] 000988 腾讯超时，akshare 兜底成功(118条)
09:44:21 [INFO] 🫀 扫描心跳 第13轮开始
09:44:38 [INFO] [stock_feat] 603667 腾讯超时，akshare 兜底成功(118条)
09:44:45 [INFO] [stock_feat] 600481 腾讯超时，akshare 兜底成功(118条)
09:44:46 [INFO] [stock_feat] 603667 腾讯超时，akshare 兜底成功(118条)
09:45:01 [INFO] [stock_feat] 603667 腾讯超时，akshare 兜底成功(118条)
09:45:05 [INFO] [stock_feat] 600176 腾讯超时，akshare 兜底成功(118条)
09:45:06 [INFO] [stock_feat] 600481 腾讯超时，akshare 兜底成功(118条)
09:45:07 [INFO] [stock_feat] 603667 腾讯超时，akshare 兜底成功(118条)
09:45:08 [INFO] [stock_feat] 000988 腾讯超时，akshare 兜底成功(118条)
09:45:08 [INFO] 
📊 护城河防御面板 第13轮
──────────────────────────────────────────────────────────────────────
标的                    现价  均价(VWAP)      振幅       多买/空卖评分  状态
科创半导体ETF华夏(588170)    0.97      0.97    3.8%   多15.2/空44.9  弱机会     
中国巨石(600176)       38.30     37.32    4.0%   多27.1/空66.2  强可T     
双良节能(600481)        3.89      3.90    1.3%   多17.4/空26.7  无波待涨    
五洲新春(603667)       51.03     50.76    1.6%   多14.2/空63.2  可T观察    
华工科技(000988)      110.60    108.66    2.9%   多27.2/空46.5  可T观察    
09:45:23 [INFO] 🫀 扫描心跳 第14轮开始
09:45:47 [INFO] [stock_feat] 000988 腾讯超时，akshare 兜底成功(118条)
09:45:51 [INFO] [stock_feat] 600481 腾讯超时，akshare 兜底成功(118条)
09:45:52 [INFO] [stock_feat] 603667 腾讯超时，akshare 兜底成功(118条)
09:45:53 [INFO] [stock_feat] 000988 腾讯超时，akshare 兜底成功(118条)
09:45:55 [INFO] [stock_feat] 600176 腾讯超时，akshare 兜底成功(118条)
09:45:56 [INFO] [stock_feat] 600481 腾讯超时，akshare 兜底成功(118条)
09:46:13 [INFO] [stock_feat] 600481 腾讯超时，akshare 兜底成功(118条)
09:46:16 [INFO] [stock_feat] 000988 腾讯超时，akshare 兜底成功(118条)
09:46:31 [INFO] 🫀 扫描心跳 第15轮开始
09:46:59 [INFO] [stock_feat] 000988 腾讯超时，akshare 兜底成功(118条)
09:47:02 [INFO] [stock_feat] 600481 腾讯超时，akshare 兜底成功(118条)
09:47:03 [INFO] [stock_feat] 603667 腾讯超时，akshare 兜底成功(118条)
09:47:07 [INFO] [stock_feat] 600176 腾讯超时，akshare 兜底成功(118条)
09:47:22 [INFO] [stock_feat] 600481 腾讯超时，akshare 兜底成功(118条)
09:47:23 [INFO] [stock_feat] 603667 腾讯超时，akshare 兜底成功(118条)
09:47:39 [INFO] 🫀 扫描心跳 第16轮开始
09:48:10 [INFO] [stock_feat] 600481 腾讯超时，akshare 兜底成功(118条)
09:48:12 [INFO] [stock_feat] 000988 腾讯超时，akshare 兜底成功(118条)
09:48:15 [INFO] [stock_feat] 600176 腾讯超时，akshare 兜底成功(118条)
09:48:16 [INFO] [stock_feat] 600481 腾讯超时，akshare 兜底成功(118条)
09:48:46 [INFO] 🫀 扫描心跳 第17轮开始
09:49:24 [INFO] [stock_feat] 600176 腾讯超时，akshare 兜底成功(118条)
09:49:25 [INFO] [stock_feat] 600481 腾讯超时，akshare 兜底成功(118条)
09:49:26 [INFO] [stock_feat] 603667 腾讯超时，akshare 兜底成功(118条)
09:49:27 [INFO] [stock_feat] 000988 腾讯超时，akshare 兜底成功(118条)
09:49:29 [INFO] [stock_feat] 600176 腾讯超时，akshare 兜底成功(118条)
09:49:47 [INFO] [stock_feat] 600176 腾讯超时，akshare 兜底成功(118条)
09:49:48 [INFO] [stock_feat] 600481 腾讯超时，akshare 兜底成功(118条)
09:49:49 [INFO] [stock_feat] 603667 腾讯超时，akshare 兜底成功(118条)
09:49:50 [INFO] [stock_feat] 000988 腾讯超时，akshare 兜底成功(118条)
09:50:09 [INFO] 
📊 护城河防御面板 第17轮
──────────────────────────────────────────────────────────────────────
标的                    现价  均价(VWAP)      振幅       多买/空卖评分  状态
科创半导体ETF华夏(588170)    0.99      0.97    5.5%   多26.4/空55.2  可T观察    
中国巨石(600176)       37.79     37.37    4.0%   多34.6/空74.2  强可T     
双良节能(600481)        3.91      3.90    1.3%     多nan/空nan  无波待涨    
五洲新春(603667)       51.21     50.84    2.1%   多37.2/空65.6  强可T     
华工科技(000988)      109.83    108.92    3.6%   多25.7/空46.4  可T观察    
09:50:25 [INFO] 🫀 扫描心跳 第18轮开始
09:50:33 [INFO] [stock_feat] 603667 腾讯超时，akshare 兜底成功(118条)
09:50:38 [INFO] [stock_feat] 600176 腾讯超时，akshare 兜底成功(118条)
09:51:17 [INFO] [stock_feat] 603667 腾讯超时，akshare 兜底成功(118条)
09:51:21 [INFO] [stock_feat] 600176 腾讯超时，akshare 兜底成功(118条)
09:51:22 [INFO] [stock_feat] 600481 腾讯超时，akshare 兜底成功(118条)
09:51:23 [INFO] [stock_feat] 603667 腾讯超时，akshare 兜底成功(118条)
09:51:24 [INFO] [stock_feat] 000988 腾讯超时，akshare 兜底成功(118条)
09:51:39 [INFO] 🫀 扫描心跳 第19轮开始
09:51:47 [INFO] [stock_feat] 600176 腾讯超时，akshare 兜底成功(118条)
09:51:48 [INFO] [stock_feat] 600481 腾讯超时，akshare 兜底成功(118条)
09:51:49 [INFO] [stock_feat] 603667 腾讯超时，akshare 兜底成功(118条)
09:52:28 [INFO] [stock_feat] 000988 腾讯超时，akshare 兜底成功(118条)
09:52:33 [INFO] [stock_feat] 600481 腾讯超时，akshare 兜底成功(118条)
09:52:34 [INFO] [stock_feat] 603667 腾讯超时，akshare 兜底成功(118条)
09:52:35 [INFO] [stock_feat] 000988 腾讯超时，akshare 兜底成功(118条)
09:52:37 [INFO] [stock_feat] 600176 腾讯超时，akshare 兜底成功(118条)
09:52:56 [INFO] 🫀 扫描心跳 第20轮开始
09:52:59 [INFO] [stock_feat] 600176 腾讯超时，akshare 兜底成功(118条)
09:53:00 [INFO] [stock_feat] 600481 腾讯超时，akshare 兜底成功(118条)
09:53:13 [INFO] [stock_feat] 600481 腾讯超时，akshare 兜底成功(118条)
09:53:17 [INFO] [stock_feat] 600176 腾讯超时，akshare 兜底成功(118条)
09:53:20 [INFO] [stock_feat] 603667 腾讯超时，akshare 兜底成功(118条)
09:53:21 [INFO] [stock_feat] 000988 腾讯超时，akshare 兜底成功(118条)
09:53:48 [INFO] 🫀 扫描心跳 第21轮开始
09:54:01 [INFO] [stock_feat] 000988 腾讯超时，akshare 兜底成功(118条)
09:54:03 [INFO] [stock_feat] 600176 腾讯超时，akshare 兜底成功(118条)
09:54:04 [INFO] [stock_feat] 600481 腾讯超时，akshare 兜底成功(118条)
09:54:05 [INFO] [stock_feat] 603667 腾讯超时，akshare 兜底成功(118条)
09:54:06 [INFO] [stock_feat] 000988 腾讯超时，akshare 兜底成功(118条)
09:54:25 [INFO] [stock_feat] 600176 腾讯超时，akshare 兜底成功(118条)
09:54:27 [INFO] [stock_feat] 603667 腾讯超时，akshare 兜底成功(118条)
09:54:27 [INFO] [stock_feat] 000988 腾讯超时，akshare 兜底成功(118条)
09:54:27 [INFO] 
📊 护城河防御面板 第21轮
──────────────────────────────────────────────────────────────────────
标的                    现价  均价(VWAP)      振幅       多买/空卖评分  状态
科创半导体ETF华夏(588170)    1.00      0.98    5.5%   多26.4/空46.1  可T观察    
中国巨石(600176)       38.40     37.41    4.2%   多26.5/空77.6  强可T     
双良节能(600481)        3.90      3.90    1.3%    多8.6/空38.2  无波待涨    
五洲新春(603667)       51.49     50.87    2.1%   多25.6/空65.5  强可T     
华工科技(000988)      111.00    109.02    3.6%   多25.5/空53.7  可T观察    
09:54:42 [INFO] 🫀 扫描心跳 第22轮开始
09:54:51 [INFO] [stock_feat] 000988 腾讯超时，akshare 兜底成功(118条)
09:54:54 [INFO] [stock_feat] 600176 腾讯超时，akshare 兜底成功(118条)
09:54:55 [INFO] [stock_feat] 600481 腾讯超时，akshare 兜底成功(118条)
09:55:08 [INFO] [stock_feat] 600481 腾讯超时，akshare 兜底成功(118条)
09:55:11 [INFO] [stock_feat] 000988 腾讯超时，akshare 兜底成功(118条)
09:55:46 [INFO] 🫀 扫描心跳 第23轮开始
09:55:56 [INFO] [stock_feat] 600176 腾讯超时，akshare 兜底成功(118条)
09:55:57 [INFO] [stock_feat] 600481 腾讯超时，akshare 兜底成功(118条)
09:55:58 [INFO] [stock_feat] 603667 腾讯超时，akshare 兜底成功(118条)
09:55:59 [INFO] [stock_feat] 000988 腾讯超时，akshare 兜底成功(118条)
09:56:02 [INFO] [stock_feat] 600176 腾讯超时，akshare 兜底成功(118条)
09:56:02 [INFO] [stock_feat] 600481 腾讯超时，akshare 兜底成功(118条)
09:56:57 [INFO] 🫀 扫描心跳 第24轮开始
09:57:09 [INFO] [stock_feat] 600176 腾讯超时，akshare 兜底成功(118条)
09:57:11 [INFO] [stock_feat] 603667 腾讯超时，akshare 兜底成功(118条)
09:57:12 [INFO] [stock_feat] 000988 腾讯超时，akshare 兜底成功(118条)
09:57:14 [INFO] [stock_feat] 600176 腾讯超时，akshare 兜底成功(118条)
09:57:15 [INFO] [stock_feat] 600481 腾讯超时，akshare 兜底成功(118条)
09:57:16 [INFO] [stock_feat] 603667 腾讯超时，akshare 兜底成功(118条)
09:57:17 [INFO] [stock_feat] 000988 腾讯超时，akshare 兜底成功(118条)
09:57:29 [INFO] [stock_feat] 603667 腾讯超时，akshare 兜底成功(118条)
09:57:29 [INFO] [stock_feat] 000988 腾讯超时，akshare 兜底成功(118条)
09:57:32 [INFO] [stock_feat] 600176 腾讯超时，akshare 兜底成功(118条)
09:57:33 [INFO] [stock_feat] 600481 腾讯超时，akshare 兜底成功(118条)
09:57:34 [INFO] [stock_feat] 603667 腾讯超时，akshare 兜底成功(118条)
09:57:35 [INFO] [stock_feat] 000988 腾讯超时，akshare 兜底成功(118条)
09:57:50 [INFO] 🫀 扫描心跳 第25轮开始
09:57:52 [INFO] [stock_feat] 600176 腾讯超时，akshare 兜底成功(118条)
09:57:53 [INFO] [stock_feat] 600481 腾讯超时，akshare 兜底成功(118条)
09:57:58 [INFO] [stock_feat] 600176 腾讯超时，akshare 兜底成功(118条)
09:57:59 [INFO] [stock_feat] 600481 腾讯超时，akshare 兜底成功(118条)
09:58:19 [INFO] [stock_feat] 600481 腾讯超时，akshare 兜底成功(118条)
09:58:20 [INFO] [stock_feat] 603667 腾讯超时，akshare 兜底成功(118条)
09:58:20 [INFO] [stock_feat] 000988 腾讯超时，akshare 兜底成功(118条)
09:58:21 [INFO] 
📊 护城河防御面板 第25轮
──────────────────────────────────────────────────────────────────────
标的                    现价  均价(VWAP)      振幅       多买/空卖评分  状态
科创半导体ETF华夏(588170)    1.00      0.98    6.0%   多26.1/空52.3  可T观察    
中国巨石(600176)       38.45     37.49    4.9%   多25.5/空74.0  强可T     
双良节能(600481)        3.90      3.90    1.3%    多8.9/空30.2  无波待涨    
五洲新春(603667)       51.50     50.90    2.3%   多25.3/空73.5  强可T     
华工科技(000988)      111.36    109.12    3.9%   多25.3/空53.6  可T观察    
09:58:36 [INFO] 🫀 扫描心跳 第26轮开始
09:59:01 [INFO] [stock_feat] 600176 腾讯超时，akshare 兜底成功(118条)
09:59:03 [INFO] [stock_feat] 603667 腾讯超时，akshare 兜底成功(118条)
09:59:04 [INFO] [stock_feat] 000988 腾讯超时，akshare 兜底成功(118条)
09:59:07 [INFO] [stock_feat] 600176 腾讯超时，akshare 兜底成功(118条)
09:59:08 [INFO] [stock_feat] 600481 腾讯超时，akshare 兜底成功(118条)
09:59:09 [INFO] [stock_feat] 603667 腾讯超时，akshare 兜底成功(118条)
09:59:37 [INFO] 🫀 扫描心跳 第27轮开始
09:59:46 [INFO] [stock_feat] 600176 腾讯超时，akshare 兜底成功(118条)
09:59:47 [INFO] [stock_feat] 600481 腾讯超时，akshare 兜底成功(118条)
09:59:48 [INFO] [stock_feat] 603667 腾讯超时，akshare 兜底成功(118条)
09:59:52 [INFO] [stock_feat] 600176 腾讯超时，akshare 兜底成功(118条)
09:59:54 [INFO] [stock_feat] 603667 腾讯超时，akshare 兜底成功(118条)
09:59:55 [INFO] [stock_feat] 000988 腾讯超时，akshare 兜底成功(118条)
10:00:10 [INFO] [stock_feat] 600176 腾讯超时，akshare 兜底成功(118条)
10:00:11 [INFO] [stock_feat] 600481 腾讯超时，akshare 兜底成功(118条)
10:00:12 [INFO] [stock_feat] 603667 腾讯超时，akshare 兜底成功(118条)
10:00:13 [INFO] [stock_feat] 000988 腾讯超时，akshare 兜底成功(118条)
10:00:28 [INFO] 🫀 扫描心跳 第28轮开始
10:00:34 [INFO] [stock_feat] 000988 腾讯超时，akshare 兜底成功(118条)
10:00:38 [INFO] [stock_feat] 600481 腾讯超时，akshare 兜底成功(118条)
10:00:39 [INFO] [stock_feat] 603667 腾讯超时，akshare 兜底成功(118条)
10:00:40 [INFO] [stock_feat] 000988 腾讯超时，akshare 兜底成功(118条)
10:00:58 [INFO] [stock_feat] 603667 腾讯超时，akshare 兜底成功(118条)
10:01:02 [INFO] [stock_feat] 600176 腾讯超时，akshare 兜底成功(118条)
10:01:03 [INFO] [stock_feat] 600481 腾讯超时，akshare 兜底成功(118条)
10:01:04 [INFO] [stock_feat] 603667 腾讯超时，akshare 兜底成功(118条)
10:01:20 [INFO] 🫀 扫描心跳 第29轮开始
10:01:23 [INFO] [stock_feat] 600176 腾讯超时，akshare 兜底成功(118条)
10:01:26 [INFO] [stock_feat] 000988 腾讯超时，akshare 兜底成功(118条)
10:02:02 [INFO] [stock_feat] 000988 腾讯超时，akshare 兜底成功(118条)
10:02:02 [INFO] 
📊 护城河防御面板 第29轮
──────────────────────────────────────────────────────────────────────
标的                    现价  均价(VWAP)      振幅       多买/空卖评分  状态
科创半导体ETF华夏(588170)    1.00      0.98    6.0%   多35.3/空76.4  强可T     
中国巨石(600176)       38.59     37.54    4.9%   多27.5/空65.3  强可T     
双良节能(600481)        3.89      3.90    1.3%   多23.7/空26.3  无波待涨    
五洲新春(603667)       51.25     50.92    2.3%   多37.1/空65.4  强可T     
华工科技(000988)      110.77    109.19    3.9%   多36.9/空45.9  可T观察    
10:02:17 [INFO] 🫀 扫描心跳 第30轮开始
10:02:31 [INFO] [stock_feat] 603667 腾讯超时，akshare 兜底成功(118条)
10:02:32 [INFO] [stock_feat] 000988 腾讯超时，akshare 兜底成功(118条)
10:02:34 [INFO] [stock_feat] 600176 腾讯超时，akshare 兜底成功(118条)
10:02:35 [INFO] [stock_feat] 600481 腾讯超时，akshare 兜底成功(118条)
10:02:36 [INFO] [stock_feat] 603667 腾讯超时，akshare 兜底成功(118条)
10:02:37 [INFO] [stock_feat] 000988 腾讯超时，akshare 兜底成功(118条)
10:03:05 [INFO] 🫀 扫描心跳 第31轮开始
10:03:20 [INFO] [stock_feat] 600176 腾讯超时，akshare 兜底成功(118条)
10:03:20 [INFO] [stock_feat] 600481 腾讯超时，akshare 兜底成功(118条)
10:03:21 [INFO] [stock_feat] 603667 腾讯超时，akshare 兜底成功(118条)
10:03:22 [INFO] [stock_feat] 000988 腾讯超时，akshare 兜底成功(118条)
10:03:25 [INFO] [stock_feat] 600176 腾讯超时，akshare 兜底成功(118条)
10:03:26 [INFO] [stock_feat] 600481 腾讯超时，akshare 兜底成功(118条)
10:03:39 [INFO] [stock_feat] 000988 腾讯超时，akshare 兜底成功(118条)
10:03:54 [INFO] 🫀 扫描心跳 第32轮开始
10:04:02 [INFO] [stock_feat] 600176 腾讯超时，akshare 兜底成功(118条)
10:04:03 [INFO] [stock_feat] 600481 腾讯超时，akshare 兜底成功(118条)
10:04:04 [INFO] [stock_feat] 603667 腾讯超时，akshare 兜底成功(118条)
10:04:05 [INFO] [stock_feat] 000988 腾讯超时，akshare 兜底成功(118条)
10:04:21 [INFO] [stock_feat] 600176 腾讯超时，akshare 兜底成功(118条)
10:04:29 [INFO] [stock_feat] 600481 腾讯超时，akshare 兜底成功(118条)
10:04:30 [INFO] [stock_feat] 603667 腾讯超时，akshare 兜底成功(118条)
10:04:31 [INFO] [stock_feat] 000988 腾讯超时，akshare 兜底成功(118条)
10:04:34 [INFO] [stock_feat] 600176 腾讯超时，akshare 兜底成功(118条)
10:04:53 [INFO] 🫀 扫描心跳 第33轮开始
10:05:14 [INFO] [stock_feat] 603667 腾讯超时，akshare 兜底成功(118条)
10:05:15 [INFO] [stock_feat] 000988 腾讯超时，akshare 兜底成功(118条)
10:05:37 [INFO] [stock_feat] 000988 腾讯超时，akshare 兜底成功(118条)
10:05:39 [INFO] [stock_feat] 600176 腾讯超时，akshare 兜底成功(118条)
10:05:40 [INFO] [stock_feat] 600481 腾讯超时，akshare 兜底成功(118条)
10:05:41 [INFO] [stock_feat] 603667 腾讯超时，akshare 兜底成功(118条)
10:05:49 [INFO] 
📊 护城河防御面板 第33轮
──────────────────────────────────────────────────────────────────────
标的                    现价  均价(VWAP)      振幅       多买/空卖评分  状态
科创半导体ETF华夏(588170)    0.99      0.98    6.0%   多36.6/空76.3  强可T     
中国巨石(600176)       38.05     37.58    4.9%   多36.7/空65.8  强可T     
双良节能(600481)        3.91      3.90    1.3%   多20.3/空39.3  无波待涨    
五洲新春(603667)       50.83     50.94    2.3%   多20.0/空47.7  可T观察    
华工科技(000988)      110.42    109.27    3.9%   多32.5/空45.7  可T观察    
10:06:04 [INFO] 🫀 扫描心跳 第34轮开始
10:06:08 [INFO] [stock_feat] 600481 腾讯超时，akshare 兜底成功(118条)
10:06:45 [INFO] [stock_feat] 600481 腾讯超时，akshare 兜底成功(118条)
10:06:46 [INFO] [stock_feat] 603667 腾讯超时，akshare 兜底成功(118条)
10:06:47 [INFO] [stock_feat] 000988 腾讯超时，akshare 兜底成功(118条)
10:06:50 [INFO] [stock_feat] 600176 腾讯超时，akshare 兜底成功(118条)
10:06:51 [INFO] [stock_feat] 600481 腾讯超时，akshare 兜底成功(118条)
10:06:52 [INFO] [stock_feat] 603667 腾讯超时，akshare 兜底成功(118条)
10:06:52 [INFO] [stock_feat] 000988 腾讯超时，akshare 兜底成功(118条)
10:06:55 [INFO] [stock_feat] 600176 腾讯超时，akshare 兜底成功(118条)
10:06:56 [INFO] [stock_feat] 600481 腾讯超时，akshare 兜底成功(118条)
10:07:13 [INFO] 🫀 扫描心跳 第35轮开始
10:07:16 [INFO] [stock_feat] 600176 腾讯超时，akshare 兜底成功(118条)
10:07:37 [INFO] [stock_feat] 603667 腾讯超时，akshare 兜底成功(118条)
10:08:06 [INFO] 🫀 扫描心跳 第36轮开始
10:08:21 [INFO] [stock_feat] 000988 腾讯超时，akshare 兜底成功(118条)
10:08:46 [INFO] [stock_feat] 600176 腾讯超时，akshare 兜底成功(118条)
10:08:46 [INFO] [stock_feat] 600481 腾讯超时，akshare 兜底成功(118条)
10:08:47 [INFO] [stock_feat] 603667 腾讯超时，akshare 兜底成功(118条)
10:08:48 [INFO] [stock_feat] 000988 腾讯超时，akshare 兜底成功(118条)
10:08:51 [INFO] [stock_feat] 600176 腾讯超时，akshare 兜底成功(118条)
10:09:09 [INFO] 🫀 扫描心跳 第37轮开始
10:09:12 [INFO] [stock_feat] 600176 腾讯超时，akshare 兜底成功(118条)
10:09:13 [INFO] [stock_feat] 600481 腾讯超时，akshare 兜底成功(118条)
10:09:14 [INFO] [stock_feat] 603667 腾讯超时，akshare 兜底成功(118条)
10:09:15 [INFO] [stock_feat] 000988 腾讯超时，akshare 兜底成功(118条)
10:09:53 [INFO] [stock_feat] 600481 腾讯超时，akshare 兜底成功(118条)
10:09:55 [INFO] [stock_feat] 000988 腾讯超时，akshare 兜底成功(118条)
10:09:58 [INFO] [stock_feat] 600176 腾讯超时，akshare 兜底成功(118条)
10:09:59 [INFO] [stock_feat] 600481 腾讯超时，akshare 兜底成功(118条)
10:10:00 [INFO] [stock_feat] 603667 腾讯超时，akshare 兜底成功(118条)
10:10:04 [INFO] [stock_feat] 600481 腾讯超时，akshare 兜底成功(118条)
10:10:06 [INFO] 
📊 护城河防御面板 第37轮
──────────────────────────────────────────────────────────────────────
标的                    现价  均价(VWAP)      振幅       多买/空卖评分  状态
科创半导体ETF华夏(588170)    1.00      0.98    6.0%   多31.9/空75.2  强可T     
中国巨石(600176)       38.45     37.60    4.9%   多31.1/空65.1  强可T     
双良节能(600481)        3.89      3.90    1.3%   多19.7/空26.4  无波待涨    
五洲新春(603667)       50.97     50.95    2.3%   多26.9/空53.4  可T观察    
华工科技(000988)      111.33    109.32    3.9%   多31.2/空45.0  可T观察    
10:10:21 [INFO] 🫀 扫描心跳 第38轮开始
10:10:25 [INFO] [stock_feat] 600176 腾讯超时，akshare 兜底成功(118条)
10:10:26 [INFO] [stock_feat] 600481 腾讯超时，akshare 兜底成功(118条)
10:10:41 [INFO] [stock_feat] 000988 腾讯超时，akshare 兜底成功(118条)
10:10:45 [INFO] [stock_feat] 600481 腾讯超时，akshare 兜底成功(118条)
10:10:46 [INFO] [stock_feat] 603667 腾讯超时，akshare 兜底成功(118条)
10:10:47 [INFO] [stock_feat] 000988 腾讯超时，akshare 兜底成功(118条)
10:10:50 [WARNING] [index_regime] http 全部2次重试失败，最后错误: HTTPError
10:10:52 [WARNING] [index_regime] http 全部2次重试失败，最后错误: HTTPError
10:10:54 [WARNING] [index_regime] http 全部2次重试失败，最后错误: HTTPError
10:10:55 [WARNING] [index_regime] http 全部2次重试失败，最后错误: HTTPError
10:10:57 [WARNING] [index_regime] http 全部2次重试失败，最后错误: HTTPError
10:10:58 [WARNING] [index_regime] http 全部2次重试失败，最后错误: HTTPError
10:11:03 [INFO] [stock_feat] 600481 腾讯超时，akshare 兜底成功(118条)
10:11:04 [INFO] [stock_feat] 603667 腾讯超时，akshare 兜底成功(118条)
10:11:11 [INFO] [stock_feat] 600481 腾讯超时，akshare 兜底成功(118条)
10:11:12 [INFO] [stock_feat] 603667 腾讯超时，akshare 兜底成功(118条)
10:11:28 [INFO] 🫀 扫描心跳 第39轮开始
10:11:56 [INFO] [stock_feat] 603667 腾讯超时，akshare 兜底成功(118条)
10:11:57 [INFO] [stock_feat] 000988 腾讯超时，akshare 兜底成功(118条)
10:11:59 [INFO] [stock_feat] 600176 腾讯超时，akshare 兜底成功(118条)
10:12:29 [INFO] 🫀 扫描心跳 第40轮开始
10:12:40 [INFO] [stock_feat] 600176 腾讯超时，akshare 兜底成功(118条)
10:12:46 [INFO] [stock_feat] 600176 腾讯超时，akshare 兜底成功(118条)
10:12:47 [INFO] [stock_feat] 600481 腾讯超时，akshare 兜底成功(118条)
10:12:48 [INFO] [stock_feat] 603667 腾讯超时，akshare 兜底成功(118条)
10:13:11 [INFO] [stock_feat] 600176 腾讯超时，akshare 兜底成功(118条)
10:13:12 [INFO] [stock_feat] 600481 腾讯超时，akshare 兜底成功(118条)
10:13:13 [INFO] [stock_feat] 603667 腾讯超时，akshare 兜底成功(118条)
10:13:14 [INFO] [stock_feat] 000988 腾讯超时，akshare 兜底成功(118条)
10:13:35 [INFO] 🫀 扫描心跳 第41轮开始
10:13:49 [INFO] [stock_feat] 603667 腾讯超时，akshare 兜底成功(118条)
10:13:50 [INFO] [stock_feat] 000988 腾讯超时，akshare 兜底成功(118条)
10:13:50 [INFO] 🎯 588170 市场状态: normal | 综合判断：正常状态
10:13:50 [INFO] 📊 动态份数 588170: 状态=normal 信号强度65/阈值35, 建议交易900股/份 (22%)
10:13:50 [INFO] 📉 588170 卖出信号得分65分，低于10:00后阈值67分，静默处理（不推送飞书）
10:13:54 [INFO] [stock_feat] 600176 腾讯超时，akshare 兜底成功(118条)
10:13:55 [INFO] [stock_feat] 600481 腾讯超时，akshare 兜底成功(118条)
10:13:57 [INFO] [stock_feat] 000988 腾讯超时，akshare 兜底成功(118条)
10:14:15 [INFO] [stock_feat] 603667 腾讯超时，akshare 兜底成功(118条)
10:14:16 [INFO] [stock_feat] 000988 腾讯超时，akshare 兜底成功(118条)
10:14:16 [INFO] 
📊 护城河防御面板 第41轮
──────────────────────────────────────────────────────────────────────
标的                    现价  均价(VWAP)      振幅       多买/空卖评分  状态
科创半导体ETF华夏(588170)    1.00      0.98    6.0%   多45.2/空65.3  强可T|SELL_HIGH
中国巨石(600176)       38.10     37.62    4.9%   多35.2/空35.5  弱机会     
双良节能(600481)        3.87      3.90    1.6%   多27.2/空16.3  弱机会     
五洲新春(603667)       50.70     50.96    2.3%   多15.1/空15.6  无信号     
华工科技(000988)      111.00    109.42    4.1%   多46.9/空35.3  可T观察    
10:14:31 [INFO] 🫀 扫描心跳 第42轮开始
10:14:39 [INFO] [stock_feat] 600176 腾讯超时，akshare 兜底成功(118条)
10:14:39 [INFO] [stock_feat] 600481 腾讯超时，akshare 兜底成功(118条)
10:14:41 [INFO] [stock_feat] 000988 腾讯超时，akshare 兜底成功(118条)
10:15:04 [INFO] [stock_feat] 600176 腾讯超时，akshare 兜底成功(118条)
10:15:07 [INFO] [stock_feat] 000988 腾讯超时，akshare 兜底成功(118条)
10:15:09 [INFO] [stock_feat] 600176 腾讯超时，akshare 兜底成功(118条)
10:15:10 [INFO] [stock_feat] 600481 腾讯超时，akshare 兜底成功(118条)
10:15:11 [INFO] [stock_feat] 603667 腾讯超时，akshare 兜底成功(118条)
10:15:12 [INFO] [stock_feat] 000988 腾讯超时，akshare 兜底成功(118条)
10:15:27 [INFO] 🫀 扫描心跳 第43轮开始
10:15:29 [INFO] [stock_feat] 600176 腾讯超时，akshare 兜底成功(118条)
10:15:30 [INFO] [stock_feat] 600481 腾讯超时，akshare 兜底成功(118条)
10:15:31 [INFO] [stock_feat] 603667 腾讯超时，akshare 兜底成功(118条)
10:15:32 [INFO] [stock_feat] 000988 腾讯超时，akshare 兜底成功(118条)
10:15:34 [INFO] [stock_feat] 600176 腾讯超时，akshare 兜底成功(118条)
10:16:16 [INFO] [stock_feat] 600481 腾讯超时，akshare 兜底成功(118条)
10:16:18 [INFO] [stock_feat] 000988 腾讯超时，akshare 兜底成功(118条)
10:16:33 [INFO] 🫀 扫描心跳 第44轮开始
10:16:43 [INFO] [stock_feat] 603667 腾讯超时，akshare 兜底成功(118条)
10:16:44 [INFO] [stock_feat] 000988 腾讯超时，akshare 兜底成功(118条)
10:17:00 [INFO] 🎯 600481 市场状态: normal | 综合判断：正常状态
10:17:00 [INFO] 🛑 大盘熔断/仓控阻断 600481: normal / normal_t
10:17:01 [INFO] ✅ 飞书消息已成功送达: 双良节能(600481) BUY_LOW - 加急通知已发送
10:17:03 [INFO] 🔔 已触发急促报警
10:17:03 [INFO] 🛑 600481 受大盘熔断/仓控阻断，跳过交易记录
10:17:07 [INFO] [stock_feat] 600176 腾讯超时，akshare 兜底成功(118条)
10:17:08 [INFO] [stock_feat] 600481 腾讯超时，akshare 兜底成功(118条)
10:17:09 [INFO] [stock_feat] 603667 腾讯超时，akshare 兜底成功(118条)
10:17:10 [INFO] [stock_feat] 000988 腾讯超时，akshare 兜底成功(118条)
10:17:13 [INFO] [stock_feat] 600176 腾讯超时，akshare 兜底成功(118条)
10:17:31 [INFO] 🫀 扫描心跳 第45轮开始
10:17:34 [INFO] [stock_feat] 600176 腾讯超时，akshare 兜底成功(118条)
10:17:35 [INFO] [stock_feat] 600481 腾讯超时，akshare 兜底成功(118条)
10:17:37 [INFO] [stock_feat] 000988 腾讯超时，akshare 兜底成功(118条)
10:17:49 [INFO] 🎯 600481 市场状态: normal | 综合判断：正常状态
10:17:49 [INFO] 🛑 大盘熔断/仓控阻断 600481: normal / normal_t
10:17:49 [INFO] ✅ 飞书消息已成功送达: 双良节能(600481) BUY_LOW - 加急通知已发送
10:17:51 [INFO] 🔔 已触发急促报警
10:17:51 [INFO] 🛑 600481 受大盘熔断/仓控阻断，跳过交易记录
10:18:14 [INFO] [stock_feat] 000988 腾讯超时，akshare 兜底成功(118条)
10:18:17 [INFO] [stock_feat] 600176 腾讯超时，akshare 兜底成功(118条)
10:18:21 [INFO] [stock_feat] 000988 腾讯超时，akshare 兜底成功(118条)
10:18:21 [INFO] 
📊 护城河防御面板 第45轮
──────────────────────────────────────────────────────────────────────
标的                    现价  均价(VWAP)      振幅       多买/空卖评分  状态
科创半导体ETF华夏(588170)    0.99      0.98    6.0%   多45.6/空63.6  可T观察    
中国巨石(600176)       37.91     37.65    4.9%   多54.6/空35.1  可T观察    
双良节能(600481)        3.87      3.90    1.8%   多48.3/空15.5  可T观察|BUY_LOW
五洲新春(603667)       50.45     50.97    2.5%   多33.3/空15.7  弱机会     
华工科技(000988)      110.22    109.46    4.1%   多34.7/空35.3  弱机会     
10:18:36 [INFO] 🫀 扫描心跳 第46轮开始
10:18:43 [INFO] [stock_feat] 600481 腾讯超时，akshare 兜底成功(118条)
10:18:44 [INFO] [stock_feat] 603667 腾讯超时，akshare 兜底成功(118条)
10:18:48 [INFO] [stock_feat] 600176 腾讯超时，akshare 兜底成功(118条)
10:18:56 [INFO] 🎯 600481 市场状态: normal | 综合判断：正常状态
10:18:56 [INFO] 🛑 大盘熔断/仓控阻断 600481: normal / normal_t
10:18:57 [INFO] ✅ 飞书消息已成功送达: 双良节能(600481) BUY_LOW - 加急通知已发送
10:18:58 [INFO] 🔔 已触发急促报警
10:18:58 [INFO] 🛑 600481 受大盘熔断/仓控阻断，跳过交易记录
10:19:31 [INFO] [stock_feat] 603667 腾讯超时，akshare 兜底成功(118条)
10:19:32 [INFO] [stock_feat] 000988 腾讯超时，akshare 兜底成功(118条)
10:19:47 [INFO] 🫀 扫描心跳 第47轮开始
10:19:53 [INFO] [stock_feat] 000988 腾讯超时，akshare 兜底成功(118条)
10:19:56 [INFO] [stock_feat] 600481 腾讯超时，akshare 兜底成功(118条)
10:19:57 [INFO] [stock_feat] 603667 腾讯超时，akshare 兜底成功(118条)
10:19:58 [INFO] [stock_feat] 000988 腾讯超时，akshare 兜底成功(118条)
10:20:17 [INFO] [stock_feat] 600176 腾讯超时，akshare 兜底成功(118条)
10:20:20 [INFO] 🎯 603667 市场状态: normal | 综合判断：正常状态
10:20:20 [INFO] 📊 动态份数 603667: 状态=normal 信号强度49/阈值35, 建议交易100股/份 (25%)
10:20:20 [INFO] ✅ 飞书消息已成功送达: 五洲新春(603667) BUY_LOW - 加急通知已发送
10:20:22 [INFO] 🔔 已触发急促报警
10:20:25 [INFO] [stock_feat] 600176 腾讯超时，akshare 兜底成功(118条)
10:20:43 [INFO] 🫀 扫描心跳 第48轮开始
10:20:46 [INFO] [stock_feat] 600176 腾讯超时，akshare 兜底成功(118条)
10:20:47 [INFO] [stock_feat] 600481 腾讯超时，akshare 兜底成功(118条)
10:20:48 [INFO] [stock_feat] 603667 腾讯超时，akshare 兜底成功(118条)
10:20:48 [INFO] [stock_feat] 000988 腾讯超时，akshare 兜底成功(118条)
10:21:27 [INFO] [stock_feat] 600176 腾讯超时，akshare 兜底成功(118条)
10:21:28 [INFO] [stock_feat] 600481 腾讯超时，akshare 兜底成功(118条)
10:21:29 [INFO] [stock_feat] 603667 腾讯超时，akshare 兜底成功(118条)
10:21:30 [INFO] [stock_feat] 000988 腾讯超时，akshare 兜底成功(118条)
10:21:45 [INFO] 🫀 扫描心跳 第49轮开始
10:21:53 [INFO] [stock_feat] 600481 腾讯超时，akshare 兜底成功(118条)
10:21:54 [INFO] [stock_feat] 603667 腾讯超时，akshare 兜底成功(118条)
10:21:55 [INFO] [stock_feat] 000988 腾讯超时，akshare 兜底成功(118条)
10:21:57 [INFO] [stock_feat] 600176 腾讯超时，akshare 兜底成功(118条)
10:21:58 [INFO] [stock_feat] 600481 腾讯超时，akshare 兜底成功(118条)
10:21:59 [INFO] [stock_feat] 603667 腾讯超时，akshare 兜底成功(118条)
10:22:00 [INFO] [stock_feat] 000988 腾讯超时，akshare 兜底成功(118条)
10:22:15 [INFO] [stock_feat] 600481 腾讯超时，akshare 兜底成功(118条)
10:22:16 [INFO] [stock_feat] 603667 腾讯超时，akshare 兜底成功(118条)
10:22:17 [INFO] 
📊 护城河防御面板 第49轮
──────────────────────────────────────────────────────────────────────
标的                    现价  均价(VWAP)      振幅       多买/空卖评分  状态
科创半导体ETF华夏(588170)    0.99      0.98    6.0%   多42.7/空64.0  可T观察    
中国巨石(600176)       37.55     37.68    4.9%   多27.3/空16.3  弱机会     
双良节能(600481)        3.85      3.90    2.1%   多41.0/空15.8  弱机会     
五洲新春(603667)       50.39     50.96    2.6%   多48.6/空15.7  可T观察    
华工科技(000988)      110.12    109.50    4.1%   多53.0/空34.8  可T观察    
10:22:32 [INFO] 🫀 扫描心跳 第50轮开始
10:22:44 [INFO] [stock_feat] 603667 腾讯超时，akshare 兜底成功(118条)
10:22:45 [INFO] [stock_feat] 000988 腾讯超时，akshare 兜底成功(118条)
10:22:47 [INFO] [stock_feat] 600176 腾讯超时，akshare 兜底成功(118条)
10:22:48 [INFO] [stock_feat] 600481 腾讯超时，akshare 兜底成功(118条)
10:22:49 [INFO] [stock_feat] 603667 腾讯超时，akshare 兜底成功(118条)
10:23:15 [INFO] 🫀 扫描心跳 第51轮开始
10:23:26 [INFO] [stock_feat] 603667 腾讯超时，akshare 兜底成功(118条)
10:23:27 [INFO] [stock_feat] 000988 腾讯超时，akshare 兜底成功(118条)
10:23:29 [INFO] [stock_feat] 600176 腾讯超时，akshare 兜底成功(118条)
10:23:30 [INFO] [stock_feat] 600481 腾讯超时，akshare 兜底成功(118条)
10:23:35 [INFO] [stock_feat] 600176 腾讯超时，akshare 兜底成功(118条)
10:23:51 [INFO] [stock_feat] 603667 腾讯超时，akshare 兜底成功(118条)
10:23:52 [INFO] [stock_feat] 000988 腾讯超时，akshare 兜底成功(118条)
10:24:07 [INFO] 🫀 扫描心跳 第52轮开始
10:24:18 [INFO] [stock_feat] 600481 腾讯超时，akshare 兜底成功(118条)
10:24:20 [INFO] [stock_feat] 000988 腾讯超时，akshare 兜底成功(118条)
10:24:46 [INFO] [stock_feat] 603667 腾讯超时，akshare 兜底成功(118条)
10:24:47 [INFO] [stock_feat] 000988 腾讯超时，akshare 兜底成功(118条)
10:25:03 [INFO] 🫀 扫描心跳 第53轮开始
10:25:07 [INFO] [stock_feat] 603667 腾讯超时，akshare 兜底成功(118条)
10:25:11 [INFO] [stock_feat] 600176 腾讯超时，akshare 兜底成功(118条)
10:25:12 [INFO] [stock_feat] 600481 腾讯超时，akshare 兜底成功(118条)
10:25:13 [INFO] [stock_feat] 603667 腾讯超时，akshare 兜底成功(118条)
10:25:33 [INFO] [stock_feat] 600176 腾讯超时，akshare 兜底成功(118条)
10:25:34 [INFO] [stock_feat] 600481 腾讯超时，akshare 兜底成功(118条)
10:25:35 [INFO] [stock_feat] 603667 腾讯超时，akshare 兜底成功(118条)
10:25:36 [INFO] [stock_feat] 000988 腾讯超时，akshare 兜底成功(118条)
10:25:36 [INFO] 
📊 护城河防御面板 第53轮
──────────────────────────────────────────────────────────────────────
标的                    现价  均价(VWAP)      振幅       多买/空卖评分  状态
科创半导体ETF华夏(588170)    0.99      0.98    6.0%   多41.4/空64.9  可T观察    
中国巨石(600176)       37.80     37.69    4.9%   多36.8/空30.8  弱机会     
双良节能(600481)        3.87      3.90    2.1%   多29.4/空15.2  弱机会     
五洲新春(603667)       50.36     50.96    2.7%   多43.6/空15.4  弱机会     
华工科技(000988)      109.90    109.53    4.1%   多40.8/空32.5  弱机会     
10:25:51 [INFO] 🫀 扫描心跳 第54轮开始
10:25:55 [INFO] [stock_feat] 603667 腾讯超时，akshare 兜底成功(118条)
10:25:56 [INFO] [stock_feat] 000988 腾讯超时，akshare 兜底成功(118条)
10:25:58 [INFO] [stock_feat] 600176 腾讯超时，akshare 兜底成功(118条)
10:25:59 [INFO] [stock_feat] 600481 腾讯超时，akshare 兜底成功(118条)
10:26:00 [INFO] [stock_feat] 603667 腾讯超时，akshare 兜底成功(118条)
10:26:31 [INFO] 🫀 扫描心跳 第55轮开始
10:26:41 [INFO] [stock_feat] 600481 腾讯超时，akshare 兜底成功(118条)
10:26:45 [INFO] [stock_feat] 600176 腾讯超时，akshare 兜底成功(118条)
10:26:47 [INFO] [stock_feat] 603667 腾讯超时，akshare 兜底成功(118条)
10:26:48 [INFO] [stock_feat] 000988 腾讯超时，akshare 兜底成功(118条)
10:27:03 [INFO] [stock_feat] 600481 腾讯超时，akshare 兜底成功(118条)
10:27:05 [INFO] [stock_feat] 000988 腾讯超时，akshare 兜底成功(118条)
10:27:20 [INFO] 🫀 扫描心跳 第56轮开始
10:27:29 [INFO] [stock_feat] 600481 腾讯超时，akshare 兜底成功(118条)
10:27:31 [INFO] [stock_feat] 000988 腾讯超时，akshare 兜底成功(118条)
10:27:34 [INFO] [stock_feat] 600481 腾讯超时，akshare 兜底成功(118条)
10:27:36 [INFO] [stock_feat] 603667 腾讯超时，akshare 兜底成功(118条)
10:27:45 [INFO] [stock_feat] 600176 腾讯超时，akshare 兜底成功(118条)
10:27:46 [INFO] [stock_feat] 600481 腾讯超时，akshare 兜底成功(118条)
10:27:54 [INFO] [stock_feat] 603667 腾讯超时，akshare 兜底成功(118条)
10:27:55 [INFO] [stock_feat] 000988 腾讯超时，akshare 兜底成功(118条)
10:28:10 [INFO] 🫀 扫描心跳 第57轮开始
10:28:17 [INFO] [stock_feat] 000988 腾讯超时，akshare 兜底成功(118条)
10:28:19 [INFO] [stock_feat] 600176 腾讯超时，akshare 兜底成功(118条)
10:28:20 [INFO] [stock_feat] 600481 腾讯超时，akshare 兜底成功(118条)
10:28:21 [INFO] [stock_feat] 603667 腾讯超时，akshare 兜底成功(118条)
10:28:21 [INFO] [stock_feat] 000988 腾讯超时，akshare 兜底成功(118条)
10:28:23 [INFO] [stock_feat] 600176 腾讯超时，akshare 兜底成功(118条)
10:28:24 [INFO] [stock_feat] 600481 腾讯超时，akshare 兜底成功(118条)
10:28:25 [INFO] [stock_feat] 603667 腾讯超时，akshare 兜底成功(118条)
10:28:26 [INFO] [stock_feat] 000988 腾讯超时，akshare 兜底成功(118条)
10:28:38 [INFO] 
📊 护城河防御面板 第57轮
──────────────────────────────────────────────────────────────────────
标的                    现价  均价(VWAP)      振幅       多买/空卖评分  状态
科创半导体ETF华夏(588170)    1.00      0.99    6.0%   多35.4/空64.9  可T观察    
中国巨石(600176)       38.06     37.70    4.9%   多35.6/空44.4  弱机会     
双良节能(600481)        3.87      3.90    2.1%   多29.2/空15.1  弱机会     
五洲新春(603667)       50.35     50.95    2.8%   多15.4/空23.3  无信号     
华工科技(000988)      110.72    109.55    4.1%   多36.7/空34.9  弱机会     
10:28:53 [INFO] 🫀 扫描心跳 第58轮开始
10:29:09 [INFO] [stock_feat] 600176 腾讯超时，akshare 兜底成功(118条)
10:29:09 [INFO] [stock_feat] 600481 腾讯超时，akshare 兜底成功(118条)
10:29:10 [INFO] [stock_feat] 603667 腾讯超时，akshare 兜底成功(118条)
10:29:11 [INFO] [stock_feat] 000988 腾讯超时，akshare 兜底成功(118条)
10:29:13 [INFO] [stock_feat] 600176 腾讯超时，akshare 兜底成功(118条)
10:29:14 [INFO] [stock_feat] 600481 腾讯超时，akshare 兜底成功(118条)
10:29:15 [INFO] [stock_feat] 603667 腾讯超时，akshare 兜底成功(118条)
10:29:43 [INFO] 🫀 扫描心跳 第59轮开始
10:29:57 [INFO] [stock_feat] 603667 腾讯超时，akshare 兜底成功(118条)
10:29:58 [INFO] [stock_feat] 000988 腾讯超时，akshare 兜底成功(118条)
10:30:18 [INFO] [stock_feat] 600176 腾讯超时，akshare 兜底成功(118条)
10:30:19 [INFO] [stock_feat] 600481 腾讯超时，akshare 兜底成功(118条)
10:30:21 [INFO] [stock_feat] 000988 腾讯超时，akshare 兜底成功(118条)
10:30:24 [INFO] [stock_feat] 600176 腾讯超时，akshare 兜底成功(118条)
10:30:25 [INFO] [stock_feat] 600481 腾讯超时，akshare 兜底成功(118条)
10:30:26 [INFO] [stock_feat] 603667 腾讯超时，akshare 兜底成功(118条)
10:30:27 [INFO] [stock_feat] 000988 腾讯超时，akshare 兜底成功(118条)
10:30:42 [INFO] 🫀 扫描心跳 第60轮开始
10:30:45 [INFO] [stock_feat] 600176 腾讯超时，akshare 兜底成功(118条)
10:30:46 [INFO] [stock_feat] 600481 腾讯超时，akshare 兜底成功(118条)
10:30:48 [INFO] [stock_feat] 000988 腾讯超时，akshare 兜底成功(118条)
10:30:51 [INFO] [stock_feat] 600176 腾讯超时，akshare 兜底成功(118条)
10:30:52 [INFO] [stock_feat] 600481 腾讯超时，akshare 兜底成功(118条)
10:30:53 [INFO] [stock_feat] 603667 腾讯超时，akshare 兜底成功(118条)
10:30:54 [INFO] [stock_feat] 000988 腾讯超时，akshare 兜底成功(118条)
10:31:34 [INFO] [stock_feat] 600176 腾讯超时，akshare 兜底成功(118条)
10:31:35 [INFO] [stock_feat] 600481 腾讯超时，akshare 兜底成功(118条)
10:31:37 [INFO] [stock_feat] 000988 腾讯超时，akshare 兜底成功(118条)
10:31:52 [INFO] 🫀 扫描心跳 第61轮开始
10:31:56 [INFO] [stock_feat] 600481 腾讯超时，akshare 兜底成功(118条)
10:32:01 [INFO] [stock_feat] 600176 腾讯超时，akshare 兜底成功(118条)
10:32:02 [INFO] [stock_feat] 600481 腾讯超时，akshare 兜底成功(118条)
10:32:03 [INFO] [stock_feat] 603667 腾讯超时，akshare 兜底成功(118条)
10:32:04 [INFO] [stock_feat] 000988 腾讯超时，akshare 兜底成功(118条)
10:32:22 [INFO] [stock_feat] 603667 腾讯超时，akshare 兜底成功(118条)
10:32:23 [INFO] [stock_feat] 000988 腾讯超时，akshare 兜底成功(118条)
10:32:25 [INFO] [stock_feat] 600176 腾讯超时，akshare 兜底成功(118条)
10:32:26 [INFO] [stock_feat] 600481 腾讯超时，akshare 兜底成功(118条)
10:32:27 [INFO] [stock_feat] 603667 腾讯超时，akshare 兜底成功(118条)
10:32:28 [INFO] [stock_feat] 000988 腾讯超时，akshare 兜底成功(118条)
10:32:28 [INFO] 
📊 护城河防御面板 第61轮
──────────────────────────────────────────────────────────────────────
标的                    现价  均价(VWAP)      振幅       多买/空卖评分  状态
科创半导体ETF华夏(588170)    1.00      0.99    6.0%   多35.2/空71.5  强可T     
中国巨石(600176)       37.83     37.71    4.9%   多35.0/空39.9  弱机会     
双良节能(600481)        3.86      3.90    2.1%   多33.1/空23.2  弱机会     
五洲新春(603667)       50.45     50.94    2.8%   多15.3/空15.0  无信号     
华工科技(000988)      110.54    109.58    4.1%   多35.0/空43.1  弱机会     
10:32:43 [INFO] 🫀 扫描心跳 第62轮开始
10:32:46 [INFO] [stock_feat] 600176 腾讯超时，akshare 兜底成功(118条)
10:32:49 [INFO] [stock_feat] 603667 腾讯超时，akshare 兜底成功(118条)
10:32:50 [INFO] [stock_feat] 000988 腾讯超时，akshare 兜底成功(118条)
10:32:52 [INFO] [stock_feat] 600176 腾讯超时，akshare 兜底成功(118条)
10:32:56 [INFO] [stock_feat] 000988 腾讯超时，akshare 兜底成功(118条)
10:33:08 [INFO] [stock_feat] 603667 腾讯超时，akshare 兜底成功(118条)
10:33:31 [INFO] [stock_feat] 000988 腾讯超时，akshare 兜底成功(118条)
10:33:46 [INFO] 🫀 扫描心跳 第63轮开始
10:33:59 [INFO] [stock_feat] 603667 腾讯超时，akshare 兜底成功(118条)
10:34:03 [INFO] [stock_feat] 600176 腾讯超时，akshare 兜底成功(118条)
10:34:04 [INFO] [stock_feat] 600481 腾讯超时，akshare 兜底成功(118条)
10:34:45 [INFO] [stock_feat] 600481 腾讯超时，akshare 兜底成功(118条)
10:34:46 [INFO] [stock_feat] 603667 腾讯超时，akshare 兜底成功(118条)
10:34:47 [INFO] [stock_feat] 000988 腾讯超时，akshare 兜底成功(118条)
10:35:03 [INFO] 🫀 扫描心跳 第64轮开始
10:35:07 [INFO] [stock_feat] 600176 腾讯超时，akshare 兜底成功(118条)
10:35:08 [INFO] [stock_feat] 600481 腾讯超时，akshare 兜底成功(118条)
10:35:09 [INFO] [stock_feat] 603667 腾讯超时，akshare 兜底成功(118条)
10:35:10 [INFO] [stock_feat] 000988 腾讯超时，akshare 兜底成功(118条)
10:35:12 [INFO] [stock_feat] 600176 腾讯超时，akshare 兜底成功(118条)
10:35:33 [INFO] [stock_feat] 000988 腾讯超时，akshare 兜底成功(118条)
10:35:35 [INFO] [stock_feat] 600176 腾讯超时，akshare 兜底成功(118条)
10:35:36 [INFO] [stock_feat] 600481 腾讯超时，akshare 兜底成功(118条)
10:35:53 [INFO] 🫀 扫描心跳 第65轮开始
10:35:55 [INFO] [stock_feat] 600176 腾讯超时，akshare 兜底成功(118条)
10:35:56 [INFO] [stock_feat] 600481 腾讯超时，akshare 兜底成功(118条)
10:35:57 [INFO] [stock_feat] 603667 腾讯超时，akshare 兜底成功(118条)
10:35:58 [INFO] [stock_feat] 000988 腾讯超时，akshare 兜底成功(118条)
10:36:01 [INFO] [stock_feat] 600176 腾讯超时，akshare 兜底成功(118条)
10:36:02 [INFO] [stock_feat] 600481 腾讯超时，akshare 兜底成功(118条)
10:36:02 [INFO] [stock_feat] 603667 腾讯超时，akshare 兜底成功(118条)
10:36:19 [INFO] [stock_feat] 603667 腾讯超时，akshare 兜底成功(118条)
10:36:20 [INFO] 
📊 护城河防御面板 第65轮
──────────────────────────────────────────────────────────────────────
标的                    现价  均价(VWAP)      振幅       多买/空卖评分  状态
科创半导体ETF华夏(588170)    0.99      0.99    6.0%   多34.5/空64.6  可T观察    
中国巨石(600176)       37.64     37.72    4.9%   多41.9/空16.9  弱机会     
双良节能(600481)        3.85      3.90    2.1%   多36.5/空17.4  弱机会     
五洲新春(603667)       49.95     50.93    3.5%   多29.4/空15.7  弱机会     
华工科技(000988)      109.90    109.61    4.1%   多31.6/空30.7  弱机会     
10:36:35 [INFO] 🫀 扫描心跳 第66轮开始
10:37:04 [INFO] [stock_feat] 600176 腾讯超时，akshare 兜底成功(118条)
10:37:06 [INFO] [stock_feat] 603667 腾讯超时，akshare 兜底成功(118条)
10:37:10 [INFO] [stock_feat] 600176 腾讯超时，akshare 兜底成功(118条)
10:37:11 [INFO] [stock_feat] 600481 腾讯超时，akshare 兜底成功(118条)
10:37:12 [INFO] [stock_feat] 603667 腾讯超时，akshare 兜底成功(118条)
10:37:12 [INFO] [stock_feat] 000988 腾讯超时，akshare 兜底成功(118条)
10:37:15 [INFO] [stock_feat] 600176 腾讯超时，akshare 兜底成功(118条)
10:37:16 [INFO] [stock_feat] 600481 腾讯超时，akshare 兜底成功(118条)
10:37:32 [INFO] 🫀 扫描心跳 第67轮开始
10:37:35 [INFO] [stock_feat] 600176 腾讯超时，akshare 兜底成功(118条)
10:37:36 [INFO] [stock_feat] 600481 腾讯超时，akshare 兜底成功(118条)
10:37:37 [INFO] [stock_feat] 603667 腾讯超时，akshare 兜底成功(118条)
10:37:37 [INFO] [stock_feat] 000988 腾讯超时，akshare 兜底成功(118条)
10:37:57 [INFO] [stock_feat] 600176 腾讯超时，akshare 兜底成功(118条)
10:37:59 [INFO] [stock_feat] 603667 腾讯超时，akshare 兜底成功(118条)
10:38:00 [INFO] [stock_feat] 000988 腾讯超时，akshare 兜底成功(118条)
10:38:03 [INFO] [stock_feat] 600176 腾讯超时，akshare 兜底成功(118条)
10:38:04 [INFO] [stock_feat] 600481 腾讯超时，akshare 兜底成功(118条)
10:38:05 [INFO] [stock_feat] 603667 腾讯超时，akshare 兜底成功(118条)
10:38:05 [INFO] [stock_feat] 000988 腾讯超时，akshare 兜底成功(118条)
10:38:21 [INFO] 🫀 扫描心跳 第68轮开始
10:38:23 [INFO] [stock_feat] 600176 腾讯超时，akshare 兜底成功(118条)
10:38:24 [INFO] [stock_feat] 600481 腾讯超时，akshare 兜底成功(118条)
10:38:25 [INFO] [stock_feat] 603667 腾讯超时，akshare 兜底成功(118条)
10:38:26 [INFO] [stock_feat] 000988 腾讯超时，akshare 兜底成功(118条)
10:38:28 [INFO] [stock_feat] 600176 腾讯超时，akshare 兜底成功(118条)
10:38:28 [INFO] [stock_feat] 600481 腾讯超时，akshare 兜底成功(118条)
10:38:29 [INFO] [stock_feat] 603667 腾讯超时，akshare 兜底成功(118条)
10:38:30 [INFO] [stock_feat] 000988 腾讯超时，akshare 兜底成功(118条)
10:38:32 [INFO] [stock_feat] 600176 腾讯超时，akshare 兜底成功(118条)
10:39:16 [INFO] 🫀 扫描心跳 第69轮开始
10:39:25 [INFO] [stock_feat] 600481 腾讯超时，akshare 兜底成功(118条)
10:39:32 [INFO] [stock_feat] 000988 腾讯超时，akshare 兜底成功(118条)
10:39:36 [INFO] [stock_feat] 600481 腾讯超时，akshare 兜底成功(118条)
10:39:37 [INFO] [stock_feat] 603667 腾讯超时，akshare 兜底成功(118条)
10:39:37 [INFO] [stock_feat] 000988 腾讯超时，akshare 兜底成功(118条)
10:39:40 [INFO] [stock_feat] 600176 腾讯超时，akshare 兜底成功(118条)
10:39:41 [INFO] [stock_feat] 600481 腾讯超时，akshare 兜底成功(118条)
10:39:41 [INFO] [stock_feat] 603667 腾讯超时，akshare 兜底成功(118条)
10:39:42 [INFO] 
📊 护城河防御面板 第69轮
──────────────────────────────────────────────────────────────────────
标的                    现价  均价(VWAP)      振幅       多买/空卖评分  状态
科创半导体ETF华夏(588170)    0.99      0.99    6.0%   多34.9/空65.0  强可T     
中国巨石(600176)       37.50     37.72    4.9%   多36.9/空15.4  弱机会     
双良节能(600481)        3.86      3.90    2.1%   多33.2/空15.1  弱机会     
五洲新春(603667)       50.00     50.91    3.5%   多24.6/空15.5  无信号     
华工科技(000988)      109.40    109.63    4.1%   多37.6/空17.3  弱机会     
10:39:57 [INFO] 🫀 扫描心跳 第70轮开始
10:40:23 [INFO] [stock_feat] 000988 腾讯超时，akshare 兜底成功(118条)
10:40:26 [INFO] [stock_feat] 600176 腾讯超时，akshare 兜底成功(118条)
10:40:28 [INFO] [stock_feat] 603667 腾讯超时，akshare 兜底成功(118条)
10:40:29 [INFO] [stock_feat] 000988 腾讯超时，akshare 兜底成功(118条)
10:40:31 [INFO] [stock_feat] 600176 腾讯超时，akshare 兜底成功(118条)
10:40:57 [INFO] 🫀 扫描心跳 第71轮开始
10:41:16 [WARNING] [index_regime] http 全部2次重试失败，最后错误: HTTPError
10:41:17 [WARNING] [index_regime] http 全部2次重试失败，最后错误: HTTPError
10:41:18 [WARNING] [index_regime] http 全部2次重试失败，最后错误: HTTPError
10:41:19 [WARNING] [index_regime] http 全部2次重试失败，最后错误: HTTPError
10:41:21 [WARNING] [index_regime] http 全部2次重试失败，最后错误: HTTPError
10:41:22 [WARNING] [index_regime] http 全部2次重试失败，最后错误: HTTPError
10:41:36 [INFO] 🎯 600176 市场状态: normal | 综合判断：正常状态
10:41:36 [INFO] 📊 动态份数 600176: 状态=normal 信号强度48/阈值35, 建议交易100股/份 (33%)
10:41:37 [INFO] ✅ 飞书消息已成功送达: 中国巨石(600176) BUY_LOW - 加急通知已发送
10:41:38 [INFO] 🔔 已触发急促报警
10:41:41 [INFO] [stock_feat] 600176 腾讯超时，akshare 兜底成功(118条)
10:41:42 [INFO] [stock_feat] 600481 腾讯超时，akshare 兜底成功(118条)
10:41:43 [INFO] [stock_feat] 603667 腾讯超时，akshare 兜底成功(118条)
10:41:44 [INFO] [stock_feat] 000988 腾讯超时，akshare 兜底成功(118条)
10:41:46 [INFO] [stock_feat] 600176 腾讯超时，akshare 兜底成功(118条)
10:41:47 [INFO] [stock_feat] 600481 腾讯超时，akshare 兜底成功(118条)
10:41:48 [INFO] [stock_feat] 603667 腾讯超时，akshare 兜底成功(118条)
10:41:54 [INFO] 🎯 000988 市场状态: normal | 综合判断：正常状态
10:41:54 [INFO] 📊 动态份数 000988: 状态=normal 信号强度49/阈值35, 建议交易100股/份 (33%)
10:41:55 [INFO] ✅ 飞书消息已成功送达: 华工科技(000988) BUY_LOW - 加急通知已发送
10:41:56 [INFO] 🔔 已触发急促报警
10:42:11 [INFO] 🫀 扫描心跳 第72轮开始
10:42:29 [INFO] [stock_feat] 603667 腾讯超时，akshare 兜底成功(118条)
10:42:30 [INFO] [stock_feat] 000988 腾讯超时，akshare 兜底成功(118条)
10:42:32 [INFO] [stock_feat] 600176 腾讯超时，akshare 兜底成功(118条)
10:42:33 [INFO] [stock_feat] 600481 腾讯超时，akshare 兜底成功(118条)
10:42:34 [INFO] [stock_feat] 603667 腾讯超时，akshare 兜底成功(118条)
10:42:35 [INFO] [stock_feat] 000988 腾讯超时，akshare 兜底成功(118条)
10:43:01 [INFO] 🫀 扫描心跳 第73轮开始
10:44:02 [INFO] 
📊 护城河防御面板 第73轮
──────────────────────────────────────────────────────────────────────
标的                    现价  均价(VWAP)      振幅       多买/空卖评分  状态
科创半导体ETF华夏(588170)    0.99      0.99    6.0%   多43.3/空64.1  可T观察    
中国巨石(600176)       37.46     37.73    4.9%   多47.5/空15.2  可T观察    
双良节能(600481)        3.85      3.90    2.1%   多28.9/空15.1  弱机会     
五洲新春(603667)       49.80     50.89    3.8%   多36.0/空15.2  弱机会     
华工科技(000988)      109.46    109.65    4.1%   多48.8/空17.3  可T观察    
10:44:17 [INFO] 🫀 扫描心跳 第74轮开始
10:44:25 [INFO] 🎯 588170 市场状态: normal | 综合判断：正常状态
10:44:25 [INFO] 📊 动态份数 588170: 状态=normal 信号强度64/阈值35, 建议交易600股/份 (15%)
10:44:25 [INFO] 📉 588170 卖出信号得分64分，低于10:00后阈值67分，静默处理（不推送飞书）
10:44:39 [INFO] 已停止盯盘
10:44:44 [INFO] 🔄 已恢复 VIRTUAL_TRADES: 4 只股票, 6 笔卖出, 3 笔买入
10:46:32 [INFO] 竞价额Top20：涨8/跌12
评分=40分 → 回避
10:46:33 [INFO] ✅ 早盘竞价分析已推送飞书
10:46:33 [INFO] ========= 做T终极护城河防御版 (V1.26 正T/反T模式切换版) 启动 =========
10:46:33 [INFO] 飞书推送: ✓ 已启用
10:46:33 [INFO] 飞书关键词: 做T猎手预警
10:46:33 [INFO] 飞书Webhook: https://open.feishu.cn/open-apis/bot/v2/hook/e8018470-e...
10:46:33 [INFO] 🔊 系统报警音效已挂载
10:46:34 [INFO] ✅ 启动自检飞书消息已成功送达
10:46:35 [INFO] 🔔 已触发急促报警
10:46:35 [INFO] ⏱ 采用顺序轮询模式：每轮扫描结束后再等待 15 秒（V1.8 确认型收敛）
10:46:35 [INFO] 🫀 扫描心跳 第1轮开始
10:46:56 [WARNING] ⚠️  科创半导体ETF华夏(588170) 扫描异常: float division by zero
10:47:04 [INFO] 
📊 护城河防御面板 第1轮
──────────────────────────────────────────────────────────────────────
标的                    现价  均价(VWAP)      振幅       多买/空卖评分  状态
中国巨石(600176)       37.32     37.73    4.9%   多31.4/空25.2  弱机会     
双良节能(600481)        3.86      3.90    2.1%   多19.1/空24.8  无信号     
五洲新春(603667)       49.81     50.87    3.8%   多31.2/空25.1  弱机会     
华工科技(000988)      110.00    109.67    4.1%   多22.9/空41.2  弱机会     
10:47:19 [INFO] 🫀 扫描心跳 第2轮开始
10:47:21 [WARNING] ⚠️  科创半导体ETF华夏(588170) 扫描异常: float division by zero
10:47:43 [INFO] 🫀 扫描心跳 第3轮开始
10:47:52 [WARNING] ⚠️  科创半导体ETF华夏(588170) 扫描异常: float division by zero
10:48:14 [INFO] 🫀 扫描心跳 第4轮开始
10:48:16 [WARNING] ⚠️  科创半导体ETF华夏(588170) 扫描异常: float division by zero
10:48:38 [INFO] 🫀 扫描心跳 第5轮开始
10:48:39 [WARNING] ⚠️  科创半导体ETF华夏(588170) 扫描异常: float division by zero
10:49:06 [INFO] 已停止盯盘
10:49:11 [INFO] 🔄 已恢复 VIRTUAL_TRADES: 4 只股票, 6 笔卖出, 3 笔买入
10:51:04 [INFO] 竞价额Top20：涨10/跌10
评分=50分 → 观察
10:51:05 [INFO] ✅ 早盘竞价分析已推送飞书
10:51:05 [INFO] ========= 做T终极护城河防御版 (V1.26 正T/反T模式切换版) 启动 =========
10:51:05 [INFO] 飞书推送: ✓ 已启用
10:51:05 [INFO] 飞书关键词: 做T猎手预警
10:51:05 [INFO] 飞书Webhook: https://open.feishu.cn/open-apis/bot/v2/hook/e8018470-e...
10:51:05 [INFO] 🔊 系统报警音效已挂载
10:51:06 [INFO] ✅ 启动自检飞书消息已成功送达
10:51:07 [INFO] 🔔 已触发急促报警
10:51:07 [INFO] ⏱ 采用顺序轮询模式：每轮扫描结束后再等待 15 秒（V1.8 确认型收敛）
10:51:07 [INFO] 🫀 扫描心跳 第1轮开始
10:51:33 [INFO] 🎯 588170 市场状态: normal | 综合判断：正常状态
10:51:33 [INFO] 📊 动态份数 588170: 状态=normal 信号强度107/阈值35, 建议交易100股/份 (2%)
10:51:34 [INFO] ✅ 飞书消息已成功送达: 科创半导体ETF华夏(588170) SELL_HIGH - 加急通知已发送
10:51:35 [INFO] 🔔 已触发急促报警
10:51:45 [INFO] 
📊 护城河防御面板 第1轮
──────────────────────────────────────────────────────────────────────
标的                    现价  均价(VWAP)      振幅       多买/空卖评分  状态
科创半导体ETF华夏(588170)    1.00      0.99    6.0%  多25.3/空106.8  强可T|SELL_HIGH
中国巨石(600176)       37.29     37.74    4.9%   多19.5/空25.1  弱机会     
双良节能(600481)        3.85      3.89    2.3%   多21.4/空25.0  弱机会     
五洲新春(603667)       49.71     50.85    4.1%    多6.1/空25.1  弱机会     
华工科技(000988)      109.72    109.69    4.1%   多11.7/空32.4  弱机会     
10:52:00 [INFO] 🫀 扫描心跳 第2轮开始
10:52:23 [INFO] 🫀 扫描心跳 第3轮开始
10:53:07 [INFO] 🫀 扫描心跳 第4轮开始
10:53:31 [INFO] 🫀 扫描心跳 第5轮开始
10:53:47 [INFO] 
📊 护城河防御面板 第5轮
──────────────────────────────────────────────────────────────────────
标的                    现价  均价(VWAP)      振幅       多买/空卖评分  状态
科创半导体ETF华夏(588170)    1.00      0.99    6.0%  多25.3/空106.8  强可T     
中国巨石(600176)       37.29     37.74    4.9%   多19.5/空25.1  弱机会     
双良节能(600481)        3.85      3.89    2.3%   多21.4/空25.0  弱机会     
五洲新春(603667)       49.71     50.85    4.1%    多6.1/空25.1  弱机会     
华工科技(000988)      109.72    109.69    4.1%   多11.7/空32.4  弱机会     
10:54:02 [INFO] 🫀 扫描心跳 第6轮开始
10:54:26 [INFO] 🫀 扫描心跳 第7轮开始
10:55:13 [INFO] 🫀 扫描心跳 第8轮开始
10:55:39 [INFO] 🫀 扫描心跳 第9轮开始
10:55:56 [INFO] 
📊 护城河防御面板 第9轮
──────────────────────────────────────────────────────────────────────
标的                    现价  均价(VWAP)      振幅       多买/空卖评分  状态
科创半导体ETF华夏(588170)    1.01      0.99    6.4%   多25.7/空99.5  强可T     
中国巨石(600176)       37.58     37.74    4.9%   多19.6/空37.1  弱机会     
双良节能(600481)        3.85      3.89    2.3%    多5.1/空33.0  弱机会     
五洲新春(603667)       50.11     50.83    4.1%    多5.4/空36.5  弱机会     
华工科技(000988)      110.30    109.70    4.1%   多25.0/空44.1  弱机会     
10:56:11 [INFO] 🫀 扫描心跳 第10轮开始
10:56:37 [INFO] 🫀 扫描心跳 第11轮开始
10:57:09 [INFO] 🫀 扫描心跳 第12轮开始
10:57:33 [INFO] 🫀 扫描心跳 第13轮开始
10:57:49 [INFO] 
📊 护城河防御面板 第13轮
──────────────────────────────────────────────────────────────────────
标的                    现价  均价(VWAP)      振幅       多买/空卖评分  状态
科创半导体ETF华夏(588170)    1.01      0.99    6.7%  多25.0/空103.6  强可T     
中国巨石(600176)       37.58     37.74    4.9%   多19.6/空37.1  弱机会     
双良节能(600481)        3.85      3.89    2.3%    多5.1/空33.0  弱机会     
五洲新春(603667)       50.11     50.83    4.1%    多5.4/空36.5  弱机会     
华工科技(000988)      110.30    109.70    4.1%   多25.0/空44.1  弱机会     
10:58:04 [INFO] 🫀 扫描心跳 第14轮开始
10:58:28 [INFO] 🫀 扫描心跳 第15轮开始
10:58:54 [INFO] 🫀 扫描心跳 第16轮开始
10:59:24 [INFO] 🫀 扫描心跳 第17轮开始
10:59:33 [INFO] 
📊 护城河防御面板 第17轮
──────────────────────────────────────────────────────────────────────
标的                    现价  均价(VWAP)      振幅       多买/空卖评分  状态
科创半导体ETF华夏(588170)    1.01      0.99    6.7%  多25.0/空103.6  强可T     
中国巨石(600176)       37.33     37.74    4.9%    多5.0/空33.1  弱机会     
双良节能(600481)        3.85      3.89    2.3%    多5.0/空33.1  弱机会     
五洲新春(603667)       49.80     50.82    4.1%    多4.9/空33.1  弱机会     
华工科技(000988)      109.46    109.71    4.1%    多5.6/空34.8  弱机会     
10:59:48 [INFO] 🫀 扫描心跳 第18轮开始
11:00:29 [INFO] 🫀 扫描心跳 第19轮开始
11:00:53 [INFO] 🫀 扫描心跳 第20轮开始
11:01:24 [INFO] 🫀 扫描心跳 第21轮开始
11:01:35 [INFO] 
📊 护城河防御面板 第21轮
──────────────────────────────────────────────────────────────────────
标的                    现价  均价(VWAP)      振幅       多买/空卖评分  状态
科创半导体ETF华夏(588170)    1.00      0.99    6.7%   多44.6/空95.8  强可T     
中国巨石(600176)       37.33     37.74    4.9%    多5.0/空33.1  弱机会     
双良节能(600481)        3.85      3.89    2.3%    多5.0/空33.1  弱机会     
五洲新春(603667)       49.80     50.82    4.1%    多4.9/空33.1  弱机会     
华工科技(000988)      109.46    109.71    4.1%    多5.6/空34.8  弱机会     
11:01:50 [INFO] 🫀 扫描心跳 第22轮开始
11:02:21 [INFO] 🫀 扫描心跳 第23轮开始
11:02:44 [INFO] 🫀 扫描心跳 第24轮开始
11:03:07 [INFO] 🫀 扫描心跳 第25轮开始
11:03:22 [INFO] 
📊 护城河防御面板 第25轮
──────────────────────────────────────────────────────────────────────
标的                    现价  均价(VWAP)      振幅       多买/空卖评分  状态
科创半导体ETF华夏(588170)    1.00      0.99    6.7%   多44.6/空95.8  强可T     
中国巨石(600176)       37.09     37.74    4.9%   多14.8/空25.3  弱机会     
双良节能(600481)        3.84      3.89    2.3%   多23.0/空25.1  弱机会     
五洲新春(603667)       49.60     50.80    4.2%   多14.8/空33.3  弱机会     
华工科技(000988)      108.71    109.72    4.1%   多26.9/空25.3  弱机会     
11:03:37 [INFO] 🫀 扫描心跳 第26轮开始
11:04:01 [INFO] 🫀 扫描心跳 第27轮开始
11:04:32 [INFO] 🫀 扫描心跳 第28轮开始
11:04:56 [INFO] 🫀 扫描心跳 第29轮开始
11:05:06 [INFO] 
📊 护城河防御面板 第29轮
──────────────────────────────────────────────────────────────────────
标的                    现价  均价(VWAP)      振幅       多买/空卖评分  状态
科创半导体ETF华夏(588170)    1.00      0.99    6.7%   多36.9/空95.4  强可T     
中国巨石(600176)       37.32     37.74    4.9%   多19.3/空24.8  无信号     
双良节能(600481)        3.85      3.89    2.3%   多19.2/空24.9  无信号     
五洲新春(603667)       49.75     50.79    4.2%   多19.2/空24.9  无信号     
华工科技(000988)      109.18    109.72    4.1%   多23.9/空25.2  弱机会     
11:05:21 [INFO] 🫀 扫描心跳 第30轮开始
11:05:51 [INFO] 🫀 扫描心跳 第31轮开始
11:06:15 [INFO] 🫀 扫描心跳 第32轮开始
11:06:58 [INFO] 🫀 扫描心跳 第33轮开始
11:07:10 [INFO] 
📊 护城河防御面板 第33轮
──────────────────────────────────────────────────────────────────────
标的                    现价  均价(VWAP)      振幅       多买/空卖评分  状态
科创半导体ETF华夏(588170)    1.00      0.99    6.7%   多31.8/空95.0  强可T     
中国巨石(600176)       37.32     37.74    4.9%   多19.3/空24.8  无信号     
双良节能(600481)        3.85      3.89    2.3%   多19.2/空24.9  无信号     
五洲新春(603667)       49.75     50.79    4.2%   多19.2/空24.9  无信号     
华工科技(000988)      109.18    109.72    4.1%   多23.9/空25.2  弱机会     
11:07:25 [INFO] 🫀 扫描心跳 第34轮开始
11:07:57 [INFO] 🫀 扫描心跳 第35轮开始
11:08:22 [INFO] 🫀 扫描心跳 第36轮开始
11:08:53 [INFO] 🫀 扫描心跳 第37轮开始
11:09:02 [INFO] 
📊 护城河防御面板 第37轮
──────────────────────────────────────────────────────────────────────
标的                    现价  均价(VWAP)      振幅       多买/空卖评分  状态
科创半导体ETF华夏(588170)    1.00      0.99    6.7%   多31.8/空95.0  强可T     
中国巨石(600176)       37.39     37.74    4.9%   多19.3/空35.7  弱机会     
双良节能(600481)        3.85      3.89    2.3%   多19.1/空24.9  无信号     
五洲新春(603667)       49.77     50.78    4.2%   多19.1/空24.9  无信号     
华工科技(000988)      109.20    109.72    4.1%   多19.2/空25.2  弱机会     
11:09:17 [INFO] 🫀 扫描心跳 第38轮开始
11:09:41 [INFO] 🫀 扫描心跳 第39轮开始
11:10:21 [INFO] 🫀 扫描心跳 第40轮开始
11:10:45 [INFO] 🫀 扫描心跳 第41轮开始
11:11:00 [INFO] 
📊 护城河防御面板 第41轮
──────────────────────────────────────────────────────────────────────
标的                    现价  均价(VWAP)      振幅       多买/空卖评分  状态
科创半导体ETF华夏(588170)    1.00      0.99    6.7%   多47.0/空95.1  强可T     
中国巨石(600176)       37.39     37.74    4.9%   多19.3/空35.7  弱机会     
双良节能(600481)        3.85      3.89    2.3%   多19.1/空24.9  无信号     
五洲新春(603667)       49.77     50.78    4.2%   多19.1/空24.9  无信号     
华工科技(000988)      109.20    109.72    4.1%   多19.2/空25.2  弱机会     
11:11:15 [INFO] 🫀 扫描心跳 第42轮开始
11:11:40 [INFO] 🫀 扫描心跳 第43轮开始
11:12:17 [INFO] 🫀 扫描心跳 第44轮开始
11:12:43 [INFO] 🫀 扫描心跳 第45轮开始
11:13:00 [INFO] 
📊 护城河防御面板 第45轮
──────────────────────────────────────────────────────────────────────
标的                    现价  均价(VWAP)      振幅       多买/空卖评分  状态
科创半导体ETF华夏(588170)    1.00      0.99    6.7%   多47.0/空95.1  强可T     
中国巨石(600176)       37.15     37.73    4.9%   多26.5/空33.1  弱机会     
双良节能(600481)        3.84      3.89    2.3%   多14.8/空33.1  弱机会     
五洲新春(603667)       49.70     50.77    4.2%   多19.0/空33.0  弱机会     
华工科技(000988)      108.65    109.73    4.1%   多26.4/空25.1  弱机会     
11:13:15 [INFO] 🫀 扫描心跳 第46轮开始
11:13:38 [INFO] 🫀 扫描心跳 第47轮开始
11:14:02 [INFO] 🫀 扫描心跳 第48轮开始
11:14:39 [INFO] 🫀 扫描心跳 第49轮开始
11:14:48 [INFO] 
📊 护城河防御面板 第49轮
──────────────────────────────────────────────────────────────────────
标的                    现价  均价(VWAP)      振幅       多买/空卖评分  状态
科创半导体ETF华夏(588170)    1.00      0.99    6.7%   多41.4/空95.0  强可T     
中国巨石(600176)       37.23     37.73    4.9%   多19.0/空24.9  无信号     
双良节能(600481)        3.84      3.89    2.3%   多18.8/空25.8  弱机会     
五洲新春(603667)       49.63     50.76    4.2%   多30.9/空33.0  弱机会     
华工科技(000988)      108.69    109.73    4.1%   多30.7/空25.0  弱机会     
11:15:03 [INFO] 🫀 扫描心跳 第50轮开始
11:15:33 [INFO] 🫀 扫描心跳 第51轮开始
11:15:56 [INFO] 🫀 扫描心跳 第52轮开始
11:16:19 [INFO] 🫀 扫描心跳 第53轮开始
11:16:36 [INFO] 
📊 护城河防御面板 第53轮
──────────────────────────────────────────────────────────────────────
标的                    现价  均价(VWAP)      振幅       多买/空卖评分  状态
科创半导体ETF华夏(588170)    1.00      0.99    6.7%   多41.4/空95.0  强可T     
中国巨石(600176)       37.23     37.73    4.9%   多19.0/空24.9  无信号     
双良节能(600481)        3.84      3.89    2.3%   多18.8/空25.8  弱机会     
五洲新春(603667)       49.63     50.76    4.2%   多30.9/空33.0  弱机会     
华工科技(000988)      108.69    109.73    4.1%   多30.7/空25.0  弱机会     
11:16:51 [INFO] 🫀 扫描心跳 第54轮开始
11:17:14 [INFO] 🫀 扫描心跳 第55轮开始
11:17:43 [INFO] 🫀 扫描心跳 第56轮开始
11:18:09 [INFO] 🫀 扫描心跳 第57轮开始
11:18:17 [INFO] 
📊 护城河防御面板 第57轮
──────────────────────────────────────────────────────────────────────
标的                    现价  均价(VWAP)      振幅       多买/空卖评分  状态
科创半导体ETF华夏(588170)    0.99      0.99    6.7%   多39.9/空94.5  强可T     
中国巨石(600176)       37.06     37.73    4.9%   多26.8/空25.1  弱机会     
双良节能(600481)        3.84      3.89    2.3%   多23.0/空25.0  弱机会     
五洲新春(603667)       49.50     50.75    4.4%   多15.0/空25.1  弱机会     
华工科技(000988)      108.29    109.73    4.1%   多20.0/空25.1  弱机会     
11:18:32 [INFO] 🫀 扫描心跳 第58轮开始
11:19:06 [INFO] 🫀 扫描心跳 第59轮开始
11:19:30 [INFO] 🫀 扫描心跳 第60轮开始
11:20:01 [INFO] 🫀 扫描心跳 第61轮开始
11:20:14 [INFO] 
📊 护城河防御面板 第61轮
──────────────────────────────────────────────────────────────────────
标的                    现价  均价(VWAP)      振幅       多买/空卖评分  状态
科创半导体ETF华夏(588170)    1.00      0.99    6.7%   多44.2/空94.8  强可T     
中国巨石(600176)       37.06     37.73    4.9%   多26.8/空25.1  弱机会     
双良节能(600481)        3.84      3.89    2.3%   多23.0/空25.0  弱机会     
五洲新春(603667)       49.50     50.75    4.4%   多15.0/空25.1  弱机会     
华工科技(000988)      108.29    109.73    4.1%   多20.0/空25.1  弱机会     
11:20:29 [INFO] 🫀 扫描心跳 第62轮开始
11:22:15 [INFO] 🎯 000988 市场状态: normal | 综合判断：正常状态
11:22:15 [INFO] 📊 动态份数 000988: 状态=normal 信号强度45/阈值35, 建议交易100股/份 (33%)
11:22:15 [INFO] 📉 000988 卖出信号得分45分，低于10:00后阈值63分，静默处理（不推送飞书）
11:22:30 [INFO] 🫀 扫描心跳 第63轮开始
11:22:42 [INFO] 🎯 588170 市场状态: normal | 综合判断：正常状态
11:22:42 [INFO] 📊 动态份数 588170: 状态=normal 信号强度75/阈值35, 建议交易100股/份 (2%)
11:22:43 [INFO] ✅ 飞书消息已成功送达: 科创半导体ETF华夏(588170) SELL_HIGH - 加急通知已发送
11:22:45 [INFO] 🔔 已触发急促报警
11:23:13 [INFO] 🫀 扫描心跳 第64轮开始
11:24:06 [INFO] 🫀 扫描心跳 第65轮开始
11:24:26 [INFO] 
📊 护城河防御面板 第65轮
──────────────────────────────────────────────────────────────────────
标的                    现价  均价(VWAP)      振幅       多买/空卖评分  状态
科创半导体ETF华夏(588170)    0.99      0.99    6.7%   多44.0/空73.4  强可T     
中国巨石(600176)       36.90     37.73    4.9%   多26.9/空25.2  弱机会     
双良节能(600481)        3.83      3.89    2.6%   多19.1/空25.2  弱机会     
五洲新春(603667)       49.23     50.72    5.0%   多27.1/空25.2  弱机会     
华工科技(000988)      107.80    109.73    4.1%   多46.2/空45.2  可T观察    
11:24:41 [INFO] 🫀 扫描心跳 第66轮开始
11:25:25 [INFO] 🫀 扫描心跳 第67轮开始
11:25:54 [INFO] 🫀 扫描心跳 第68轮开始
11:26:48 [INFO] 🫀 扫描心跳 第69轮开始
11:27:21 [INFO] 
📊 护城河防御面板 第69轮
──────────────────────────────────────────────────────────────────────
标的                    现价  均价(VWAP)      振幅       多买/空卖评分  状态
科创半导体ETF华夏(588170)    0.99      0.99    6.7%   多37.5/空71.5  强可T     
中国巨石(600176)       36.85     37.73    4.9%   多34.2/空25.0  弱机会     
双良节能(600481)        3.83      3.89    2.6%   多14.9/空25.1  弱机会     
五洲新春(603667)       49.23     50.72    5.0%   多27.1/空25.2  弱机会     
华工科技(000988)      107.80    109.73    4.1%   多46.2/空45.2  可T观察    
11:27:37 [INFO] 🫀 扫描心跳 第70轮开始
11:28:07 [INFO] 🫀 扫描心跳 第71轮开始
11:28:55 [INFO] 🫀 扫描心跳 第72轮开始
11:30:19 [INFO] ⏸ 非交易时段，进入低频保活
11:40:21 [INFO] ⏸ 非交易时段，进入低频保活
11:50:24 [INFO] ⏸ 非交易时段，进入低频保活
12:00:25 [INFO] ⏸ 非交易时段，进入低频保活
12:10:27 [INFO] ⏸ 非交易时段，进入低频保活
12:20:30 [INFO] ⏸ 非交易时段，进入低频保活
12:30:32 [INFO] ⏸ 非交易时段，进入低频保活
12:40:34 [INFO] ⏸ 非交易时段，进入低频保活
12:50:36 [INFO] ⏸ 非交易时段，进入低频保活
13:00:08 [INFO] 🫀 扫描心跳 第73轮开始
13:02:13 [INFO] 🎯 600176 市场状态: normal | 综合判断：正常状态
13:02:13 [INFO] 📊 动态份数 600176: 状态=normal 信号强度44/阈值35, 建议交易100股/份 (33%)
13:02:13 [INFO] 📉 600176 卖出信号得分44分，低于10:00后阈值51分，静默处理（不推送飞书）
13:02:22 [INFO] 🎯 600481 市场状态: normal | 综合判断：正常状态
13:02:22 [INFO] 📊 动态份数 600481: 状态=normal 信号强度53/阈值35, 建议交易500股/份 (36%)
13:02:22 [INFO] 📉 600481 卖出信号得分53分，低于10:00后阈值62分，静默处理（不推送飞书）
13:02:36 [INFO] 
📊 护城河防御面板 第73轮
──────────────────────────────────────────────────────────────────────
标的                    现价  均价(VWAP)      振幅       多买/空卖评分  状态
科创半导体ETF华夏(588170)    1.01      0.99    6.7%     多nan/空nan  无信号     
中国巨石(600176)       37.32     37.72    4.9%   多17.2/空44.0  弱机会|SELL_HIGH
双良节能(600481)        3.86      3.89    2.6%   多17.2/空53.1  可T观察|SELL_HIGH
五洲新春(603667)       50.00     50.69    5.0%     多nan/空nan  无信号     
华工科技(000988)      109.55    109.72    4.1%     多nan/空nan  无信号     
13:02:51 [INFO] 🫀 扫描心跳 第74轮开始
13:03:40 [INFO] 🫀 扫描心跳 第75轮开始
13:03:43 [INFO] 🎯 588170 市场状态: normal | 综合判断：正常状态
13:03:43 [INFO] 📊 动态份数 588170: 状态=normal 信号强度87/阈值35, 建议交易100股/份 (2%)
13:03:46 [INFO] ✅ 飞书消息已成功送达: 科创半导体ETF华夏(588170) SELL_HIGH - 加急通知已发送
13:03:48 [INFO] 🔔 已触发急促报警
13:04:30 [INFO] 🫀 扫描心跳 第76轮开始
13:05:06 [INFO] 🫀 扫描心跳 第77轮开始
13:05:33 [INFO] 
📊 护城河防御面板 第77轮
──────────────────────────────────────────────────────────────────────
标的                    现价  均价(VWAP)      振幅       多买/空卖评分  状态
科创半导体ETF华夏(588170)    1.01      0.99    6.9%   多25.5/空86.9  强可T     
中国巨石(600176)       37.14     37.72    4.9%   多13.2/空33.3  弱机会     
双良节能(600481)        3.86      3.89    2.6%   多19.0/空53.1  可T观察    
五洲新春(603667)       49.78     50.68    5.0%   多19.0/空33.1  弱机会     
华工科技(000988)      109.12    109.72    4.1%   多19.0/空33.2  弱机会     
13:05:48 [INFO] 🫀 扫描心跳 第78轮开始
13:06:54 [INFO] 🫀 扫描心跳 第79轮开始
13:07:38 [INFO] 🫀 扫描心跳 第80轮开始
13:08:10 [INFO] 🫀 扫描心跳 第81轮开始
13:08:40 [INFO] 
📊 护城河防御面板 第81轮
──────────────────────────────────────────────────────────────────────
标的                    现价  均价(VWAP)      振幅       多买/空卖评分  状态
科创半导体ETF华夏(588170)    1.02      0.99    7.3%   多25.4/空87.5  强可T     
中国巨石(600176)       37.14     37.72    4.9%   多13.2/空33.3  弱机会     
双良节能(600481)        3.88      3.89    2.6%   多17.9/空46.2  可T观察    
五洲新春(603667)       50.23     50.67    5.0%   多17.5/空24.7  无信号     
华工科技(000988)      110.59    109.71    4.1%   多37.7/空46.5  可T观察    
13:08:55 [INFO] 🫀 扫描心跳 第82轮开始
13:09:46 [INFO] 🫀 扫描心跳 第83轮开始
13:10:16 [INFO] 🫀 扫描心跳 第84轮开始
13:10:57 [INFO] 🫀 扫描心跳 第85轮开始
13:11:38 [INFO] 
📊 护城河防御面板 第85轮
──────────────────────────────────────────────────────────────────────
标的                    现价  均价(VWAP)      振幅       多买/空卖评分  状态
科创半导体ETF华夏(588170)    1.03      0.99    8.5%   多25.3/空89.2  强可T     
中国巨石(600176)       37.99     37.72    4.9%   多38.0/空44.2  弱机会     
双良节能(600481)        3.88      3.89    2.6%   多17.9/空46.2  可T观察    
五洲新春(603667)       50.23     50.67    5.0%   多17.5/空24.7  无信号     
华工科技(000988)      110.59    109.71    4.1%   多37.7/空46.5  可T观察    
13:11:54 [INFO] 🫀 扫描心跳 第86轮开始
13:12:11 [INFO] 🎯 603667 市场状态: normal | 综合判断：正常状态
13:12:12 [INFO] 📊 动态份数 603667: 状态=normal 信号强度42/阈值35, 建议交易100股/份 (25%)
13:12:12 [INFO] 📉 603667 卖出信号得分42分，低于10:00后阈值64分，静默处理（不推送飞书）
13:12:31 [INFO] 🫀 扫描心跳 第87轮开始
13:13:16 [INFO] 🫀 扫描心跳 第88轮开始
13:13:49 [INFO] 🫀 扫描心跳 第89轮开始
13:14:25 [INFO] 
📊 护城河防御面板 第89轮
──────────────────────────────────────────────────────────────────────
标的                    现价  均价(VWAP)      振幅       多买/空卖评分  状态
科创半导体ETF华夏(588170)    1.04      0.99    9.5%   多25.3/空83.5  强可T     
中国巨石(600176)       38.13     37.71    4.9%   多25.5/空53.6  可T观察    
双良节能(600481)        3.88      3.89    2.6%   多17.9/空50.9  可T观察    
五洲新春(603667)       50.20     50.66    5.0%   多19.1/空42.1  弱机会     
华工科技(000988)      111.00    109.71    4.1%   多25.3/空61.3  可T观察    
13:14:41 [INFO] 🫀 扫描心跳 第90轮开始
13:15:25 [INFO] 🫀 扫描心跳 第91轮开始
13:15:43 [INFO] 🎯 000988 市场状态: normal | 综合判断：正常状态
13:15:43 [INFO] 📊 动态份数 000988: 状态=normal 信号强度52/阈值35, 建议交易100股/份 (33%)
13:15:43 [INFO] 📉 000988 卖出信号得分52分，低于10:00后阈值63分，静默处理（不推送飞书）
13:15:58 [INFO] 🫀 扫描心跳 第92轮开始
13:16:54 [INFO] 🫀 扫描心跳 第93轮开始
13:17:36 [INFO] 
📊 护城河防御面板 第93轮
──────────────────────────────────────────────────────────────────────
标的                    现价  均价(VWAP)      振幅       多买/空卖评分  状态
科创半导体ETF华夏(588170)    1.02      0.99    9.5%   多26.3/空75.9  强可T     
中国巨石(600176)       37.90     37.71    4.9%   多36.3/空52.6  可T观察    
双良节能(600481)        3.86      3.89    2.6%   多17.0/空45.3  可T观察    
五洲新春(603667)       50.00     50.65    5.0%   多24.9/空33.2  弱机会     
华工科技(000988)      110.25    109.71    4.1%   多36.4/空52.5  可T观察    
13:17:51 [INFO] 🫀 扫描心跳 第94轮开始
13:18:23 [INFO] 🫀 扫描心跳 第95轮开始
13:19:23 [INFO] 🫀 扫描心跳 第96轮开始
13:20:21 [INFO] 🫀 扫描心跳 第97轮开始
13:20:52 [INFO] 
📊 护城河防御面板 第97轮
──────────────────────────────────────────────────────────────────────
标的                    现价  均价(VWAP)      振幅       多买/空卖评分  状态
科创半导体ETF华夏(588170)    1.03      0.99    9.5%   多24.9/空75.3  强可T     
中国巨石(600176)       38.00     37.71    4.9%   多26.3/空53.1  可T观察    
双良节能(600481)        3.87      3.89    2.6%     多nan/空nan  无信号     
五洲新春(603667)       49.90     50.64    5.0%   多43.5/空25.2  弱机会     
华工科技(000988)      109.89    109.71    4.1%   多50.0/空37.8  可T观察    
13:21:07 [INFO] 🫀 扫描心跳 第98轮开始
13:22:10 [INFO] 🫀 扫描心跳 第99轮开始
13:22:44 [INFO] 🫀 扫描心跳 第100轮开始
13:23:27 [INFO] 🫀 扫描心跳 第101轮开始
13:24:05 [INFO] 
📊 护城河防御面板 第101轮
──────────────────────────────────────────────────────────────────────
标的                    现价  均价(VWAP)      振幅       多买/空卖评分  状态
科创半导体ETF华夏(588170)    1.03      0.99    9.5%   多32.9/空75.3  强可T     
中国巨石(600176)       37.81     37.71    4.9%   多41.0/空41.1  弱机会     
双良节能(600481)        3.86      3.89    2.6%   多16.8/空45.1  可T观察    
五洲新春(603667)       49.82     50.63    5.0%   多32.1/空25.2  弱机会     
华工科技(000988)      109.82    109.71    4.1%   多35.5/空35.4  弱机会     
13:24:20 [INFO] 🫀 扫描心跳 第102轮开始
13:24:55 [INFO] 🫀 扫描心跳 第103轮开始
13:25:45 [INFO] 🫀 扫描心跳 第104轮开始
13:26:45 [INFO] 🫀 扫描心跳 第105轮开始
13:27:20 [INFO] 
📊 护城河防御面板 第105轮
──────────────────────────────────────────────────────────────────────
标的                    现价  均价(VWAP)      振幅       多买/空卖评分  状态
科创半导体ETF华夏(588170)    1.04      0.99    9.5%   多30.0/空74.8  强可T     
中国巨石(600176)       38.01     37.71    4.9%   多31.5/空44.8  弱机会     
双良节能(600481)        3.86      3.89    2.6%   多20.9/空45.1  可T观察    
五洲新春(603667)       49.87     50.62    5.0%   多46.6/空25.1  可T观察    
华工科技(000988)      109.80    109.70    4.1%   多37.1/空34.6  弱机会     
13:27:36 [INFO] 🫀 扫描心跳 第106轮开始
13:28:08 [INFO] 🫀 扫描心跳 第107轮开始
13:28:51 [INFO] 🫀 扫描心跳 第108轮开始
13:29:26 [INFO] 🫀 扫描心跳 第109轮开始
13:30:04 [INFO] 
📊 护城河防御面板 第109轮
──────────────────────────────────────────────────────────────────────
标的                    现价  均价(VWAP)      振幅       多买/空卖评分  状态
科创半导体ETF华夏(588170)    1.04      0.99    9.5%   多30.0/空74.8  强可T     
中国巨石(600176)       38.01     37.71    4.9%   多31.5/空44.8  弱机会     
双良节能(600481)        3.87      3.89    2.6%   多24.0/空45.2  可T观察    
五洲新春(603667)       49.92     50.61    5.0%   多41.1/空25.0  弱机会     
华工科技(000988)      110.60    109.70    4.1%   多27.4/空48.3  可T观察    
13:30:20 [INFO] 🫀 扫描心跳 第110轮开始
13:31:04 [INFO] 🫀 扫描心跳 第111轮开始
13:31:38 [INFO] 🫀 扫描心跳 第112轮开始
13:33:37 [INFO] 🫀 扫描心跳 第113轮开始
13:34:20 [INFO] 
📊 护城河防御面板 第113轮
──────────────────────────────────────────────────────────────────────
标的                    现价  均价(VWAP)      振幅       多买/空卖评分  状态
科创半导体ETF华夏(588170)    1.02      0.99    9.5%   多32.5/空75.5  强可T     
中国巨石(600176)       37.66     37.71    4.9%   多18.7/空28.5  弱机会     
双良节能(600481)        3.85      3.89    2.6%   多34.6/空25.2  弱机会     
五洲新春(603667)       49.68     50.60    5.0%   多31.0/空25.1  弱机会     
华工科技(000988)      109.68    109.70    4.1%   多44.4/空30.9  弱机会     
13:34:35 [INFO] 🫀 扫描心跳 第114轮开始
13:34:39 [INFO] 🎯 588170 市场状态: normal | 综合判断：正常状态
13:34:39 [INFO] 📊 动态份数 588170: 状态=normal 信号强度76/阈值35, 建议交易100股/份 (2%)
13:34:41 [INFO] ✅ 飞书消息已成功送达: 科创半导体ETF华夏(588170) SELL_HIGH - 加急通知已发送
13:34:44 [INFO] 🔔 已触发急促报警
13:35:15 [INFO] 🫀 扫描心跳 第115轮开始
13:35:59 [INFO] 🫀 扫描心跳 第116轮开始
13:36:29 [INFO] 🫀 扫描心跳 第117轮开始
13:37:02 [INFO] 
📊 护城河防御面板 第117轮
──────────────────────────────────────────────────────────────────────
标的                    现价  均价(VWAP)      振幅       多买/空卖评分  状态
科创半导体ETF华夏(588170)    1.02      0.99    9.5%   多32.5/空75.5  停手:当日轮次已满
中国巨石(600176)       37.66     37.71    4.9%   多18.7/空28.5  弱机会     
双良节能(600481)        3.85      3.89    2.6%   多27.0/空25.1  弱机会     
五洲新春(603667)       49.58     50.59    5.0%   多31.3/空25.2  弱机会     
华工科技(000988)      109.20    109.70    4.1%   多39.8/空25.6  弱机会     
13:37:17 [INFO] 🫀 扫描心跳 第118轮开始
13:37:59 [INFO] 🫀 扫描心跳 第119轮开始
13:38:29 [INFO] 🫀 扫描心跳 第120轮开始
13:39:08 [INFO] 🫀 扫描心跳 第121轮开始
13:39:31 [INFO] 
📊 护城河防御面板 第121轮
──────────────────────────────────────────────────────────────────────
标的                    现价  均价(VWAP)      振幅       多买/空卖评分  状态
科创半导体ETF华夏(588170)    1.02      0.99    9.5%   多40.8/空75.3  停手:当日轮次已满
中国巨石(600176)       37.49     37.71    4.9%   多16.3/空25.4  弱机会     
双良节能(600481)        3.85      3.89    2.6%   多27.0/空25.1  弱机会     
五洲新春(603667)       49.58     50.59    5.0%   多31.3/空25.2  弱机会     
华工科技(000988)      109.20    109.70    4.1%   多39.8/空25.6  弱机会     
13:39:46 [INFO] 🫀 扫描心跳 第122轮开始
13:40:32 [INFO] 🫀 扫描心跳 第123轮开始
13:41:03 [INFO] 🫀 扫描心跳 第124轮开始
13:41:55 [INFO] 🫀 扫描心跳 第125轮开始
13:42:43 [INFO] 
📊 护城河防御面板 第125轮
──────────────────────────────────────────────────────────────────────
标的                    现价  均价(VWAP)      振幅       多买/空卖评分  状态
科创半导体ETF华夏(588170)    1.02      0.99    9.5%   多59.9/空75.0  停手:当日轮次已满
中国巨石(600176)       37.52     37.70    4.9%   多11.9/空25.2  弱机会     
双良节能(600481)        3.84      3.89    2.6%   多42.0/空25.0  弱机会     
五洲新春(603667)       49.52     50.59    5.0%   多53.1/空25.0  可T观察    
华工科技(000988)      109.12    109.70    4.1%   多53.2/空25.2  可T观察    
13:42:58 [INFO] 🫀 扫描心跳 第126轮开始
13:43:39 [INFO] 🫀 扫描心跳 第127轮开始
13:44:11 [INFO] 🫀 扫描心跳 第128轮开始
13:45:06 [INFO] 🫀 扫描心跳 第129轮开始
13:45:53 [INFO] 
📊 护城河防御面板 第129轮
──────────────────────────────────────────────────────────────────────
标的                    现价  均价(VWAP)      振幅       多买/空卖评分  状态
科创半导体ETF华夏(588170)    1.02      0.99    9.5%   多48.3/空75.0  停手:当日轮次已满
中国巨石(600176)       37.57     37.70    4.9%   多25.0/空26.6  弱机会     
双良节能(600481)        3.84      3.89    2.6%   多29.8/空25.0  弱机会     
五洲新春(603667)       49.43     50.58    5.0%   多41.7/空25.1  弱机会     
华工科技(000988)      109.11    109.70    4.1%   多41.3/空25.1  弱机会     
13:46:08 [INFO] 🫀 扫描心跳 第130轮开始
13:46:39 [INFO] 🫀 扫描心跳 第131轮开始
13:47:24 [INFO] 🫀 扫描心跳 第132轮开始
13:47:57 [INFO] 🫀 扫描心跳 第133轮开始
13:48:42 [INFO] 
📊 护城河防御面板 第133轮
──────────────────────────────────────────────────────────────────────
标的                    现价  均价(VWAP)      振幅       多买/空卖评分  状态
科创半导体ETF华夏(588170)    1.02      0.99    9.5%   多43.4/空74.9  停手:当日轮次已满
中国巨石(600176)       37.50     37.70    4.9%   多12.0/空25.1  弱机会     
双良节能(600481)        3.85      3.89    2.6%   多27.1/空24.9  弱机会     
五洲新春(603667)       49.40     50.57    5.0%   多41.6/空25.1  弱机会     
华工科技(000988)      109.00    109.70    4.1%   多47.6/空25.0  可T观察    
13:48:58 [INFO] 🫀 扫描心跳 第134轮开始
13:50:05 [INFO] 🫀 扫描心跳 第135轮开始
13:51:25 [INFO] 🫀 扫描心跳 第136轮开始
13:52:03 [INFO] 🫀 扫描心跳 第137轮开始
13:52:17 [INFO] 
📊 护城河防御面板 第137轮
──────────────────────────────────────────────────────────────────────
标的                    现价  均价(VWAP)      振幅       多买/空卖评分  状态
科创半导体ETF华夏(588170)    1.01      0.99    9.5%   多41.1/空75.1  停手:当日轮次已满
中国巨石(600176)       37.43     37.70    4.9%    多4.9/空25.2  弱机会     
双良节能(600481)        3.84      3.89    2.6%   多34.0/空25.0  弱机会     
五洲新春(603667)       49.40     50.56    5.0%   多30.0/空32.5  弱机会     
华工科技(000988)      109.04    109.70    4.1%   多29.3/空25.0  弱机会     
13:52:33 [INFO] 🫀 扫描心跳 第138轮开始
13:53:10 [INFO] 🫀 扫描心跳 第139轮开始
13:53:40 [INFO] 🫀 扫描心跳 第140轮开始
13:54:21 [INFO] 🫀 扫描心跳 第141轮开始
13:54:35 [INFO] 
📊 护城河防御面板 第141轮
──────────────────────────────────────────────────────────────────────
标的                    现价  均价(VWAP)      振幅       多买/空卖评分  状态
科创半导体ETF华夏(588170)    1.01      0.99    9.5%   多41.1/空75.1  停手:当日轮次已满
中国巨石(600176)       37.38     37.70    4.9%   多16.8/空25.1  弱机会     
双良节能(600481)        3.84      3.89    2.6%   多38.0/空29.9  弱机会     
五洲新春(603667)       49.33     50.55    5.0%   多53.7/空25.0  可T观察    
华工科技(000988)      108.87    109.70    4.1%   多40.7/空25.0  弱机会     
13:54:50 [INFO] 🫀 扫描心跳 第142轮开始
13:55:40 [INFO] 🫀 扫描心跳 第143轮开始
13:56:41 [INFO] 🫀 扫描心跳 第144轮开始
13:57:30 [INFO] 🫀 扫描心跳 第145轮开始
13:57:45 [INFO] 
📊 护城河防御面板 第145轮
──────────────────────────────────────────────────────────────────────
标的                    现价  均价(VWAP)      振幅       多买/空卖评分  状态
科创半导体ETF华夏(588170)    1.01      0.99    9.5%   多58.3/空74.9  停手:当日轮次已满
中国巨石(600176)       37.35     37.70    4.9%    多9.0/空25.1  弱机会     
双良节能(600481)        3.85      3.89    2.6%   多27.1/空24.8  弱机会     
五洲新春(603667)       49.34     50.55    5.0%   多42.8/空24.9  弱机会     
华工科技(000988)      108.92    109.70    4.1%   多34.0/空24.9  弱机会     
13:58:00 [INFO] 🫀 扫描心跳 第146轮开始
13:58:49 [INFO] 🫀 扫描心跳 第147轮开始
13:59:17 [INFO] 🫀 扫描心跳 第148轮开始
13:59:56 [INFO] 🫀 扫描心跳 第149轮开始
14:00:12 [INFO] 
📊 护城河防御面板 第149轮
──────────────────────────────────────────────────────────────────────
标的                    现价  均价(VWAP)      振幅       多买/空卖评分  状态
科创半导体ETF华夏(588170)    1.01      0.99    9.5%   多40.1/空74.9  停手:当日轮次已满
中国巨石(600176)       37.35     37.70    4.9%    多9.0/空25.1  弱机会     
双良节能(600481)        3.85      3.89    2.6%   多27.1/空24.8  弱机会     
五洲新春(603667)       49.34     50.55    5.0%   多42.8/空24.9  弱机会     
华工科技(000988)      108.92    109.70    4.1%   多34.0/空24.9  弱机会     
14:00:27 [INFO] 🫀 扫描心跳 第150轮开始
14:01:11 [INFO] 🫀 扫描心跳 第151轮开始
14:02:03 [INFO] 🫀 扫描心跳 第152轮开始
14:02:35 [INFO] 🫀 扫描心跳 第153轮开始
14:05:13 [INFO] 🎯 603667 市场状态: normal | 综合判断：正常状态
14:05:13 [INFO] 📊 动态份数 603667: 状态=normal 信号强度53/阈值35, 建议交易100股/份 (25%)
14:05:13 [INFO] 📉 603667 卖出信号得分53分，低于10:00后阈值64分，静默处理（不推送飞书）
14:05:17 [INFO] 🎯 000988 市场状态: normal | 综合判断：正常状态
14:05:17 [INFO] 📊 动态份数 000988: 状态=normal 信号强度53/阈值35, 建议交易60股/份 (20%)
14:05:17 [INFO] 📉 000988 卖出信号得分53分，低于10:00后阈值63分，静默处理（不推送飞书）
14:05:17 [INFO] 
📊 护城河防御面板 第153轮
──────────────────────────────────────────────────────────────────────
标的                    现价  均价(VWAP)      振幅       多买/空卖评分  状态
科创半导体ETF华夏(588170)    1.01      0.99    9.5%   多44.1/空74.9  停手:当日轮次已满
中国巨石(600176)       37.38     37.70    4.9%   多19.1/空24.8  无信号     
双良节能(600481)        3.84      3.88    2.6%   多38.1/空25.0  弱机会     
五洲新春(603667)       49.30     50.53    5.0%   多34.2/空53.0  可T观察|SELL_HIGH
华工科技(000988)      108.80    109.69    4.1%   多34.0/空53.0  可T观察|SELL_HIGH
14:05:33 [INFO] 🫀 扫描心跳 第154轮开始
14:05:36 [INFO] 🎯 588170 市场状态: normal | 综合判断：正常状态
14:05:36 [INFO] 📊 动态份数 588170: 状态=normal 信号强度75/阈值35, 建议交易100股/份 (2%)
14:05:38 [INFO] ✅ 飞书消息已成功送达: 科创半导体ETF华夏(588170) SELL_HIGH - 加急通知已发送
14:05:41 [INFO] 🔔 已触发急促报警
14:06:21 [INFO] 🫀 扫描心跳 第155轮开始
14:07:13 [INFO] 🫀 扫描心跳 第156轮开始
14:07:43 [INFO] 🫀 扫描心跳 第157轮开始
14:08:09 [INFO] 
📊 护城河防御面板 第157轮
──────────────────────────────────────────────────────────────────────
标的                    现价  均价(VWAP)      振幅       多买/空卖评分  状态
科创半导体ETF华夏(588170)    1.01      1.00    9.5%   多34.7/空75.2  停手:当日轮次已满
中国巨石(600176)       37.19     37.70    4.9%   多32.5/空25.1  弱机会     
双良节能(600481)        3.84      3.88    2.6%   多38.1/空25.0  弱机会     
五洲新春(603667)       49.30     50.53    5.0%   多19.2/空53.0  可T观察    
华工科技(000988)      108.80    109.69    4.1%   多19.0/空53.0  可T观察    
14:08:24 [INFO] 🫀 扫描心跳 第158轮开始
14:08:55 [INFO] 🫀 扫描心跳 第159轮开始
14:09:36 [INFO] 🫀 扫描心跳 第160轮开始
14:10:06 [INFO] 🫀 扫描心跳 第161轮开始
14:10:41 [INFO] 
📊 护城河防御面板 第161轮
──────────────────────────────────────────────────────────────────────
标的                    现价  均价(VWAP)      振幅       多买/空卖评分  状态
科创半导体ETF华夏(588170)    1.01      1.00    9.5%   多42.8/空75.1  停手:当日轮次已满
中国巨石(600176)       37.19     37.70    4.9%   多32.5/空25.1  弱机会     
双良节能(600481)        3.84      3.88    2.6%     多nan/空nan  无信号     
五洲新春(603667)       49.21     50.52    5.1%   多34.9/空45.0  可T观察    
华工科技(000988)      108.45    109.69    4.1%   多34.9/空45.1  可T观察    
14:10:56 [INFO] 🫀 扫描心跳 第162轮开始
14:11:45 [INFO] 🫀 扫描心跳 第163轮开始
14:12:22 [INFO] 🫀 扫描心跳 第164轮开始
14:13:05 [INFO] 🫀 扫描心跳 第165轮开始
14:13:21 [INFO] 
📊 护城河防御面板 第165轮
──────────────────────────────────────────────────────────────────────
标的                    现价  均价(VWAP)      振幅       多买/空卖评分  状态
科创半导体ETF华夏(588170)    1.01      1.00    9.5%   多25.2/空74.7  停手:当日轮次已满
中国巨石(600176)       37.33     37.70    4.9%    多5.1/空24.9  无信号     
双良节能(600481)        3.84      3.88    2.6%     多nan/空nan  无信号     
五洲新春(603667)       49.33     50.52    5.1%    多5.0/空53.0  可T观察    
华工科技(000988)      108.83    109.69    4.1%    多5.0/空45.0  可T观察    
14:13:36 [INFO] 🫀 扫描心跳 第166轮开始
14:14:26 [INFO] 🫀 扫描心跳 第167轮开始
14:15:04 [INFO] 🫀 扫描心跳 第168轮开始
14:15:33 [INFO] 🫀 扫描心跳 第169轮开始
14:16:01 [INFO] 
📊 护城河防御面板 第169轮
──────────────────────────────────────────────────────────────────────
标的                    现价  均价(VWAP)      振幅       多买/空卖评分  状态
科创半导体ETF华夏(588170)    1.02      1.00    9.5%   多25.3/空74.7  停手:当日轮次已满
中国巨石(600176)       37.47     37.70    4.9%   多19.2/空30.1  弱机会     
双良节能(600481)        3.85      3.88    2.6%     多nan/空nan  无信号     
五洲新春(603667)       49.50     50.51    5.1%   多17.1/空44.8  弱机会     
华工科技(000988)      109.19    109.69    4.1%   多17.3/空45.3  可T观察    
14:16:16 [INFO] 🫀 扫描心跳 第170轮开始
14:16:45 [INFO] 🫀 扫描心跳 第171轮开始
14:17:21 [INFO] 🫀 扫描心跳 第172轮开始
14:17:55 [INFO] 🫀 扫描心跳 第173轮开始
14:18:17 [INFO] 
📊 护城河防御面板 第173轮
──────────────────────────────────────────────────────────────────────
标的                    现价  均价(VWAP)      振幅       多买/空卖评分  状态
科创半导体ETF华夏(588170)    1.02      1.00    9.5%   多25.3/空74.7  停手:当日轮次已满
中国巨石(600176)       37.59     37.69    4.9%   多17.5/空30.5  弱机会     
双良节能(600481)        3.85      3.88    2.6%     多nan/空nan  无信号     
五洲新春(603667)       49.50     50.51    5.1%   多17.1/空44.8  弱机会     
华工科技(000988)      109.19    109.69    4.1%   多17.3/空45.3  可T观察    
14:18:32 [INFO] 🫀 扫描心跳 第174轮开始
14:19:49 [INFO] 🫀 扫描心跳 第175轮开始
14:20:54 [INFO] 🫀 扫描心跳 第176轮开始
14:22:01 [INFO] 🫀 扫描心跳 第177轮开始
14:22:50 [INFO] 
📊 护城河防御面板 第177轮
──────────────────────────────────────────────────────────────────────
标的                    现价  均价(VWAP)      振幅       多买/空卖评分  状态
科创半导体ETF华夏(588170)    1.01      1.00    9.5%   多24.8/空83.1  停手:当日轮次已满
中国巨石(600176)       37.68     37.69    4.9%   多21.3/空30.0  弱机会     
双良节能(600481)        3.84      3.88    2.6%   多23.9/空25.1  弱机会     
五洲新春(603667)       49.66     50.49    5.1%   多17.2/空45.0  可T观察    
华工科技(000988)      109.39    109.68    4.1%   多17.6/空47.1  可T观察    
14:23:05 [INFO] 🫀 扫描心跳 第178轮开始
14:24:36 [INFO] 🫀 扫描心跳 第179轮开始
14:25:29 [INFO] 🫀 扫描心跳 第180轮开始
14:26:25 [INFO] 🫀 扫描心跳 第181轮开始
14:27:19 [INFO] 
📊 护城河防御面板 第181轮
──────────────────────────────────────────────────────────────────────
标的                    现价  均价(VWAP)      振幅       多买/空卖评分  状态
科创半导体ETF华夏(588170)    1.02      1.00    9.5%   多35.1/空83.0  停手:当日轮次已满
中国巨石(600176)       37.60     37.69    4.9%   多19.5/空34.4  弱机会     
双良节能(600481)        3.84      3.88    2.6%   多20.0/空25.1  弱机会     
五洲新春(603667)       49.59     50.49    5.1%   多17.0/空45.9  可T观察    
华工科技(000988)      109.45    109.68    4.1%   多17.9/空46.7  可T观察    
14:27:34 [INFO] 🫀 扫描心跳 第182轮开始
14:28:12 [INFO] 🫀 扫描心跳 第183轮开始
14:28:47 [INFO] 🫀 扫描心跳 第184轮开始
14:29:44 [INFO] 🫀 扫描心跳 第185轮开始
14:30:24 [INFO] 
📊 护城河防御面板 第185轮
──────────────────────────────────────────────────────────────────────
标的                    现价  均价(VWAP)      振幅       多买/空卖评分  状态
科创半导体ETF华夏(588170)    1.02      1.00    9.5%   多25.0/空79.9  停手:当日轮次已满
中国巨石(600176)       37.72     37.69    4.9%   多25.8/空34.0  弱机会     
双良节能(600481)        3.84      3.88    2.6%   多37.9/空25.0  弱机会     
五洲新春(603667)       49.51     50.48    5.1%   多18.9/空53.0  可T观察    
华工科技(000988)      109.38    109.68    4.1%   多19.5/空46.1  可T观察    
14:31:04 [WARNING] [index_regime] spot_em 全部2次重试失败，最后错误: TimeoutError
14:31:08 [WARNING] ⚠️  尾盘大盘评分预判推送失败: {'code': 11232, 'data': {}, 'msg': 'frequency limited psm[lark.oapi.app_platform_runtime]appID[1500]'}
14:31:09 [INFO] 🫀 扫描心跳 第186轮开始
14:31:09 [INFO] 📊 韭研打分池: 1223 行 / 1118 只标的，获取 2026-07-24 行情...
14:32:20 [INFO] 🫀 扫描心跳 第187轮开始
14:33:41 [INFO] 🫀 扫描心跳 第188轮开始
14:34:04 [INFO] 💾 热度落盘: E:\06_T\t_io\logs\sentiment_daily.jsonl + E:\06_T\t_io\logs\sentiment_daily.csv
14:34:07 [INFO] ✅ 大盘热度×韭研TOP3已推送: 单边下行 S=-41.53 z_S=-1.167 top3=2.16 z_top3=-1.235 决策=short×5
14:34:32 [INFO] 🫀 扫描心跳 第189轮开始
14:36:11 [INFO] 
📊 护城河防御面板 第189轮
──────────────────────────────────────────────────────────────────────
标的                    现价  均价(VWAP)      振幅       多买/空卖评分  状态
科创半导体ETF华夏(588170)    1.01      1.00    9.5%   多36.6/空75.4  停手:当日轮次已满
中国巨石(600176)       37.61     37.69    4.9%   多17.5/空26.9  弱机会     
双良节能(600481)        3.84      3.88    2.6%   多41.9/空25.1  弱机会     
五洲新春(603667)       49.33     50.47    5.1%   多16.8/空25.1  弱机会     
华工科技(000988)      108.77    109.67    4.1%   多14.8/空25.2  弱机会     
14:36:26 [INFO] 🫀 扫描心跳 第190轮开始
14:36:28 [INFO] 🎯 588170 市场状态: normal | 综合判断：正常状态
14:36:28 [INFO] 📊 动态份数 588170: 状态=normal 信号强度75/阈值35, 建议交易100股/份 (2%)
14:36:30 [INFO] ✅ 飞书消息已成功送达: 科创半导体ETF华夏(588170) SELL_HIGH - 加急通知已发送
14:36:32 [INFO] 🔔 已触发急促报警
14:37:08 [INFO] 🫀 扫描心跳 第191轮开始
14:37:37 [INFO] 🫀 扫描心跳 第192轮开始
14:38:33 [INFO] 🫀 扫描心跳 第193轮开始
14:38:57 [INFO] 
📊 护城河防御面板 第193轮
──────────────────────────────────────────────────────────────────────
标的                    现价  均价(VWAP)      振幅       多买/空卖评分  状态
科创半导体ETF华夏(588170)    1.01      1.00    9.5%   多36.5/空75.0  停手:当日轮次已满
中国巨石(600176)       37.61     37.69    4.9%   多17.5/空26.9  弱机会     
双良节能(600481)        3.84      3.88    2.6%   多41.9/空25.1  弱机会     
五洲新春(603667)       49.45     50.47    5.1%   多26.0/空24.9  弱机会     
华工科技(000988)      108.89    109.67    4.1%   多21.7/空25.1  弱机会     
14:39:13 [INFO] 🫀 扫描心跳 第194轮开始
14:39:53 [INFO] 🫀 扫描心跳 第195轮开始
14:40:50 [INFO] 🫀 扫描心跳 第196轮开始
14:41:45 [INFO] 🫀 扫描心跳 第197轮开始
14:42:12 [INFO] 
📊 护城河防御面板 第197轮
──────────────────────────────────────────────────────────────────────
标的                    现价  均价(VWAP)      振幅       多买/空卖评分  状态
科创半导体ETF华夏(588170)    1.01      1.00    9.5%   多36.8/空75.0  停手:当日轮次已满
中国巨石(600176)       37.48     37.69    4.9%   多29.7/空25.3  弱机会     
双良节能(600481)        3.84      3.88    2.6%   多39.6/空24.9  弱机会     
五洲新春(603667)       49.31     50.46    5.1%   多16.3/空25.1  弱机会     
华工科技(000988)      108.77    109.67    4.1%   多16.9/空25.1  弱机会     
14:42:27 [INFO] 🫀 扫描心跳 第198轮开始
14:42:57 [INFO] 🫀 扫描心跳 第199轮开始
14:43:43 [INFO] 🫀 扫描心跳 第200轮开始
14:44:15 [INFO] 🫀 扫描心跳 第201轮开始
14:44:45 [INFO] 
📊 护城河防御面板 第201轮
──────────────────────────────────────────────────────────────────────
标的                    现价  均价(VWAP)      振幅       多买/空卖评分  状态
科创半导体ETF华夏(588170)    1.01      1.00    9.5%   多24.9/空75.0  停手:当日轮次已满
中国巨石(600176)       37.44     37.69    4.9%   多12.7/空25.1  弱机会     
双良节能(600481)        3.83      3.88    2.6%   多41.3/空25.0  弱机会     
五洲新春(603667)       49.24     50.45    5.1%   多25.0/空25.1  弱机会     
华工科技(000988)      108.56    109.67    4.1%   多24.9/空25.1  弱机会     
14:45:00 [INFO] 🫀 扫描心跳 第202轮开始
14:45:31 [INFO] 🫀 扫描心跳 第203轮开始
14:46:30 [INFO] 🫀 扫描心跳 第204轮开始
14:47:17 [INFO] 🫀 扫描心跳 第205轮开始
14:47:32 [INFO] 
📊 护城河防御面板 第205轮
──────────────────────────────────────────────────────────────────────
标的                    现价  均价(VWAP)      振幅       多买/空卖评分  状态
科创半导体ETF华夏(588170)    1.01      1.00    9.5%   多24.9/空75.0  停手:当日轮次已满
中国巨石(600176)       37.43     37.69    4.9%    多6.4/空25.1  弱机会     
双良节能(600481)        3.83      3.88    2.6%   多29.9/空25.1  弱机会     
五洲新春(603667)       49.30     50.45    5.1%   多24.5/空25.1  弱机会     
华工科技(000988)      108.34    109.66    4.1%   多35.0/空25.2  弱机会     
14:47:48 [INFO] 🫀 扫描心跳 第206轮开始
14:48:46 [INFO] 🫀 扫描心跳 第207轮开始
14:49:41 [INFO] 🫀 扫描心跳 第208轮开始
14:49:50 [INFO] ✅ 大盘分时预警已推送: ['I5']
14:50:36 [INFO] 📝 收盘同步 科创半导体ETF华夏(588170): qty 4000→300, t_qty 4000→300 (delta=-3700, 冻结已释放)
14:50:36 [INFO] 📝 收盘同步 中国巨石(600176): qty 300→200, t_qty 300→200 (delta=-100, 冻结已释放)
14:50:36 [INFO] 📝 收盘同步 双良节能(600481): qty 1400→900, t_qty 1400→900 (delta=-500, 冻结已释放)
14:50:36 [INFO] 📝 收盘同步 五洲新春(603667): qty 400→200, t_qty 400→200 (delta=-200, 冻结已释放)
14:50:36 [INFO] 📝 收盘同步 华工科技(000988): qty 300→40, t_qty 300→40 (delta=-260, 冻结已释放)
14:50:36 [INFO] ✅ holdings.json 已更新（共 5 只），冻结仓位已释放
14:50:36 [INFO] 🔄 VIRTUAL_TRADES 已清空，准备下一交易日
14:50:36 [INFO] ✅ 做T收益明细已推送（5只有交易，合计+13018）
14:50:37 [INFO] ✅ 闭环审计异常告警已推送: 5 条
14:50:37 [INFO] 🫀 扫描心跳 第209轮开始
14:51:04 [INFO] 
📊 护城河防御面板 第209轮
──────────────────────────────────────────────────────────────────────
标的                    现价  均价(VWAP)      振幅       多买/空卖评分  状态
科创半导体ETF华夏(588170)    1.01      1.00    9.5%   多32.8/空75.3  停手:当日轮次已满
中国巨石(600176)       37.42     37.69    4.9%   多35.5/空25.0  弱机会     
双良节能(600481)        3.83      3.88    2.6%   多34.1/空25.1  弱机会     
五洲新春(603667)       49.27     50.44    5.1%   多22.9/空25.0  弱机会     
华工科技(000988)      108.39    109.66    4.1%   多32.5/空25.0  弱机会     
14:51:19 [INFO] 🫀 扫描心跳 第210轮开始
14:51:53 [INFO] 🫀 扫描心跳 第211轮开始
14:52:37 [INFO] 🫀 扫描心跳 第212轮开始
14:53:09 [INFO] 🫀 扫描心跳 第213轮开始
14:53:42 [INFO] 
📊 护城河防御面板 第213轮
──────────────────────────────────────────────────────────────────────
标的                    现价  均价(VWAP)      振幅       多买/空卖评分  状态
科创半导体ETF华夏(588170)    1.01      1.00    9.5%   多27.8/空74.9  停手:当日轮次已满
中国巨石(600176)       37.40     37.68    4.9%   多11.4/空25.0  弱机会     
双良节能(600481)        3.82      3.88    2.9%   多41.6/空25.2  弱机会     
五洲新春(603667)       49.20     50.43    5.1%   多23.1/空25.1  弱机会     
华工科技(000988)      108.40    109.65    4.1%   多27.2/空33.0  弱机会     
14:53:57 [INFO] 🫀 扫描心跳 第214轮开始
14:54:47 [INFO] 🫀 扫描心跳 第215轮开始
14:55:26 [INFO] 🫀 扫描心跳 第216轮开始
14:56:06 [INFO] 🫀 扫描心跳 第217轮开始
14:56:22 [INFO] 
📊 护城河防御面板 第217轮
──────────────────────────────────────────────────────────────────────
标的                    现价  均价(VWAP)      振幅       多买/空卖评分  状态
科创半导体ETF华夏(588170)    1.01      1.00    9.5%   多25.2/空85.9  停手:当日轮次已满
中国巨石(600176)       37.40     37.68    4.9%   多11.4/空25.0  弱机会     
双良节能(600481)        3.82      3.88    2.9%   多38.1/空25.1  弱机会     
五洲新春(603667)       49.20     50.43    5.1%   多23.1/空25.1  弱机会     
华工科技(000988)      108.40    109.65    4.1%   多27.2/空33.0  弱机会     
14:56:38 [INFO] 🫀 扫描心跳 第218轮开始
14:57:29 [INFO] 🫀 扫描心跳 第219轮开始
14:58:20 [INFO] 🫀 扫描心跳 第220轮开始
14:58:51 [INFO] 🫀 扫描心跳 第221轮开始
14:59:17 [INFO] 
📊 护城河防御面板 第221轮
──────────────────────────────────────────────────────────────────────
标的                    现价  均价(VWAP)      振幅       多买/空卖评分  状态
科创半导体ETF华夏(588170)    1.01      1.00    9.5%   多25.0/空77.7  停手:当日轮次已满
中国巨石(600176)       37.35     37.68    4.9%   多37.7/空25.1  弱机会     
双良节能(600481)        3.83      3.88    2.9%   多34.2/空25.0  弱机会     
五洲新春(603667)       49.20     50.42    5.1%   多44.7/空25.2  弱机会     
华工科技(000988)      108.19    109.65    4.1%   多32.1/空25.4  弱机会     
14:59:32 [WARNING] ⚠️ 收益汇总推送异常（已吞掉，不影响主循环）: name '_daily_pnl_push_date' is not defined
14:59:33 [INFO] 🫀 扫描心跳 第222轮开始
15:00:29 [WARNING] ⚠️ 收益汇总推送异常（已吞掉，不影响主循环）: name '_daily_pnl_push_date' is not defined
15:00:29 [INFO] ⏸ 非交易时段，进入低频保活
15:00:45 [WARNING] ⚠️ 收益汇总推送异常（已吞掉，不影响主循环）: name '_daily_pnl_push_date' is not defined
15:07:49 [INFO] 已停止盯盘
