
===== strategy run start 2026-08-07T08:44:01 pid=17660 =====
[ops] 控制台日志已落盘: C:\Users\Lenovo\.goldminer3\projects\e8bb1f4d-87ce-11f1-97f7-98fa9b8df5e7\logs\strategy_20260807.log
[INIT] 600481 双良节能 持仓对账: 1400股 可用1400 成本4.11
[INIT] 603667 五洲新春 持仓对账: 800股 可用800 成本51.78
[init] 大盘日线已缓存: 900 行, 2022-11-21 ~ 2026-08-06
[init] 事件桥: C:\Users\Lenovo\.goldminer3\projects\e8bb1f4d-87ce-11f1-97f7-98fa9b8df5e7\runtime\bridge
[init] 策略初始化完成: 16 只标的
[ir] 2026-08-07 regime=range score=4.6
[D6] amount/volume=55.51 close=55.45 → VWAP单位比=1.0011
[09:31:01] BASE 000988 华工科技 TREND_BREAKDOWN→延迟建仓
[09:31:01] BASE 002261 拓维信息 TREND_BREAKDOWN→延迟建仓
[09:31:01] BASE 002176 江特电机 门槛未过→仅观察 (amp=4.2% amt=6.0亿 lot=930元)
[09:31:02] BASE 002202 金风科技 G4支撑闸→仅观察 G4: 日线数据不足→保守拦截
[09:31:02] BASE 002536 飞龙股份 TREND_BREAKDOWN→延迟建仓
[09:31:02] BASE 002451 摩恩电气 门槛未过→仅观察 (amp=4.3% amt=1.1亿 lot=734元)
[09:31:02] BASE 002639 雪人集团 门槛未过→仅观察 (amp=4.5% amt=4.4亿 lot=1264元)
[09:31:02] BASE 300054 鼎龙股份 G4支撑闸→仅观察 G4: 日线数据不足→保守拦截
[09:31:03] BASE 300153 科泰电源 G4支撑闸→仅观察 G4: 日线数据不足→保守拦截
[09:31:03] BASE 600176 中国巨石 TREND_BREAKDOWN→延迟建仓
[09:31:03] BASE 600089 特变电工 G4支撑闸→仅观察 G4: 日线数据不足→保守拦截
[09:31:03] BASE 600584 长电科技 TREND_BREAKDOWN→延迟建仓
[09:31:03] BASE 300364 中文在线 G4支撑闸→仅观察 G4: 日线数据不足→保守拦截
[09:31:04] BASE 300456 赛微电子 G4支撑闸→仅观察 G4: 日线数据不足→保守拦截
[09:32:00] BASE 002176 江特电机 门槛未过→仅观察 (amp=4.2% amt=6.0亿 lot=930元)
[09:32:00] BASE 002639 雪人集团 门槛未过→仅观察 (amp=4.5% amt=4.4亿 lot=1264元)
[09:32:00] BASE 002451 摩恩电气 门槛未过→仅观察 (amp=4.3% amt=1.1亿 lot=734元)
[09:33:00] BASE 002176 江特电机 门槛未过→仅观察 (amp=4.2% amt=6.0亿 lot=930元)
[09:33:00] BASE 002451 摩恩电气 门槛未过→仅观察 (amp=4.3% amt=1.1亿 lot=734元)
[09:33:00] BASE 002639 雪人集团 门槛未过→仅观察 (amp=4.5% amt=4.4亿 lot=1264元)
[09:34:01] BASE 002176 江特电机 门槛未过→仅观察 (amp=4.2% amt=6.0亿 lot=930元)
[09:34:01] BASE 002639 雪人集团 门槛未过→仅观察 (amp=4.5% amt=4.4亿 lot=1264元)
[09:34:01] BASE 002451 摩恩电气 门槛未过→仅观察 (amp=4.3% amt=1.1亿 lot=734元)
[09:35:00] BASE 002176 江特电机 门槛未过→仅观察 (amp=4.2% amt=6.0亿 lot=930元)
[09:35:00] BASE 002639 雪人集团 门槛未过→仅观察 (amp=4.5% amt=4.4亿 lot=1264元)
[09:35:00] BASE 002451 摩恩电气 门槛未过→仅观察 (amp=4.3% amt=1.1亿 lot=734元)
[09:36:00] BASE 002176 江特电机 门槛未过→仅观察 (amp=4.2% amt=6.0亿 lot=930元)
[09:36:00] BASE 002451 摩恩电气 门槛未过→仅观察 (amp=4.3% amt=1.1亿 lot=734元)
[09:36:00] BASE 002639 雪人集团 门槛未过→仅观察 (amp=4.5% amt=4.4亿 lot=1264元)
[09:37:00] BASE 002176 江特电机 门槛未过→仅观察 (amp=4.2% amt=6.0亿 lot=930元)
[09:37:00] BASE 002639 雪人集团 门槛未过→仅观察 (amp=4.5% amt=4.4亿 lot=1264元)
[09:37:01] BASE 002451 摩恩电气 门槛未过→仅观察 (amp=4.3% amt=1.1亿 lot=734元)
[09:38:00] BASE 002176 江特电机 门槛未过→仅观察 (amp=4.2% amt=6.0亿 lot=930元)
[09:38:00] BASE 002639 雪人集团 门槛未过→仅观察 (amp=4.5% amt=4.4亿 lot=1264元)
[09:38:00] BASE 002451 摩恩电气 门槛未过→仅观察 (amp=4.3% amt=1.1亿 lot=734元)
[09:39:00] BASE 002176 江特电机 门槛未过→仅观察 (amp=4.2% amt=6.0亿 lot=930元)
[09:39:00] BASE 002639 雪人集团 门槛未过→仅观察 (amp=4.5% amt=4.4亿 lot=1264元)
[09:39:00] BASE 002451 摩恩电气 门槛未过→仅观察 (amp=4.3% amt=1.1亿 lot=734元)
[09:40:00] BASE 002176 江特电机 门槛未过→仅观察 (amp=4.2% amt=6.0亿 lot=930元)
[09:40:00] BASE 002451 摩恩电气 门槛未过→仅观察 (amp=4.3% amt=1.1亿 lot=734元)
[09:40:01] BASE 002639 雪人集团 门槛未过→仅观察 (amp=4.5% amt=4.4亿 lot=1264元)
[09:41:00] BASE 002176 江特电机 门槛未过→仅观察 (amp=4.2% amt=6.0亿 lot=930元)
[09:41:00] BASE 002451 摩恩电气 门槛未过→仅观察 (amp=4.3% amt=1.1亿 lot=734元)
[09:41:01] BASE 002639 雪人集团 门槛未过→仅观察 (amp=4.5% amt=4.4亿 lot=1264元)
[09:42:00] BASE 002176 江特电机 门槛未过→仅观察 (amp=4.2% amt=6.0亿 lot=930元)
[09:42:00] BASE 002451 摩恩电气 门槛未过→仅观察 (amp=4.3% amt=1.1亿 lot=734元)
[09:42:01] BASE 002639 雪人集团 门槛未过→仅观察 (amp=4.5% amt=4.4亿 lot=1264元)
[09:43:01] BASE 002176 江特电机 门槛未过→仅观察 (amp=4.2% amt=6.0亿 lot=930元)
[09:43:01] BASE 002451 摩恩电气 门槛未过→仅观察 (amp=4.3% amt=1.1亿 lot=734元)
[09:43:01] BASE 002639 雪人集团 门槛未过→仅观察 (amp=4.5% amt=4.4亿 lot=1264元)
[09:44:01] BASE 002176 江特电机 门槛未过→仅观察 (amp=4.2% amt=6.0亿 lot=930元)
[09:44:01] BASE 002451 摩恩电气 门槛未过→仅观察 (amp=4.3% amt=1.1亿 lot=734元)
[09:44:01] BASE 002639 雪人集团 门槛未过→仅观察 (amp=4.5% amt=4.4亿 lot=1264元)
[09:45:00] BASE 002176 江特电机 门槛未过→仅观察 (amp=4.2% amt=6.0亿 lot=930元)
[09:45:01] BASE 002639 雪人集团 门槛未过→仅观察 (amp=4.5% amt=4.4亿 lot=1264元)
[09:45:01] BASE 002451 摩恩电气 门槛未过→仅观察 (amp=4.3% amt=1.1亿 lot=734元)
[09:46:00] BASE 002176 江特电机 门槛未过→仅观察 (amp=4.2% amt=6.0亿 lot=930元)
[09:46:00] BASE 002451 摩恩电气 门槛未过→仅观察 (amp=4.3% amt=1.1亿 lot=734元)
[09:46:00] BASE 002639 雪人集团 门槛未过→仅观察 (amp=4.5% amt=4.4亿 lot=1264元)
[09:47:00] BASE 002176 江特电机 门槛未过→仅观察 (amp=4.2% amt=6.0亿 lot=930元)
[09:47:00] BASE 002639 雪人集团 门槛未过→仅观察 (amp=4.5% amt=4.4亿 lot=1264元)
[09:47:00] BASE 002451 摩恩电气 门槛未过→仅观察 (amp=4.3% amt=1.1亿 lot=734元)
[09:48:00] BASE 002176 江特电机 门槛未过→仅观察 (amp=4.2% amt=6.0亿 lot=930元)
[09:48:00] BASE 002451 摩恩电气 门槛未过→仅观察 (amp=4.3% amt=1.1亿 lot=734元)
[09:48:00] BASE 002639 雪人集团 门槛未过→仅观察 (amp=4.5% amt=4.4亿 lot=1264元)
[09:49:00] BASE 002176 江特电机 门槛未过→仅观察 (amp=4.2% amt=6.0亿 lot=930元)
[09:49:01] BASE 002639 雪人集团 门槛未过→仅观察 (amp=4.5% amt=4.4亿 lot=1264元)
[09:49:01] BASE 002451 摩恩电气 门槛未过→仅观察 (amp=4.3% amt=1.1亿 lot=734元)
[09:50:00] BASE 002176 江特电机 门槛未过→仅观察 (amp=4.2% amt=6.0亿 lot=930元)
[09:50:00] BASE 002639 雪人集团 门槛未过→仅观察 (amp=4.5% amt=4.4亿 lot=1264元)
[09:50:00] BASE 002451 摩恩电气 门槛未过→仅观察 (amp=4.3% amt=1.1亿 lot=734元)
[09:51:00] BASE 002176 江特电机 门槛未过→仅观察 (amp=4.2% amt=6.0亿 lot=930元)
[09:51:00] BASE 002451 摩恩电气 门槛未过→仅观察 (amp=4.3% amt=1.1亿 lot=734元)
[09:51:01] BASE 002639 雪人集团 门槛未过→仅观察 (amp=4.5% amt=4.4亿 lot=1264元)
[09:52:00] BASE 002176 江特电机 门槛未过→仅观察 (amp=4.2% amt=6.0亿 lot=930元)
[09:52:00] BASE 002639 雪人集团 门槛未过→仅观察 (amp=4.5% amt=4.4亿 lot=1264元)
[09:52:00] BASE 002451 摩恩电气 门槛未过→仅观察 (amp=4.3% amt=1.1亿 lot=734元)
[09:53:00] BASE 002176 江特电机 门槛未过→仅观察 (amp=4.2% amt=6.0亿 lot=930元)
[09:53:00] BASE 002639 雪人集团 门槛未过→仅观察 (amp=4.5% amt=4.4亿 lot=1264元)
[09:53:00] BASE 002451 摩恩电气 门槛未过→仅观察 (amp=4.3% amt=1.1亿 lot=734元)
[09:54:00] BASE 002176 江特电机 门槛未过→仅观察 (amp=4.2% amt=6.0亿 lot=930元)
[09:54:00] BASE 002639 雪人集团 门槛未过→仅观察 (amp=4.5% amt=4.4亿 lot=1264元)
[09:54:00] BASE 002451 摩恩电气 门槛未过→仅观察 (amp=4.3% amt=1.1亿 lot=734元)
[09:55:00] BASE 002176 江特电机 门槛未过→仅观察 (amp=4.2% amt=6.0亿 lot=930元)
[09:55:00] BASE 002639 雪人集团 门槛未过→仅观察 (amp=4.5% amt=4.4亿 lot=1264元)
[09:55:00] BASE 002451 摩恩电气 门槛未过→仅观察 (amp=4.3% amt=1.1亿 lot=734元)
[09:56:01] BASE 002176 江特电机 门槛未过→仅观察 (amp=4.2% amt=6.0亿 lot=930元)
[09:56:01] BASE 002451 摩恩电气 门槛未过→仅观察 (amp=4.3% amt=1.1亿 lot=734元)
[09:56:01] BASE 002639 雪人集团 门槛未过→仅观察 (amp=4.5% amt=4.4亿 lot=1264元)
[09:57:00] BASE 002176 江特电机 门槛未过→仅观察 (amp=4.2% amt=6.0亿 lot=930元)
[09:57:00] BASE 002639 雪人集团 门槛未过→仅观察 (amp=4.5% amt=4.4亿 lot=1264元)
[09:57:01] BASE 002451 摩恩电气 门槛未过→仅观察 (amp=4.3% amt=1.1亿 lot=734元)
[09:58:00] BASE 002176 江特电机 门槛未过→仅观察 (amp=4.2% amt=6.0亿 lot=930元)
[09:58:00] BASE 002639 雪人集团 门槛未过→仅观察 (amp=4.5% amt=4.4亿 lot=1264元)
[09:58:00] BASE 002451 摩恩电气 门槛未过→仅观察 (amp=4.3% amt=1.1亿 lot=734元)
[09:59:00] BASE 002176 江特电机 门槛未过→仅观察 (amp=4.2% amt=6.0亿 lot=930元)
[09:59:00] BASE 002639 雪人集团 门槛未过→仅观察 (amp=4.5% amt=4.4亿 lot=1264元)
[09:59:00] BASE 002451 摩恩电气 门槛未过→仅观察 (amp=4.3% amt=1.1亿 lot=734元)
[10:00:00] BASE 002176 江特电机 门槛未过→仅观察 (amp=4.2% amt=6.0亿 lot=930元)
[10:00:01] BASE 002451 摩恩电气 门槛未过→仅观察 (amp=4.3% amt=1.1亿 lot=734元)
[10:00:01] BASE 002639 雪人集团 门槛未过→仅观察 (amp=4.5% amt=4.4亿 lot=1264元)
[10:01:00] BASE 002176 江特电机 门槛未过→仅观察 (amp=4.2% amt=6.0亿 lot=930元)
[10:01:00] BASE 002451 摩恩电气 门槛未过→仅观察 (amp=4.3% amt=1.1亿 lot=734元)
[10:01:00] BASE 002639 雪人集团 门槛未过→仅观察 (amp=4.5% amt=4.4亿 lot=1264元)
[10:02:00] BASE 002176 江特电机 门槛未过→仅观察 (amp=4.2% amt=6.0亿 lot=930元)
[10:02:00] BASE 002639 雪人集团 门槛未过→仅观察 (amp=4.5% amt=4.4亿 lot=1264元)
[10:02:00] BASE 002451 摩恩电气 门槛未过→仅观察 (amp=4.3% amt=1.1亿 lot=734元)
[10:03:00] BASE 002176 江特电机 门槛未过→仅观察 (amp=4.2% amt=6.0亿 lot=930元)
[10:03:00] BASE 002639 雪人集团 门槛未过→仅观察 (amp=4.5% amt=4.4亿 lot=1264元)
[10:03:00] BASE 002451 摩恩电气 门槛未过→仅观察 (amp=4.3% amt=1.1亿 lot=734元)
[10:04:00] BASE 002176 江特电机 门槛未过→仅观察 (amp=4.2% amt=6.0亿 lot=930元)
[10:04:00] BASE 002451 摩恩电气 门槛未过→仅观察 (amp=4.3% amt=1.1亿 lot=734元)
[10:04:00] BASE 002639 雪人集团 门槛未过→仅观察 (amp=4.5% amt=4.4亿 lot=1264元)
[10:05:00] BASE 002176 江特电机 门槛未过→仅观察 (amp=4.2% amt=6.0亿 lot=930元)
[10:05:00] BASE 002639 雪人集团 门槛未过→仅观察 (amp=4.5% amt=4.4亿 lot=1264元)
[10:05:00] BASE 002451 摩恩电气 门槛未过→仅观察 (amp=4.3% amt=1.1亿 lot=734元)
[10:06:00] BASE 002176 江特电机 门槛未过→仅观察 (amp=4.2% amt=6.0亿 lot=930元)
[10:06:00] BASE 002451 摩恩电气 门槛未过→仅观察 (amp=4.3% amt=1.1亿 lot=734元)
[10:06:00] BASE 002639 雪人集团 门槛未过→仅观察 (amp=4.5% amt=4.4亿 lot=1264元)
[10:07:00] BASE 002176 江特电机 门槛未过→仅观察 (amp=4.2% amt=6.0亿 lot=930元)
[10:07:00] BASE 002639 雪人集团 门槛未过→仅观察 (amp=4.5% amt=4.4亿 lot=1264元)
[10:07:00] BASE 002451 摩恩电气 门槛未过→仅观察 (amp=4.3% amt=1.1亿 lot=734元)
[10:08:00] BASE 002176 江特电机 门槛未过→仅观察 (amp=4.2% amt=6.0亿 lot=930元)
[10:08:00] BASE 002639 雪人集团 门槛未过→仅观察 (amp=4.5% amt=4.4亿 lot=1264元)
[10:08:00] BASE 002451 摩恩电气 门槛未过→仅观察 (amp=4.3% amt=1.1亿 lot=734元)
[10:09:00] BASE 002176 江特电机 门槛未过→仅观察 (amp=4.2% amt=6.0亿 lot=930元)
[10:09:00] BASE 002639 雪人集团 门槛未过→仅观察 (amp=4.5% amt=4.4亿 lot=1264元)
[10:09:01] BASE 002451 摩恩电气 门槛未过→仅观察 (amp=4.3% amt=1.1亿 lot=734元)
[10:10:01] BASE 002176 江特电机 门槛未过→仅观察 (amp=4.2% amt=6.0亿 lot=930元)
[10:10:01] BASE 002451 摩恩电气 门槛未过→仅观察 (amp=4.3% amt=1.1亿 lot=734元)
[10:10:01] BASE 002639 雪人集团 门槛未过→仅观察 (amp=4.5% amt=4.4亿 lot=1264元)
[10:11:00] BASE 002176 江特电机 门槛未过→仅观察 (amp=4.2% amt=6.0亿 lot=930元)
[10:11:00] BASE 002639 雪人集团 门槛未过→仅观察 (amp=4.5% amt=4.4亿 lot=1264元)
[10:11:00] BASE 002451 摩恩电气 门槛未过→仅观察 (amp=4.3% amt=1.1亿 lot=734元)
[10:12:00] BASE 002176 江特电机 门槛未过→仅观察 (amp=4.2% amt=6.0亿 lot=930元)
[10:12:00] BASE 002451 摩恩电气 门槛未过→仅观察 (amp=4.3% amt=1.1亿 lot=734元)
[10:12:00] BASE 002639 雪人集团 门槛未过→仅观察 (amp=4.5% amt=4.4亿 lot=1264元)
[10:13:00] BASE 002176 江特电机 门槛未过→仅观察 (amp=4.2% amt=6.0亿 lot=930元)
[10:13:00] BASE 002451 摩恩电气 门槛未过→仅观察 (amp=4.3% amt=1.1亿 lot=734元)
[10:13:00] BASE 002639 雪人集团 门槛未过→仅观察 (amp=4.5% amt=4.4亿 lot=1264元)
[10:14:00] BASE 002176 江特电机 门槛未过→仅观察 (amp=4.2% amt=6.0亿 lot=930元)
[10:14:00] BASE 002451 摩恩电气 门槛未过→仅观察 (amp=4.3% amt=1.1亿 lot=734元)
[10:14:00] BASE 002639 雪人集团 门槛未过→仅观察 (amp=4.5% amt=4.4亿 lot=1264元)
[10:15:00] BASE 002176 江特电机 门槛未过→仅观察 (amp=4.2% amt=6.0亿 lot=930元)
[10:15:00] BASE 002639 雪人集团 门槛未过→仅观察 (amp=4.5% amt=4.4亿 lot=1264元)
[10:15:00] BASE 002451 摩恩电气 门槛未过→仅观察 (amp=4.3% amt=1.1亿 lot=734元)
[10:16:00] BASE 002176 江特电机 门槛未过→仅观察 (amp=4.2% amt=6.0亿 lot=930元)
[10:16:00] BASE 002451 摩恩电气 门槛未过→仅观察 (amp=4.3% amt=1.1亿 lot=734元)
[10:16:00] BASE 002639 雪人集团 门槛未过→仅观察 (amp=4.5% amt=4.4亿 lot=1264元)
[10:17:01] BASE 002176 江特电机 门槛未过→仅观察 (amp=4.2% amt=6.0亿 lot=930元)
[10:17:01] BASE 002639 雪人集团 门槛未过→仅观察 (amp=4.5% amt=4.4亿 lot=1264元)
[10:17:01] BASE 002451 摩恩电气 门槛未过→仅观察 (amp=4.3% amt=1.1亿 lot=734元)
[10:18:00] BASE 002176 江特电机 门槛未过→仅观察 (amp=4.2% amt=6.0亿 lot=930元)
[10:18:00] BASE 002451 摩恩电气 门槛未过→仅观察 (amp=4.3% amt=1.1亿 lot=734元)
[10:18:00] BASE 002639 雪人集团 门槛未过→仅观察 (amp=4.5% amt=4.4亿 lot=1264元)
[10:19:00] BASE 002176 江特电机 门槛未过→仅观察 (amp=4.2% amt=6.0亿 lot=930元)
[10:19:00] BASE 002451 摩恩电气 门槛未过→仅观察 (amp=4.3% amt=1.1亿 lot=734元)
[10:19:00] BASE 002639 雪人集团 门槛未过→仅观察 (amp=4.5% amt=4.4亿 lot=1264元)
[10:20:00] BASE 002176 江特电机 门槛未过→仅观察 (amp=4.2% amt=6.0亿 lot=930元)
[10:20:00] BASE 002639 雪人集团 门槛未过→仅观察 (amp=4.5% amt=4.4亿 lot=1264元)
[10:20:00] BASE 002451 摩恩电气 门槛未过→仅观察 (amp=4.3% amt=1.1亿 lot=734元)
[10:21:00] BASE 002176 江特电机 门槛未过→仅观察 (amp=4.2% amt=6.0亿 lot=930元)
[10:21:00] BASE 002451 摩恩电气 门槛未过→仅观察 (amp=4.3% amt=1.1亿 lot=734元)
[10:21:00] BASE 002639 雪人集团 门槛未过→仅观察 (amp=4.5% amt=4.4亿 lot=1264元)
[10:22:00] BASE 002176 江特电机 门槛未过→仅观察 (amp=4.2% amt=6.0亿 lot=930元)
[10:22:00] BASE 002451 摩恩电气 门槛未过→仅观察 (amp=4.3% amt=1.1亿 lot=734元)
[10:22:00] BASE 002639 雪人集团 门槛未过→仅观察 (amp=4.5% amt=4.4亿 lot=1264元)
[10:23:00] BASE 002176 江特电机 门槛未过→仅观察 (amp=4.2% amt=6.0亿 lot=930元)
[10:23:00] BASE 002451 摩恩电气 门槛未过→仅观察 (amp=4.3% amt=1.1亿 lot=734元)
[10:23:00] BASE 002639 雪人集团 门槛未过→仅观察 (amp=4.5% amt=4.4亿 lot=1264元)
[10:24:00] BASE 002176 江特电机 门槛未过→仅观察 (amp=4.2% amt=6.0亿 lot=930元)
[10:24:00] BASE 002639 雪人集团 门槛未过→仅观察 (amp=4.5% amt=4.4亿 lot=1264元)
[10:24:00] BASE 002451 摩恩电气 门槛未过→仅观察 (amp=4.3% amt=1.1亿 lot=734元)
[10:25:00] BASE 002176 江特电机 门槛未过→仅观察 (amp=4.2% amt=6.0亿 lot=930元)
[10:25:00] BASE 002639 雪人集团 门槛未过→仅观察 (amp=4.5% amt=4.4亿 lot=1264元)
[10:25:00] BASE 002451 摩恩电气 门槛未过→仅观察 (amp=4.3% amt=1.1亿 lot=734元)
[10:26:00] BASE 002176 江特电机 门槛未过→仅观察 (amp=4.2% amt=6.0亿 lot=930元)
[10:26:00] BASE 002639 雪人集团 门槛未过→仅观察 (amp=4.5% amt=4.4亿 lot=1264元)
[10:26:02] BASE 002451 摩恩电气 门槛未过→仅观察 (amp=4.3% amt=1.1亿 lot=734元)
[10:27:00] BASE 002176 江特电机 门槛未过→仅观察 (amp=4.2% amt=6.0亿 lot=930元)
[10:27:00] BASE 002451 摩恩电气 门槛未过→仅观察 (amp=4.3% amt=1.1亿 lot=734元)
[10:27:00] BASE 002639 雪人集团 门槛未过→仅观察 (amp=4.5% amt=4.4亿 lot=1264元)
[10:28:00] BASE 002176 江特电机 门槛未过→仅观察 (amp=4.2% amt=6.0亿 lot=930元)
[10:28:00] BASE 002451 摩恩电气 门槛未过→仅观察 (amp=4.3% amt=1.1亿 lot=734元)
[10:28:00] BASE 002639 雪人集团 门槛未过→仅观察 (amp=4.5% amt=4.4亿 lot=1264元)
[10:29:00] BASE 002176 江特电机 门槛未过→仅观察 (amp=4.2% amt=6.0亿 lot=930元)
[10:29:00] BASE 002639 雪人集团 门槛未过→仅观察 (amp=4.5% amt=4.4亿 lot=1264元)
[10:29:00] BASE 002451 摩恩电气 门槛未过→仅观察 (amp=4.3% amt=1.1亿 lot=734元)
[10:30:00] BASE 002176 江特电机 门槛未过→仅观察 (amp=4.2% amt=6.0亿 lot=930元)
[10:30:01] BASE 002451 摩恩电气 门槛未过→仅观察 (amp=4.3% amt=1.1亿 lot=734元)
[10:30:01] BASE 002639 雪人集团 门槛未过→仅观察 (amp=4.5% amt=4.4亿 lot=1264元)
[10:31:00] BASE 002176 江特电机 门槛未过→仅观察 (amp=4.2% amt=6.0亿 lot=930元)
[10:31:00] BASE 002639 雪人集团 门槛未过→仅观察 (amp=4.5% amt=4.4亿 lot=1264元)
[10:31:00] BASE 002451 摩恩电气 门槛未过→仅观察 (amp=4.3% amt=1.1亿 lot=734元)
[10:32:00] BASE 002176 江特电机 门槛未过→仅观察 (amp=4.2% amt=6.0亿 lot=930元)
[10:32:00] BASE 002451 摩恩电气 门槛未过→仅观察 (amp=4.3% amt=1.1亿 lot=734元)
[10:32:00] BASE 002639 雪人集团 门槛未过→仅观察 (amp=4.5% amt=4.4亿 lot=1264元)
[10:33:00] BASE 002176 江特电机 门槛未过→仅观察 (amp=4.2% amt=6.0亿 lot=930元)
[10:33:00] BASE 002451 摩恩电气 门槛未过→仅观察 (amp=4.3% amt=1.1亿 lot=734元)
[10:33:00] BASE 002639 雪人集团 门槛未过→仅观察 (amp=4.5% amt=4.4亿 lot=1264元)
[10:34:00] BASE 002176 江特电机 门槛未过→仅观察 (amp=4.2% amt=6.0亿 lot=930元)
[10:34:00] BASE 002639 雪人集团 门槛未过→仅观察 (amp=4.5% amt=4.4亿 lot=1264元)
[10:34:00] BASE 002451 摩恩电气 门槛未过→仅观察 (amp=4.3% amt=1.1亿 lot=734元)
[10:35:00] BASE 002176 江特电机 门槛未过→仅观察 (amp=4.2% amt=6.0亿 lot=930元)
[10:35:00] BASE 002451 摩恩电气 门槛未过→仅观察 (amp=4.3% amt=1.1亿 lot=734元)
[10:35:00] BASE 002639 雪人集团 门槛未过→仅观察 (amp=4.5% amt=4.4亿 lot=1264元)
[10:36:00] BASE 002176 江特电机 门槛未过→仅观察 (amp=4.2% amt=6.0亿 lot=930元)
[10:36:01] BASE 002451 摩恩电气 门槛未过→仅观察 (amp=4.3% amt=1.1亿 lot=734元)
[10:36:01] BASE 002639 雪人集团 门槛未过→仅观察 (amp=4.5% amt=4.4亿 lot=1264元)
[10:37:00] BASE 002176 江特电机 门槛未过→仅观察 (amp=4.2% amt=6.0亿 lot=930元)
[10:37:00] BASE 002639 雪人集团 门槛未过→仅观察 (amp=4.5% amt=4.4亿 lot=1264元)
[10:37:00] BASE 002451 摩恩电气 门槛未过→仅观察 (amp=4.3% amt=1.1亿 lot=734元)
[10:38:00] BASE 002176 江特电机 门槛未过→仅观察 (amp=4.2% amt=6.0亿 lot=930元)
[10:38:00] BASE 002451 摩恩电气 门槛未过→仅观察 (amp=4.3% amt=1.1亿 lot=734元)
[10:38:00] BASE 002639 雪人集团 门槛未过→仅观察 (amp=4.5% amt=4.4亿 lot=1264元)
[10:39:00] BASE 002176 江特电机 门槛未过→仅观察 (amp=4.2% amt=6.0亿 lot=930元)
[10:39:00] BASE 002451 摩恩电气 门槛未过→仅观察 (amp=4.3% amt=1.1亿 lot=734元)
[10:39:02] BASE 002639 雪人集团 门槛未过→仅观察 (amp=4.5% amt=4.4亿 lot=1264元)
[10:40:00] BASE 002176 江特电机 门槛未过→仅观察 (amp=4.2% amt=6.0亿 lot=930元)
[10:40:00] BASE 002639 雪人集团 门槛未过→仅观察 (amp=4.5% amt=4.4亿 lot=1264元)
[10:40:00] BASE 002451 摩恩电气 门槛未过→仅观察 (amp=4.3% amt=1.1亿 lot=734元)
[10:41:00] BASE 002176 江特电机 门槛未过→仅观察 (amp=4.2% amt=6.0亿 lot=930元)
[10:41:00] BASE 002639 雪人集团 门槛未过→仅观察 (amp=4.5% amt=4.4亿 lot=1264元)
[10:41:01] BASE 002451 摩恩电气 门槛未过→仅观察 (amp=4.3% amt=1.1亿 lot=734元)
[10:42:00] BASE 002176 江特电机 门槛未过→仅观察 (amp=4.2% amt=6.0亿 lot=930元)
[10:42:00] BASE 002451 摩恩电气 门槛未过→仅观察 (amp=4.3% amt=1.1亿 lot=734元)
[10:42:00] BASE 002639 雪人集团 门槛未过→仅观察 (amp=4.5% amt=4.4亿 lot=1264元)
[10:43:00] BASE 002176 江特电机 门槛未过→仅观察 (amp=4.2% amt=6.0亿 lot=930元)
[10:43:00] BASE 002639 雪人集团 门槛未过→仅观察 (amp=4.5% amt=4.4亿 lot=1264元)
[10:43:02] BASE 002451 摩恩电气 门槛未过→仅观察 (amp=4.3% amt=1.1亿 lot=734元)
[10:44:00] BASE 002176 江特电机 门槛未过→仅观察 (amp=4.2% amt=6.0亿 lot=930元)
[10:44:00] BASE 002639 雪人集团 门槛未过→仅观察 (amp=4.5% amt=4.4亿 lot=1264元)
[10:44:01] BASE 002451 摩恩电气 门槛未过→仅观察 (amp=4.3% amt=1.1亿 lot=734元)
[10:45:00] BASE 002176 江特电机 门槛未过→仅观察 (amp=4.2% amt=6.0亿 lot=930元)
[10:45:00] BASE 002639 雪人集团 门槛未过→仅观察 (amp=4.5% amt=4.4亿 lot=1264元)
[10:45:00] BASE 002451 摩恩电气 门槛未过→仅观察 (amp=4.3% amt=1.1亿 lot=734元)
[10:46:00] BASE 002176 江特电机 门槛未过→仅观察 (amp=4.2% amt=6.0亿 lot=930元)
[10:46:00] BASE 002639 雪人集团 门槛未过→仅观察 (amp=4.5% amt=4.4亿 lot=1264元)
[10:46:00] BASE 002451 摩恩电气 门槛未过→仅观察 (amp=4.3% amt=1.1亿 lot=734元)
[10:47:00] BASE 002176 江特电机 门槛未过→仅观察 (amp=4.2% amt=6.0亿 lot=930元)
[10:47:00] BASE 002451 摩恩电气 门槛未过→仅观察 (amp=4.3% amt=1.1亿 lot=734元)
[10:47:00] BASE 002639 雪人集团 门槛未过→仅观察 (amp=4.5% amt=4.4亿 lot=1264元)
[10:48:00] BASE 002176 江特电机 门槛未过→仅观察 (amp=4.2% amt=6.0亿 lot=930元)
[10:48:00] BASE 002451 摩恩电气 门槛未过→仅观察 (amp=4.3% amt=1.1亿 lot=734元)
[10:48:00] BASE 002639 雪人集团 门槛未过→仅观察 (amp=4.5% amt=4.4亿 lot=1264元)
[10:49:00] BASE 002176 江特电机 门槛未过→仅观察 (amp=4.2% amt=6.0亿 lot=930元)
[10:49:00] BASE 002639 雪人集团 门槛未过→仅观察 (amp=4.5% amt=4.4亿 lot=1264元)
[10:49:02] BASE 002451 摩恩电气 门槛未过→仅观察 (amp=4.3% amt=1.1亿 lot=734元)
[10:50:00] BASE 002176 江特电机 门槛未过→仅观察 (amp=4.2% amt=6.0亿 lot=930元)
[10:50:00] BASE 002451 摩恩电气 门槛未过→仅观察 (amp=4.3% amt=1.1亿 lot=734元)
[10:50:00] BASE 002639 雪人集团 门槛未过→仅观察 (amp=4.5% amt=4.4亿 lot=1264元)
[10:51:00] BASE 002176 江特电机 门槛未过→仅观察 (amp=4.2% amt=6.0亿 lot=930元)
[10:51:00] BASE 002451 摩恩电气 门槛未过→仅观察 (amp=4.3% amt=1.1亿 lot=734元)
[10:51:00] BASE 002639 雪人集团 门槛未过→仅观察 (amp=4.5% amt=4.4亿 lot=1264元)
[10:52:00] BASE 002176 江特电机 门槛未过→仅观察 (amp=4.2% amt=6.0亿 lot=930元)
[10:52:00] BASE 002639 雪人集团 门槛未过→仅观察 (amp=4.5% amt=4.4亿 lot=1264元)
[10:52:00] BASE 002451 摩恩电气 门槛未过→仅观察 (amp=4.3% amt=1.1亿 lot=734元)
[10:53:00] BASE 002176 江特电机 门槛未过→仅观察 (amp=4.2% amt=6.0亿 lot=930元)
[10:53:00] BASE 002451 摩恩电气 门槛未过→仅观察 (amp=4.3% amt=1.1亿 lot=734元)
[10:53:00] BASE 002639 雪人集团 门槛未过→仅观察 (amp=4.5% amt=4.4亿 lot=1264元)
[10:54:00] BASE 002176 江特电机 门槛未过→仅观察 (amp=4.2% amt=6.0亿 lot=930元)
[10:54:00] BASE 002451 摩恩电气 门槛未过→仅观察 (amp=4.3% amt=1.1亿 lot=734元)
[10:54:00] BASE 002639 雪人集团 门槛未过→仅观察 (amp=4.5% amt=4.4亿 lot=1264元)
[10:55:00] BASE 002176 江特电机 门槛未过→仅观察 (amp=4.2% amt=6.0亿 lot=930元)
[10:55:01] BASE 002639 雪人集团 门槛未过→仅观察 (amp=4.5% amt=4.4亿 lot=1264元)
[10:55:02] BASE 002451 摩恩电气 门槛未过→仅观察 (amp=4.3% amt=1.1亿 lot=734元)
[10:56:00] BASE 002176 江特电机 门槛未过→仅观察 (amp=4.2% amt=6.0亿 lot=930元)
[10:56:00] BASE 002451 摩恩电气 门槛未过→仅观察 (amp=4.3% amt=1.1亿 lot=734元)
[10:56:00] BASE 002639 雪人集团 门槛未过→仅观察 (amp=4.5% amt=4.4亿 lot=1264元)
[10:57:00] BASE 002176 江特电机 门槛未过→仅观察 (amp=4.2% amt=6.0亿 lot=930元)
[10:57:00] BASE 002639 雪人集团 门槛未过→仅观察 (amp=4.5% amt=4.4亿 lot=1264元)
[10:57:01] BASE 002451 摩恩电气 门槛未过→仅观察 (amp=4.3% amt=1.1亿 lot=734元)
[10:58:00] BASE 002176 江特电机 门槛未过→仅观察 (amp=4.2% amt=6.0亿 lot=930元)
[10:58:00] BASE 002451 摩恩电气 门槛未过→仅观察 (amp=4.3% amt=1.1亿 lot=734元)
[10:58:00] BASE 002639 雪人集团 门槛未过→仅观察 (amp=4.5% amt=4.4亿 lot=1264元)
[10:59:00] BASE 002176 江特电机 门槛未过→仅观察 (amp=4.2% amt=6.0亿 lot=930元)
[10:59:00] BASE 002639 雪人集团 门槛未过→仅观察 (amp=4.5% amt=4.4亿 lot=1264元)
[10:59:02] BASE 002451 摩恩电气 门槛未过→仅观察 (amp=4.3% amt=1.1亿 lot=734元)
[11:00:00] BASE 002176 江特电机 门槛未过→仅观察 (amp=4.2% amt=6.0亿 lot=930元)
[11:00:00] BASE 002639 雪人集团 门槛未过→仅观察 (amp=4.5% amt=4.4亿 lot=1264元)
[11:00:00] BASE 002451 摩恩电气 门槛未过→仅观察 (amp=4.3% amt=1.1亿 lot=734元)
[11:01:00] BASE 002176 江特电机 门槛未过→仅观察 (amp=4.2% amt=6.0亿 lot=930元)
[11:01:00] BASE 002451 摩恩电气 门槛未过→仅观察 (amp=4.3% amt=1.1亿 lot=734元)
[11:01:00] BASE 002639 雪人集团 门槛未过→仅观察 (amp=4.5% amt=4.4亿 lot=1264元)
[11:02:00] BASE 002176 江特电机 门槛未过→仅观察 (amp=4.2% amt=6.0亿 lot=930元)
[11:02:00] BASE 002639 雪人集团 门槛未过→仅观察 (amp=4.5% amt=4.4亿 lot=1264元)
[11:02:00] BASE 002451 摩恩电气 门槛未过→仅观察 (amp=4.3% amt=1.1亿 lot=734元)
[11:03:00] BASE 002176 江特电机 门槛未过→仅观察 (amp=4.2% amt=6.0亿 lot=930元)
[11:03:00] BASE 002639 雪人集团 门槛未过→仅观察 (amp=4.5% amt=4.4亿 lot=1264元)
[11:03:00] BASE 002451 摩恩电气 门槛未过→仅观察 (amp=4.3% amt=1.1亿 lot=734元)
[11:04:00] BASE 002176 江特电机 门槛未过→仅观察 (amp=4.2% amt=6.0亿 lot=930元)
[11:04:00] BASE 002639 雪人集团 门槛未过→仅观察 (amp=4.5% amt=4.4亿 lot=1264元)
[11:04:00] BASE 002451 摩恩电气 门槛未过→仅观察 (amp=4.3% amt=1.1亿 lot=734元)
[11:05:00] BASE 002176 江特电机 门槛未过→仅观察 (amp=4.2% amt=6.0亿 lot=930元)
[11:05:00] BASE 002639 雪人集团 门槛未过→仅观察 (amp=4.5% amt=4.4亿 lot=1264元)
[11:05:00] BASE 002451 摩恩电气 门槛未过→仅观察 (amp=4.3% amt=1.1亿 lot=734元)
[11:06:00] BASE 002176 江特电机 门槛未过→仅观察 (amp=4.2% amt=6.0亿 lot=930元)
[11:06:00] BASE 002451 摩恩电气 门槛未过→仅观察 (amp=4.3% amt=1.1亿 lot=734元)
[11:06:00] BASE 002639 雪人集团 门槛未过→仅观察 (amp=4.5% amt=4.4亿 lot=1264元)
[11:07:00] BASE 002176 江特电机 门槛未过→仅观察 (amp=4.2% amt=6.0亿 lot=930元)
[11:07:00] BASE 002639 雪人集团 门槛未过→仅观察 (amp=4.5% amt=4.4亿 lot=1264元)
[11:07:00] BASE 002451 摩恩电气 门槛未过→仅观察 (amp=4.3% amt=1.1亿 lot=734元)
[11:08:00] BASE 002176 江特电机 门槛未过→仅观察 (amp=4.2% amt=6.0亿 lot=930元)
[11:08:01] BASE 002451 摩恩电气 门槛未过→仅观察 (amp=4.3% amt=1.1亿 lot=734元)
[11:08:01] BASE 002639 雪人集团 门槛未过→仅观察 (amp=4.5% amt=4.4亿 lot=1264元)
[11:09:00] BASE 002176 江特电机 门槛未过→仅观察 (amp=4.2% amt=6.0亿 lot=930元)
[11:09:00] BASE 002451 摩恩电气 门槛未过→仅观察 (amp=4.3% amt=1.1亿 lot=734元)
[11:09:00] BASE 002639 雪人集团 门槛未过→仅观察 (amp=4.5% amt=4.4亿 lot=1264元)
[11:10:00] BASE 002176 江特电机 门槛未过→仅观察 (amp=4.2% amt=6.0亿 lot=930元)
[11:10:00] BASE 002451 摩恩电气 门槛未过→仅观察 (amp=4.3% amt=1.1亿 lot=734元)
[11:10:00] BASE 002639 雪人集团 门槛未过→仅观察 (amp=4.5% amt=4.4亿 lot=1264元)
[11:11:00] BASE 002176 江特电机 门槛未过→仅观察 (amp=4.2% amt=6.0亿 lot=930元)
[11:11:00] BASE 002451 摩恩电气 门槛未过→仅观察 (amp=4.3% amt=1.1亿 lot=734元)
[11:11:00] BASE 002639 雪人集团 门槛未过→仅观察 (amp=4.5% amt=4.4亿 lot=1264元)
[11:12:00] BASE 002176 江特电机 门槛未过→仅观察 (amp=4.2% amt=6.0亿 lot=930元)
[11:12:00] BASE 002639 雪人集团 门槛未过→仅观察 (amp=4.5% amt=4.4亿 lot=1264元)
[11:12:00] BASE 002451 摩恩电气 门槛未过→仅观察 (amp=4.3% amt=1.1亿 lot=734元)
[11:13:00] BASE 002176 江特电机 门槛未过→仅观察 (amp=4.2% amt=6.0亿 lot=930元)
[11:13:00] BASE 002639 雪人集团 门槛未过→仅观察 (amp=4.5% amt=4.4亿 lot=1264元)
[11:13:01] BASE 002451 摩恩电气 门槛未过→仅观察 (amp=4.3% amt=1.1亿 lot=734元)
[11:14:00] BASE 002176 江特电机 门槛未过→仅观察 (amp=4.2% amt=6.0亿 lot=930元)
[11:14:00] BASE 002639 雪人集团 门槛未过→仅观察 (amp=4.5% amt=4.4亿 lot=1264元)
[11:14:00] BASE 002451 摩恩电气 门槛未过→仅观察 (amp=4.3% amt=1.1亿 lot=734元)
[11:15:00] BASE 002176 江特电机 门槛未过→仅观察 (amp=4.2% amt=6.0亿 lot=930元)
[11:15:00] BASE 002451 摩恩电气 门槛未过→仅观察 (amp=4.3% amt=1.1亿 lot=734元)
[11:15:00] BASE 002639 雪人集团 门槛未过→仅观察 (amp=4.5% amt=4.4亿 lot=1264元)
[11:16:00] BASE 002176 江特电机 门槛未过→仅观察 (amp=4.2% amt=6.0亿 lot=930元)
[11:16:00] BASE 002639 雪人集团 门槛未过→仅观察 (amp=4.5% amt=4.4亿 lot=1264元)
[11:16:00] BASE 002451 摩恩电气 门槛未过→仅观察 (amp=4.3% amt=1.1亿 lot=734元)
[11:17:00] BASE 002176 江特电机 门槛未过→仅观察 (amp=4.2% amt=6.0亿 lot=930元)
[11:17:00] BASE 002639 雪人集团 门槛未过→仅观察 (amp=4.5% amt=4.4亿 lot=1264元)
[11:17:00] BASE 002451 摩恩电气 门槛未过→仅观察 (amp=4.3% amt=1.1亿 lot=734元)
[11:18:00] BASE 002176 江特电机 门槛未过→仅观察 (amp=4.2% amt=6.0亿 lot=930元)
[11:18:00] BASE 002639 雪人集团 门槛未过→仅观察 (amp=4.5% amt=4.4亿 lot=1264元)
[11:18:01] BASE 002451 摩恩电气 门槛未过→仅观察 (amp=4.3% amt=1.1亿 lot=734元)
[11:19:00] BASE 002176 江特电机 门槛未过→仅观察 (amp=4.2% amt=6.0亿 lot=930元)
[11:19:00] BASE 002451 摩恩电气 门槛未过→仅观察 (amp=4.3% amt=1.1亿 lot=734元)
[11:19:00] BASE 002639 雪人集团 门槛未过→仅观察 (amp=4.5% amt=4.4亿 lot=1264元)
[11:20:00] BASE 002176 江特电机 门槛未过→仅观察 (amp=4.2% amt=6.0亿 lot=930元)
[11:20:00] BASE 002451 摩恩电气 门槛未过→仅观察 (amp=4.3% amt=1.1亿 lot=734元)
[11:20:00] BASE 002639 雪人集团 门槛未过→仅观察 (amp=4.5% amt=4.4亿 lot=1264元)
[11:21:00] BASE 002176 江特电机 门槛未过→仅观察 (amp=4.2% amt=6.0亿 lot=930元)
[11:21:00] BASE 002639 雪人集团 门槛未过→仅观察 (amp=4.5% amt=4.4亿 lot=1264元)
[11:21:00] BASE 002451 摩恩电气 门槛未过→仅观察 (amp=4.3% amt=1.1亿 lot=734元)
[11:22:00] BASE 002176 江特电机 门槛未过→仅观察 (amp=4.2% amt=6.0亿 lot=930元)
[11:22:00] BASE 002639 雪人集团 门槛未过→仅观察 (amp=4.5% amt=4.4亿 lot=1264元)
[11:22:00] BASE 002451 摩恩电气 门槛未过→仅观察 (amp=4.3% amt=1.1亿 lot=734元)
[11:23:00] BASE 002176 江特电机 门槛未过→仅观察 (amp=4.2% amt=6.0亿 lot=930元)
[11:23:00] BASE 002451 摩恩电气 门槛未过→仅观察 (amp=4.3% amt=1.1亿 lot=734元)
[11:23:00] BASE 002639 雪人集团 门槛未过→仅观察 (amp=4.5% amt=4.4亿 lot=1264元)
[11:24:00] BASE 002176 江特电机 门槛未过→仅观察 (amp=4.2% amt=6.0亿 lot=930元)
[11:24:01] BASE 002639 雪人集团 门槛未过→仅观察 (amp=4.5% amt=4.4亿 lot=1264元)
[11:24:01] BASE 002451 摩恩电气 门槛未过→仅观察 (amp=4.3% amt=1.1亿 lot=734元)
[11:25:00] BASE 002176 江特电机 门槛未过→仅观察 (amp=4.2% amt=6.0亿 lot=930元)
[11:25:00] BASE 002639 雪人集团 门槛未过→仅观察 (amp=4.5% amt=4.4亿 lot=1264元)
[11:25:00] BASE 002451 摩恩电气 门槛未过→仅观察 (amp=4.3% amt=1.1亿 lot=734元)
[11:26:00] BASE 002176 江特电机 门槛未过→仅观察 (amp=4.2% amt=6.0亿 lot=930元)
[11:26:00] BASE 002451 摩恩电气 门槛未过→仅观察 (amp=4.3% amt=1.1亿 lot=734元)
[11:26:00] BASE 002639 雪人集团 门槛未过→仅观察 (amp=4.5% amt=4.4亿 lot=1264元)
[11:27:00] BASE 002176 江特电机 门槛未过→仅观察 (amp=4.2% amt=6.0亿 lot=930元)
[11:27:00] BASE 002451 摩恩电气 门槛未过→仅观察 (amp=4.3% amt=1.1亿 lot=734元)
[11:27:00] BASE 002639 雪人集团 门槛未过→仅观察 (amp=4.5% amt=4.4亿 lot=1264元)
[11:28:00] BASE 002176 江特电机 门槛未过→仅观察 (amp=4.2% amt=6.0亿 lot=930元)
[11:28:00] BASE 002639 雪人集团 门槛未过→仅观察 (amp=4.5% amt=4.4亿 lot=1264元)
[11:28:02] BASE 002451 摩恩电气 门槛未过→仅观察 (amp=4.3% amt=1.1亿 lot=734元)
[11:29:00] BASE 002176 江特电机 门槛未过→仅观察 (amp=4.2% amt=6.0亿 lot=930元)
[11:29:00] BASE 002639 雪人集团 门槛未过→仅观察 (amp=4.5% amt=4.4亿 lot=1264元)
[11:29:01] BASE 002451 摩恩电气 门槛未过→仅观察 (amp=4.3% amt=1.1亿 lot=734元)
[13:01:00] BASE 002176 江特电机 门槛未过→仅观察 (amp=4.2% amt=6.0亿 lot=930元)
[13:01:00] BASE 002451 摩恩电气 门槛未过→仅观察 (amp=4.3% amt=1.1亿 lot=734元)
[13:01:00] BASE 002639 雪人集团 门槛未过→仅观察 (amp=4.5% amt=4.4亿 lot=1264元)
[13:02:00] BASE 002176 江特电机 门槛未过→仅观察 (amp=4.2% amt=6.0亿 lot=930元)
[13:02:00] BASE 002451 摩恩电气 门槛未过→仅观察 (amp=4.3% amt=1.1亿 lot=734元)
[13:02:00] BASE 002639 雪人集团 门槛未过→仅观察 (amp=4.5% amt=4.4亿 lot=1264元)
[13:03:00] BASE 002176 江特电机 门槛未过→仅观察 (amp=4.2% amt=6.0亿 lot=930元)
[13:03:00] BASE 002451 摩恩电气 门槛未过→仅观察 (amp=4.3% amt=1.1亿 lot=734元)
[13:03:00] BASE 002639 雪人集团 门槛未过→仅观察 (amp=4.5% amt=4.4亿 lot=1264元)
[13:04:00] BASE 002176 江特电机 门槛未过→仅观察 (amp=4.2% amt=6.0亿 lot=930元)
[13:04:00] BASE 002451 摩恩电气 门槛未过→仅观察 (amp=4.3% amt=1.1亿 lot=734元)
[13:04:00] BASE 002639 雪人集团 门槛未过→仅观察 (amp=4.5% amt=4.4亿 lot=1264元)
[13:05:00] BASE 002176 江特电机 门槛未过→仅观察 (amp=4.2% amt=6.0亿 lot=930元)
[13:05:00] BASE 002451 摩恩电气 门槛未过→仅观察 (amp=4.3% amt=1.1亿 lot=734元)
[13:05:00] BASE 002639 雪人集团 门槛未过→仅观察 (amp=4.5% amt=4.4亿 lot=1264元)
[13:06:00] BASE 002176 江特电机 门槛未过→仅观察 (amp=4.2% amt=6.0亿 lot=930元)
[13:06:00] BASE 002639 雪人集团 门槛未过→仅观察 (amp=4.5% amt=4.4亿 lot=1264元)
[13:06:02] BASE 002451 摩恩电气 门槛未过→仅观察 (amp=4.3% amt=1.1亿 lot=734元)
[13:07:00] BASE 002176 江特电机 门槛未过→仅观察 (amp=4.2% amt=6.0亿 lot=930元)
[13:07:00] BASE 002639 雪人集团 门槛未过→仅观察 (amp=4.5% amt=4.4亿 lot=1264元)
[13:07:02] BASE 002451 摩恩电气 门槛未过→仅观察 (amp=4.3% amt=1.1亿 lot=734元)
[13:08:00] BASE 002176 江特电机 门槛未过→仅观察 (amp=4.2% amt=6.0亿 lot=930元)
[13:08:00] BASE 002639 雪人集团 门槛未过→仅观察 (amp=4.5% amt=4.4亿 lot=1264元)
[13:08:02] BASE 002451 摩恩电气 门槛未过→仅观察 (amp=4.3% amt=1.1亿 lot=734元)
[13:09:00] BASE 002176 江特电机 门槛未过→仅观察 (amp=4.2% amt=6.0亿 lot=930元)
[13:09:00] BASE 002639 雪人集团 门槛未过→仅观察 (amp=4.5% amt=4.4亿 lot=1264元)
[13:09:02] BASE 002451 摩恩电气 门槛未过→仅观察 (amp=4.3% amt=1.1亿 lot=734元)
[13:10:00] BASE 002176 江特电机 门槛未过→仅观察 (amp=4.2% amt=6.0亿 lot=930元)
[13:10:00] BASE 002639 雪人集团 门槛未过→仅观察 (amp=4.5% amt=4.4亿 lot=1264元)
[13:10:02] BASE 002451 摩恩电气 门槛未过→仅观察 (amp=4.3% amt=1.1亿 lot=734元)
[13:11:00] BASE 002176 江特电机 门槛未过→仅观察 (amp=4.2% amt=6.0亿 lot=930元)
[13:11:00] BASE 002639 雪人集团 门槛未过→仅观察 (amp=4.5% amt=4.4亿 lot=1264元)
[13:11:00] BASE 002451 摩恩电气 门槛未过→仅观察 (amp=4.3% amt=1.1亿 lot=734元)
[13:12:00] BASE 002176 江特电机 门槛未过→仅观察 (amp=4.2% amt=6.0亿 lot=930元)
[13:12:00] BASE 002639 雪人集团 门槛未过→仅观察 (amp=4.5% amt=4.4亿 lot=1264元)
[13:12:00] BASE 002451 摩恩电气 门槛未过→仅观察 (amp=4.3% amt=1.1亿 lot=734元)
[13:13:00] BASE 002176 江特电机 门槛未过→仅观察 (amp=4.2% amt=6.0亿 lot=930元)
[13:13:00] BASE 002451 摩恩电气 门槛未过→仅观察 (amp=4.3% amt=1.1亿 lot=734元)
[13:13:00] BASE 002639 雪人集团 门槛未过→仅观察 (amp=4.5% amt=4.4亿 lot=1264元)
[13:14:00] BASE 002176 江特电机 门槛未过→仅观察 (amp=4.2% amt=6.0亿 lot=930元)
[13:14:00] BASE 002639 雪人集团 门槛未过→仅观察 (amp=4.5% amt=4.4亿 lot=1264元)
[13:14:00] BASE 002451 摩恩电气 门槛未过→仅观察 (amp=4.3% amt=1.1亿 lot=734元)
[13:15:01] BASE 002176 江特电机 门槛未过→仅观察 (amp=4.2% amt=6.0亿 lot=930元)
[13:15:01] BASE 002639 雪人集团 门槛未过→仅观察 (amp=4.5% amt=4.4亿 lot=1264元)
[13:15:01] BASE 002451 摩恩电气 门槛未过→仅观察 (amp=4.3% amt=1.1亿 lot=734元)
[13:16:00] BASE 002176 江特电机 门槛未过→仅观察 (amp=4.2% amt=6.0亿 lot=930元)
[13:16:00] BASE 002451 摩恩电气 门槛未过→仅观察 (amp=4.3% amt=1.1亿 lot=734元)
[13:16:00] BASE 002639 雪人集团 门槛未过→仅观察 (amp=4.5% amt=4.4亿 lot=1264元)
[13:17:00] BASE 002176 江特电机 门槛未过→仅观察 (amp=4.2% amt=6.0亿 lot=930元)
[13:17:01] BASE 002639 雪人集团 门槛未过→仅观察 (amp=4.5% amt=4.4亿 lot=1264元)
[13:17:01] BASE 002451 摩恩电气 门槛未过→仅观察 (amp=4.3% amt=1.1亿 lot=734元)
[13:18:00] BASE 002176 江特电机 门槛未过→仅观察 (amp=4.2% amt=6.0亿 lot=930元)
[13:18:00] BASE 002639 雪人集团 门槛未过→仅观察 (amp=4.5% amt=4.4亿 lot=1264元)
[13:18:02] BASE 002451 摩恩电气 门槛未过→仅观察 (amp=4.3% amt=1.1亿 lot=734元)
[13:19:00] BASE 002176 江特电机 门槛未过→仅观察 (amp=4.2% amt=6.0亿 lot=930元)
[13:19:00] BASE 002451 摩恩电气 门槛未过→仅观察 (amp=4.3% amt=1.1亿 lot=734元)
[13:19:00] BASE 002639 雪人集团 门槛未过→仅观察 (amp=4.5% amt=4.4亿 lot=1264元)
[13:20:00] BASE 002176 江特电机 门槛未过→仅观察 (amp=4.2% amt=6.0亿 lot=930元)
[13:20:00] BASE 002639 雪人集团 门槛未过→仅观察 (amp=4.5% amt=4.4亿 lot=1264元)
[13:20:01] BASE 002451 摩恩电气 门槛未过→仅观察 (amp=4.3% amt=1.1亿 lot=734元)
[13:21:00] BASE 002176 江特电机 门槛未过→仅观察 (amp=4.2% amt=6.0亿 lot=930元)
[13:21:00] BASE 002639 雪人集团 门槛未过→仅观察 (amp=4.5% amt=4.4亿 lot=1264元)
[13:21:00] BASE 002451 摩恩电气 门槛未过→仅观察 (amp=4.3% amt=1.1亿 lot=734元)
[13:22:00] BASE 002176 江特电机 门槛未过→仅观察 (amp=4.2% amt=6.0亿 lot=930元)
[13:22:00] BASE 002639 雪人集团 门槛未过→仅观察 (amp=4.5% amt=4.4亿 lot=1264元)
[13:22:00] BASE 002451 摩恩电气 门槛未过→仅观察 (amp=4.3% amt=1.1亿 lot=734元)
[13:23:00] BASE 002176 江特电机 门槛未过→仅观察 (amp=4.2% amt=6.0亿 lot=930元)
[13:23:00] BASE 002451 摩恩电气 门槛未过→仅观察 (amp=4.3% amt=1.1亿 lot=734元)
[13:23:00] BASE 002639 雪人集团 门槛未过→仅观察 (amp=4.5% amt=4.4亿 lot=1264元)
[13:24:00] BASE 002176 江特电机 门槛未过→仅观察 (amp=4.2% amt=6.0亿 lot=930元)
[13:24:00] BASE 002639 雪人集团 门槛未过→仅观察 (amp=4.5% amt=4.4亿 lot=1264元)
[13:24:00] BASE 002451 摩恩电气 门槛未过→仅观察 (amp=4.3% amt=1.1亿 lot=734元)
[13:25:00] BASE 002176 江特电机 门槛未过→仅观察 (amp=4.2% amt=6.0亿 lot=930元)
[13:25:00] BASE 002639 雪人集团 门槛未过→仅观察 (amp=4.5% amt=4.4亿 lot=1264元)
[13:25:00] BASE 002451 摩恩电气 门槛未过→仅观察 (amp=4.3% amt=1.1亿 lot=734元)
[13:26:00] BASE 002176 江特电机 门槛未过→仅观察 (amp=4.2% amt=6.0亿 lot=930元)
[13:26:00] BASE 002639 雪人集团 门槛未过→仅观察 (amp=4.5% amt=4.4亿 lot=1264元)
[13:26:00] BASE 002451 摩恩电气 门槛未过→仅观察 (amp=4.3% amt=1.1亿 lot=734元)
[13:27:00] BASE 002176 江特电机 门槛未过→仅观察 (amp=4.2% amt=6.0亿 lot=930元)
[13:27:00] BASE 002639 雪人集团 门槛未过→仅观察 (amp=4.5% amt=4.4亿 lot=1264元)
[13:27:00] BASE 002451 摩恩电气 门槛未过→仅观察 (amp=4.3% amt=1.1亿 lot=734元)
[13:28:00] BASE 002176 江特电机 门槛未过→仅观察 (amp=4.2% amt=6.0亿 lot=930元)
[13:28:00] BASE 002639 雪人集团 门槛未过→仅观察 (amp=4.5% amt=4.4亿 lot=1264元)
[13:28:00] BASE 002451 摩恩电气 门槛未过→仅观察 (amp=4.3% amt=1.1亿 lot=734元)
[13:29:00] BASE 002176 江特电机 门槛未过→仅观察 (amp=4.2% amt=6.0亿 lot=930元)
[13:29:00] BASE 002639 雪人集团 门槛未过→仅观察 (amp=4.5% amt=4.4亿 lot=1264元)
[13:29:02] BASE 002451 摩恩电气 门槛未过→仅观察 (amp=4.3% amt=1.1亿 lot=734元)
[13:30:00] BASE 002176 江特电机 门槛未过→仅观察 (amp=4.2% amt=6.0亿 lot=930元)
[13:30:00] BASE 002451 摩恩电气 门槛未过→仅观察 (amp=4.3% amt=1.1亿 lot=734元)
[13:30:00] BASE 002639 雪人集团 门槛未过→仅观察 (amp=4.5% amt=4.4亿 lot=1264元)
[13:31:00] BASE 002176 江特电机 门槛未过→仅观察 (amp=4.2% amt=6.0亿 lot=930元)
[13:31:00] BASE 002639 雪人集团 门槛未过→仅观察 (amp=4.5% amt=4.4亿 lot=1264元)
[13:31:02] BASE 002451 摩恩电气 门槛未过→仅观察 (amp=4.3% amt=1.1亿 lot=734元)
[13:32:00] BASE 002176 江特电机 门槛未过→仅观察 (amp=4.2% amt=6.0亿 lot=930元)
[13:32:00] BASE 002451 摩恩电气 门槛未过→仅观察 (amp=4.3% amt=1.1亿 lot=734元)
[13:32:00] BASE 002639 雪人集团 门槛未过→仅观察 (amp=4.5% amt=4.4亿 lot=1264元)
[13:33:00] BASE 002176 江特电机 门槛未过→仅观察 (amp=4.2% amt=6.0亿 lot=930元)
[13:33:00] BASE 002639 雪人集团 门槛未过→仅观察 (amp=4.5% amt=4.4亿 lot=1264元)
[13:33:00] BASE 002451 摩恩电气 门槛未过→仅观察 (amp=4.3% amt=1.1亿 lot=734元)
[13:34:00] BASE 002176 江特电机 门槛未过→仅观察 (amp=4.2% amt=6.0亿 lot=930元)
[13:34:01] BASE 002451 摩恩电气 门槛未过→仅观察 (amp=4.3% amt=1.1亿 lot=734元)
[13:34:01] BASE 002639 雪人集团 门槛未过→仅观察 (amp=4.5% amt=4.4亿 lot=1264元)
[13:35:00] BASE 002176 江特电机 门槛未过→仅观察 (amp=4.2% amt=6.0亿 lot=930元)
[13:35:00] BASE 002451 摩恩电气 门槛未过→仅观察 (amp=4.3% amt=1.1亿 lot=734元)
[13:35:00] BASE 002639 雪人集团 门槛未过→仅观察 (amp=4.5% amt=4.4亿 lot=1264元)
[13:36:00] BASE 002176 江特电机 门槛未过→仅观察 (amp=4.2% amt=6.0亿 lot=930元)
[13:36:00] BASE 002451 摩恩电气 门槛未过→仅观察 (amp=4.3% amt=1.1亿 lot=734元)
[13:36:00] BASE 002639 雪人集团 门槛未过→仅观察 (amp=4.5% amt=4.4亿 lot=1264元)
[13:37:00] BASE 002176 江特电机 门槛未过→仅观察 (amp=4.2% amt=6.0亿 lot=930元)
[13:37:00] BASE 002451 摩恩电气 门槛未过→仅观察 (amp=4.3% amt=1.1亿 lot=734元)
[13:37:00] BASE 002639 雪人集团 门槛未过→仅观察 (amp=4.5% amt=4.4亿 lot=1264元)
[13:38:00] BASE 002176 江特电机 门槛未过→仅观察 (amp=4.2% amt=6.0亿 lot=930元)
[13:38:00] BASE 002639 雪人集团 门槛未过→仅观察 (amp=4.5% amt=4.4亿 lot=1264元)
[13:38:00] BASE 002451 摩恩电气 门槛未过→仅观察 (amp=4.3% amt=1.1亿 lot=734元)
[13:39:00] BASE 002176 江特电机 门槛未过→仅观察 (amp=4.2% amt=6.0亿 lot=930元)
[13:39:01] BASE 002639 雪人集团 门槛未过→仅观察 (amp=4.5% amt=4.4亿 lot=1264元)
[13:39:01] BASE 002451 摩恩电气 门槛未过→仅观察 (amp=4.3% amt=1.1亿 lot=734元)
[13:40:00] BASE 002176 江特电机 门槛未过→仅观察 (amp=4.2% amt=6.0亿 lot=930元)
[13:40:00] BASE 002451 摩恩电气 门槛未过→仅观察 (amp=4.3% amt=1.1亿 lot=734元)
[13:40:00] BASE 002639 雪人集团 门槛未过→仅观察 (amp=4.5% amt=4.4亿 lot=1264元)
[13:41:00] BASE 002176 江特电机 门槛未过→仅观察 (amp=4.2% amt=6.0亿 lot=930元)
[13:41:00] BASE 002451 摩恩电气 门槛未过→仅观察 (amp=4.3% amt=1.1亿 lot=734元)
[13:41:00] BASE 002639 雪人集团 门槛未过→仅观察 (amp=4.5% amt=4.4亿 lot=1264元)
[13:42:00] BASE 002176 江特电机 门槛未过→仅观察 (amp=4.2% amt=6.0亿 lot=930元)
[13:42:00] BASE 002639 雪人集团 门槛未过→仅观察 (amp=4.5% amt=4.4亿 lot=1264元)
[13:42:00] BASE 002451 摩恩电气 门槛未过→仅观察 (amp=4.3% amt=1.1亿 lot=734元)
[13:43:00] BASE 002176 江特电机 门槛未过→仅观察 (amp=4.2% amt=6.0亿 lot=930元)
[13:43:00] BASE 002639 雪人集团 门槛未过→仅观察 (amp=4.5% amt=4.4亿 lot=1264元)
[13:43:01] BASE 002451 摩恩电气 门槛未过→仅观察 (amp=4.3% amt=1.1亿 lot=734元)
[13:44:00] BASE 002176 江特电机 门槛未过→仅观察 (amp=4.2% amt=6.0亿 lot=930元)
[13:44:00] BASE 002639 雪人集团 门槛未过→仅观察 (amp=4.5% amt=4.4亿 lot=1264元)
[13:44:01] BASE 002451 摩恩电气 门槛未过→仅观察 (amp=4.3% amt=1.1亿 lot=734元)
[13:45:00] BASE 002176 江特电机 门槛未过→仅观察 (amp=4.2% amt=6.0亿 lot=930元)
[13:45:00] BASE 002451 摩恩电气 门槛未过→仅观察 (amp=4.3% amt=1.1亿 lot=734元)
[13:45:00] BASE 002639 雪人集团 门槛未过→仅观察 (amp=4.5% amt=4.4亿 lot=1264元)
[13:46:00] BASE 002176 江特电机 门槛未过→仅观察 (amp=4.2% amt=6.0亿 lot=930元)
[13:46:00] BASE 002451 摩恩电气 门槛未过→仅观察 (amp=4.3% amt=1.1亿 lot=734元)
[13:46:00] BASE 002639 雪人集团 门槛未过→仅观察 (amp=4.5% amt=4.4亿 lot=1264元)
[13:47:00] BASE 002176 江特电机 门槛未过→仅观察 (amp=4.2% amt=6.0亿 lot=930元)
[13:47:00] BASE 002639 雪人集团 门槛未过→仅观察 (amp=4.5% amt=4.4亿 lot=1264元)
[13:47:01] BASE 002451 摩恩电气 门槛未过→仅观察 (amp=4.3% amt=1.1亿 lot=734元)
[13:48:00] BASE 002176 江特电机 门槛未过→仅观察 (amp=4.2% amt=6.0亿 lot=930元)
[13:48:00] BASE 002639 雪人集团 门槛未过→仅观察 (amp=4.5% amt=4.4亿 lot=1264元)
[13:48:00] BASE 002451 摩恩电气 门槛未过→仅观察 (amp=4.3% amt=1.1亿 lot=734元)
[13:49:00] BASE 002176 江特电机 门槛未过→仅观察 (amp=4.2% amt=6.0亿 lot=930元)
[13:49:00] BASE 002639 雪人集团 门槛未过→仅观察 (amp=4.5% amt=4.4亿 lot=1264元)
[13:49:01] BASE 002451 摩恩电气 门槛未过→仅观察 (amp=4.3% amt=1.1亿 lot=734元)
[13:50:00] BASE 002176 江特电机 门槛未过→仅观察 (amp=4.2% amt=6.0亿 lot=930元)
[13:50:00] BASE 002451 摩恩电气 门槛未过→仅观察 (amp=4.3% amt=1.1亿 lot=734元)
[13:50:00] BASE 002639 雪人集团 门槛未过→仅观察 (amp=4.5% amt=4.4亿 lot=1264元)
[13:51:00] BASE 002176 江特电机 门槛未过→仅观察 (amp=4.2% amt=6.0亿 lot=930元)
[13:51:00] BASE 002451 摩恩电气 门槛未过→仅观察 (amp=4.3% amt=1.1亿 lot=734元)
[13:51:00] BASE 002639 雪人集团 门槛未过→仅观察 (amp=4.5% amt=4.4亿 lot=1264元)
[13:52:00] BASE 002176 江特电机 门槛未过→仅观察 (amp=4.2% amt=6.0亿 lot=930元)
[13:52:01] BASE 002451 摩恩电气 门槛未过→仅观察 (amp=4.3% amt=1.1亿 lot=734元)
[13:52:01] BASE 002639 雪人集团 门槛未过→仅观察 (amp=4.5% amt=4.4亿 lot=1264元)
[13:53:00] BASE 002176 江特电机 门槛未过→仅观察 (amp=4.2% amt=6.0亿 lot=930元)
[13:53:00] BASE 002639 雪人集团 门槛未过→仅观察 (amp=4.5% amt=4.4亿 lot=1264元)
[13:53:00] BASE 002451 摩恩电气 门槛未过→仅观察 (amp=4.3% amt=1.1亿 lot=734元)
[13:54:00] BASE 002176 江特电机 门槛未过→仅观察 (amp=4.2% amt=6.0亿 lot=930元)
[13:54:00] BASE 002451 摩恩电气 门槛未过→仅观察 (amp=4.3% amt=1.1亿 lot=734元)
[13:54:00] BASE 002639 雪人集团 门槛未过→仅观察 (amp=4.5% amt=4.4亿 lot=1264元)
[13:55:00] BASE 002176 江特电机 门槛未过→仅观察 (amp=4.2% amt=6.0亿 lot=930元)
[13:55:00] BASE 002639 雪人集团 门槛未过→仅观察 (amp=4.5% amt=4.4亿 lot=1264元)
[13:55:01] BASE 002451 摩恩电气 门槛未过→仅观察 (amp=4.3% amt=1.1亿 lot=734元)
[13:56:00] BASE 002176 江特电机 门槛未过→仅观察 (amp=4.2% amt=6.0亿 lot=930元)
[13:56:00] BASE 002639 雪人集团 门槛未过→仅观察 (amp=4.5% amt=4.4亿 lot=1264元)
[13:56:00] BASE 002451 摩恩电气 门槛未过→仅观察 (amp=4.3% amt=1.1亿 lot=734元)
[13:57:00] BASE 002176 江特电机 门槛未过→仅观察 (amp=4.2% amt=6.0亿 lot=930元)
[13:57:00] BASE 002639 雪人集团 门槛未过→仅观察 (amp=4.5% amt=4.4亿 lot=1264元)
[13:57:00] BASE 002451 摩恩电气 门槛未过→仅观察 (amp=4.3% amt=1.1亿 lot=734元)
[13:58:00] BASE 002176 江特电机 门槛未过→仅观察 (amp=4.2% amt=6.0亿 lot=930元)
[13:58:00] BASE 002451 摩恩电气 门槛未过→仅观察 (amp=4.3% amt=1.1亿 lot=734元)
[13:58:00] BASE 002639 雪人集团 门槛未过→仅观察 (amp=4.5% amt=4.4亿 lot=1264元)
[13:59:00] BASE 002176 江特电机 门槛未过→仅观察 (amp=4.2% amt=6.0亿 lot=930元)
[13:59:00] BASE 002451 摩恩电气 门槛未过→仅观察 (amp=4.3% amt=1.1亿 lot=734元)
[13:59:00] BASE 002639 雪人集团 门槛未过→仅观察 (amp=4.5% amt=4.4亿 lot=1264元)
[14:00:00] BASE 002176 江特电机 门槛未过→仅观察 (amp=4.2% amt=6.0亿 lot=930元)
[14:00:01] BASE 002451 摩恩电气 门槛未过→仅观察 (amp=4.3% amt=1.1亿 lot=734元)
[14:00:01] BASE 002639 雪人集团 门槛未过→仅观察 (amp=4.5% amt=4.4亿 lot=1264元)
[14:01:00] BASE 002451 摩恩电气 门槛未过→仅观察 (amp=4.3% amt=1.1亿 lot=734元)
[14:01:00] BASE 002639 雪人集团 门槛未过→仅观察 (amp=4.5% amt=4.4亿 lot=1264元)
[14:01:01] BASE 002176 江特电机 门槛未过→仅观察 (amp=4.2% amt=6.0亿 lot=930元)
[14:02:00] BASE 002176 江特电机 门槛未过→仅观察 (amp=4.2% amt=6.0亿 lot=930元)
[14:02:00] BASE 002451 摩恩电气 门槛未过→仅观察 (amp=4.3% amt=1.1亿 lot=734元)
[14:02:00] BASE 002639 雪人集团 门槛未过→仅观察 (amp=4.5% amt=4.4亿 lot=1264元)
[14:03:00] BASE 002176 江特电机 门槛未过→仅观察 (amp=4.2% amt=6.0亿 lot=930元)
[14:03:00] BASE 002451 摩恩电气 门槛未过→仅观察 (amp=4.3% amt=1.1亿 lot=734元)
[14:03:00] BASE 002639 雪人集团 门槛未过→仅观察 (amp=4.5% amt=4.4亿 lot=1264元)
[14:04:00] BASE 002176 江特电机 门槛未过→仅观察 (amp=4.2% amt=6.0亿 lot=930元)
[14:04:00] BASE 002451 摩恩电气 门槛未过→仅观察 (amp=4.3% amt=1.1亿 lot=734元)
[14:04:00] BASE 002639 雪人集团 门槛未过→仅观察 (amp=4.5% amt=4.4亿 lot=1264元)
[14:05:00] BASE 002176 江特电机 门槛未过→仅观察 (amp=4.2% amt=6.0亿 lot=930元)
[14:05:00] BASE 002451 摩恩电气 门槛未过→仅观察 (amp=4.3% amt=1.1亿 lot=734元)
[14:05:00] BASE 002639 雪人集团 门槛未过→仅观察 (amp=4.5% amt=4.4亿 lot=1264元)
[14:06:01] BASE 002176 江特电机 门槛未过→仅观察 (amp=4.2% amt=6.0亿 lot=930元)
[14:06:01] BASE 002451 摩恩电气 门槛未过→仅观察 (amp=4.3% amt=1.1亿 lot=734元)
[14:06:01] BASE 002639 雪人集团 门槛未过→仅观察 (amp=4.5% amt=4.4亿 lot=1264元)
[14:07:00] BASE 002176 江特电机 门槛未过→仅观察 (amp=4.2% amt=6.0亿 lot=930元)
[14:07:00] BASE 002639 雪人集团 门槛未过→仅观察 (amp=4.5% amt=4.4亿 lot=1264元)
[14:07:00] BASE 002451 摩恩电气 门槛未过→仅观察 (amp=4.3% amt=1.1亿 lot=734元)
[14:08:00] BASE 002176 江特电机 门槛未过→仅观察 (amp=4.2% amt=6.0亿 lot=930元)
[14:08:00] BASE 002639 雪人集团 门槛未过→仅观察 (amp=4.5% amt=4.4亿 lot=1264元)
[14:08:02] BASE 002451 摩恩电气 门槛未过→仅观察 (amp=4.3% amt=1.1亿 lot=734元)
[14:09:00] BASE 002176 江特电机 门槛未过→仅观察 (amp=4.2% amt=6.0亿 lot=930元)
[14:09:00] BASE 002451 摩恩电气 门槛未过→仅观察 (amp=4.3% amt=1.1亿 lot=734元)
[14:09:00] BASE 002639 雪人集团 门槛未过→仅观察 (amp=4.5% amt=4.4亿 lot=1264元)
[14:10:00] BASE 002176 江特电机 门槛未过→仅观察 (amp=4.2% amt=6.0亿 lot=930元)
[14:10:00] BASE 002639 雪人集团 门槛未过→仅观察 (amp=4.5% amt=4.4亿 lot=1264元)
[14:10:00] BASE 002451 摩恩电气 门槛未过→仅观察 (amp=4.3% amt=1.1亿 lot=734元)
[14:11:00] BASE 002176 江特电机 门槛未过→仅观察 (amp=4.2% amt=6.0亿 lot=930元)
[14:11:00] BASE 002451 摩恩电气 门槛未过→仅观察 (amp=4.3% amt=1.1亿 lot=734元)
[14:11:00] BASE 002639 雪人集团 门槛未过→仅观察 (amp=4.5% amt=4.4亿 lot=1264元)
[14:12:00] BASE 002176 江特电机 门槛未过→仅观察 (amp=4.2% amt=6.0亿 lot=930元)
[14:12:00] BASE 002639 雪人集团 门槛未过→仅观察 (amp=4.5% amt=4.4亿 lot=1264元)
[14:12:02] BASE 002451 摩恩电气 门槛未过→仅观察 (amp=4.3% amt=1.1亿 lot=734元)
[14:13:00] BASE 002176 江特电机 门槛未过→仅观察 (amp=4.2% amt=6.0亿 lot=930元)
[14:13:00] BASE 002639 雪人集团 门槛未过→仅观察 (amp=4.5% amt=4.4亿 lot=1264元)
[14:13:00] BASE 002451 摩恩电气 门槛未过→仅观察 (amp=4.3% amt=1.1亿 lot=734元)
[14:14:00] BASE 002176 江特电机 门槛未过→仅观察 (amp=4.2% amt=6.0亿 lot=930元)
[14:14:00] BASE 002639 雪人集团 门槛未过→仅观察 (amp=4.5% amt=4.4亿 lot=1264元)
[14:14:01] BASE 002451 摩恩电气 门槛未过→仅观察 (amp=4.3% amt=1.1亿 lot=734元)
[14:15:00] BASE 002176 江特电机 门槛未过→仅观察 (amp=4.2% amt=6.0亿 lot=930元)
[14:15:00] BASE 002639 雪人集团 门槛未过→仅观察 (amp=4.5% amt=4.4亿 lot=1264元)
[14:15:02] BASE 002451 摩恩电气 门槛未过→仅观察 (amp=4.3% amt=1.1亿 lot=734元)
[14:16:00] BASE 002176 江特电机 门槛未过→仅观察 (amp=4.2% amt=6.0亿 lot=930元)
[14:16:00] BASE 002639 雪人集团 门槛未过→仅观察 (amp=4.5% amt=4.4亿 lot=1264元)
[14:16:02] BASE 002451 摩恩电气 门槛未过→仅观察 (amp=4.3% amt=1.1亿 lot=734元)
[14:17:00] BASE 002176 江特电机 门槛未过→仅观察 (amp=4.2% amt=6.0亿 lot=930元)
[14:17:00] BASE 002451 摩恩电气 门槛未过→仅观察 (amp=4.3% amt=1.1亿 lot=734元)
[14:17:00] BASE 002639 雪人集团 门槛未过→仅观察 (amp=4.5% amt=4.4亿 lot=1264元)
[14:18:00] BASE 002176 江特电机 门槛未过→仅观察 (amp=4.2% amt=6.0亿 lot=930元)
[14:18:00] BASE 002639 雪人集团 门槛未过→仅观察 (amp=4.5% amt=4.4亿 lot=1264元)
[14:18:02] BASE 002451 摩恩电气 门槛未过→仅观察 (amp=4.3% amt=1.1亿 lot=734元)
[14:19:00] BASE 002176 江特电机 门槛未过→仅观察 (amp=4.2% amt=6.0亿 lot=930元)
[14:19:00] BASE 002639 雪人集团 门槛未过→仅观察 (amp=4.5% amt=4.4亿 lot=1264元)
[14:19:02] BASE 002451 摩恩电气 门槛未过→仅观察 (amp=4.3% amt=1.1亿 lot=734元)
[14:20:00] BASE 002176 江特电机 门槛未过→仅观察 (amp=4.2% amt=6.0亿 lot=930元)
[14:20:00] BASE 002639 雪人集团 门槛未过→仅观察 (amp=4.5% amt=4.4亿 lot=1264元)
[14:20:01] BASE 002451 摩恩电气 门槛未过→仅观察 (amp=4.3% amt=1.1亿 lot=734元)
[14:21:00] BASE 002176 江特电机 门槛未过→仅观察 (amp=4.2% amt=6.0亿 lot=930元)
[14:21:00] BASE 002451 摩恩电气 门槛未过→仅观察 (amp=4.3% amt=1.1亿 lot=734元)
[14:21:00] BASE 002639 雪人集团 门槛未过→仅观察 (amp=4.5% amt=4.4亿 lot=1264元)
[14:22:00] BASE 002176 江特电机 门槛未过→仅观察 (amp=4.2% amt=6.0亿 lot=930元)
[14:22:01] BASE 002639 雪人集团 门槛未过→仅观察 (amp=4.5% amt=4.4亿 lot=1264元)
[14:22:02] BASE 002451 摩恩电气 门槛未过→仅观察 (amp=4.3% amt=1.1亿 lot=734元)
[14:23:00] BASE 002176 江特电机 门槛未过→仅观察 (amp=4.2% amt=6.0亿 lot=930元)
[14:23:00] BASE 002451 摩恩电气 门槛未过→仅观察 (amp=4.3% amt=1.1亿 lot=734元)
[14:23:00] BASE 002639 雪人集团 门槛未过→仅观察 (amp=4.5% amt=4.4亿 lot=1264元)
[14:24:00] BASE 002176 江特电机 门槛未过→仅观察 (amp=4.2% amt=6.0亿 lot=930元)
[14:24:00] BASE 002451 摩恩电气 门槛未过→仅观察 (amp=4.3% amt=1.1亿 lot=734元)
[14:24:00] BASE 002639 雪人集团 门槛未过→仅观察 (amp=4.5% amt=4.4亿 lot=1264元)
[14:25:00] BASE 002176 江特电机 门槛未过→仅观察 (amp=4.2% amt=6.0亿 lot=930元)
[14:25:00] BASE 002451 摩恩电气 门槛未过→仅观察 (amp=4.3% amt=1.1亿 lot=734元)
[14:25:00] BASE 002639 雪人集团 门槛未过→仅观察 (amp=4.5% amt=4.4亿 lot=1264元)
[14:26:00] BASE 002176 江特电机 门槛未过→仅观察 (amp=4.2% amt=6.0亿 lot=930元)
[14:26:00] BASE 002451 摩恩电气 门槛未过→仅观察 (amp=4.3% amt=1.1亿 lot=734元)
[14:26:01] BASE 002639 雪人集团 门槛未过→仅观察 (amp=4.5% amt=4.4亿 lot=1264元)
[14:27:00] BASE 002176 江特电机 门槛未过→仅观察 (amp=4.2% amt=6.0亿 lot=930元)
[14:27:00] BASE 002451 摩恩电气 门槛未过→仅观察 (amp=4.3% amt=1.1亿 lot=734元)
[14:27:00] BASE 002639 雪人集团 门槛未过→仅观察 (amp=4.5% amt=4.4亿 lot=1264元)
[14:28:00] BASE 002176 江特电机 门槛未过→仅观察 (amp=4.2% amt=6.0亿 lot=930元)
[14:28:00] BASE 002639 雪人集团 门槛未过→仅观察 (amp=4.5% amt=4.4亿 lot=1264元)
[14:28:00] BASE 002451 摩恩电气 门槛未过→仅观察 (amp=4.3% amt=1.1亿 lot=734元)
[14:29:00] BASE 002176 江特电机 门槛未过→仅观察 (amp=4.2% amt=6.0亿 lot=930元)
[14:29:00] BASE 002639 雪人集团 门槛未过→仅观察 (amp=4.5% amt=4.4亿 lot=1264元)
[14:29:00] BASE 002451 摩恩电气 门槛未过→仅观察 (amp=4.3% amt=1.1亿 lot=734元)
[14:30:00] BASE 002176 江特电机 门槛未过→仅观察 (amp=4.2% amt=6.0亿 lot=930元)
[14:30:01] BASE 002639 雪人集团 门槛未过→仅观察 (amp=4.5% amt=4.4亿 lot=1264元)
[14:30:01] BASE 002451 摩恩电气 门槛未过→仅观察 (amp=4.3% amt=1.1亿 lot=734元)
[14:31:00] BASE 002176 江特电机 门槛未过→仅观察 (amp=4.2% amt=6.0亿 lot=930元)
[14:31:00] BASE 002451 摩恩电气 门槛未过→仅观察 (amp=4.3% amt=1.1亿 lot=734元)
[14:31:00] BASE 002639 雪人集团 门槛未过→仅观察 (amp=4.5% amt=4.4亿 lot=1264元)
[14:32:01] BASE 002176 江特电机 门槛未过→仅观察 (amp=4.2% amt=6.0亿 lot=930元)
[14:32:01] BASE 002451 摩恩电气 门槛未过→仅观察 (amp=4.3% amt=1.1亿 lot=734元)
[14:32:01] BASE 002639 雪人集团 门槛未过→仅观察 (amp=4.5% amt=4.4亿 lot=1264元)
[14:33:00] BASE 002176 江特电机 门槛未过→仅观察 (amp=4.2% amt=6.0亿 lot=930元)
[14:33:00] BASE 002639 雪人集团 门槛未过→仅观察 (amp=4.5% amt=4.4亿 lot=1264元)
[14:33:00] BASE 002451 摩恩电气 门槛未过→仅观察 (amp=4.3% amt=1.1亿 lot=734元)
[14:34:00] BASE 002176 江特电机 门槛未过→仅观察 (amp=4.2% amt=6.0亿 lot=930元)
[14:34:00] BASE 002451 摩恩电气 门槛未过→仅观察 (amp=4.3% amt=1.1亿 lot=734元)
[14:34:00] BASE 002639 雪人集团 门槛未过→仅观察 (amp=4.5% amt=4.4亿 lot=1264元)
[14:35:00] BASE 002176 江特电机 门槛未过→仅观察 (amp=4.2% amt=6.0亿 lot=930元)
[14:35:00] BASE 002451 摩恩电气 门槛未过→仅观察 (amp=4.3% amt=1.1亿 lot=734元)
[14:35:00] BASE 002639 雪人集团 门槛未过→仅观察 (amp=4.5% amt=4.4亿 lot=1264元)
[14:36:00] BASE 002176 江特电机 门槛未过→仅观察 (amp=4.2% amt=6.0亿 lot=930元)
[14:36:00] BASE 002639 雪人集团 门槛未过→仅观察 (amp=4.5% amt=4.4亿 lot=1264元)
[14:36:00] BASE 002451 摩恩电气 门槛未过→仅观察 (amp=4.3% amt=1.1亿 lot=734元)
[14:37:00] BASE 002176 江特电机 门槛未过→仅观察 (amp=4.2% amt=6.0亿 lot=930元)
[14:37:00] BASE 002451 摩恩电气 门槛未过→仅观察 (amp=4.3% amt=1.1亿 lot=734元)
[14:37:00] BASE 002639 雪人集团 门槛未过→仅观察 (amp=4.5% amt=4.4亿 lot=1264元)
[14:38:00] BASE 002176 江特电机 门槛未过→仅观察 (amp=4.2% amt=6.0亿 lot=930元)
[14:38:01] BASE 002639 雪人集团 门槛未过→仅观察 (amp=4.5% amt=4.4亿 lot=1264元)
[14:38:02] BASE 002451 摩恩电气 门槛未过→仅观察 (amp=4.3% amt=1.1亿 lot=734元)
[14:39:00] BASE 002176 江特电机 门槛未过→仅观察 (amp=4.2% amt=6.0亿 lot=930元)
[14:39:00] BASE 002639 雪人集团 门槛未过→仅观察 (amp=4.5% amt=4.4亿 lot=1264元)
[14:39:00] BASE 002451 摩恩电气 门槛未过→仅观察 (amp=4.3% amt=1.1亿 lot=734元)
[14:40:00] BASE 002176 江特电机 门槛未过→仅观察 (amp=4.2% amt=6.0亿 lot=930元)
[14:40:00] BASE 002451 摩恩电气 门槛未过→仅观察 (amp=4.3% amt=1.1亿 lot=734元)
[14:40:00] BASE 002639 雪人集团 门槛未过→仅观察 (amp=4.5% amt=4.4亿 lot=1264元)
[14:41:00] BASE 002176 江特电机 门槛未过→仅观察 (amp=4.2% amt=6.0亿 lot=930元)
[14:41:00] BASE 002639 雪人集团 门槛未过→仅观察 (amp=4.5% amt=4.4亿 lot=1264元)
[14:41:00] BASE 002451 摩恩电气 门槛未过→仅观察 (amp=4.3% amt=1.1亿 lot=734元)
[14:42:00] BASE 002176 江特电机 门槛未过→仅观察 (amp=4.2% amt=6.0亿 lot=930元)
[14:42:00] BASE 002451 摩恩电气 门槛未过→仅观察 (amp=4.3% amt=1.1亿 lot=734元)
[14:42:00] BASE 002639 雪人集团 门槛未过→仅观察 (amp=4.5% amt=4.4亿 lot=1264元)
[14:43:00] BASE 002176 江特电机 门槛未过→仅观察 (amp=4.2% amt=6.0亿 lot=930元)
[14:43:00] BASE 002451 摩恩电气 门槛未过→仅观察 (amp=4.3% amt=1.1亿 lot=734元)
[14:43:00] BASE 002639 雪人集团 门槛未过→仅观察 (amp=4.5% amt=4.4亿 lot=1264元)
[14:44:00] BASE 002176 江特电机 门槛未过→仅观察 (amp=4.2% amt=6.0亿 lot=930元)
[14:44:00] BASE 002639 雪人集团 门槛未过→仅观察 (amp=4.5% amt=4.4亿 lot=1264元)
[14:44:00] BASE 002451 摩恩电气 门槛未过→仅观察 (amp=4.3% amt=1.1亿 lot=734元)
[14:45:00] BASE 002176 江特电机 门槛未过→仅观察 (amp=4.2% amt=6.0亿 lot=930元)
[14:45:00] BASE 002451 摩恩电气 门槛未过→仅观察 (amp=4.3% amt=1.1亿 lot=734元)
[14:45:00] BASE 002639 雪人集团 门槛未过→仅观察 (amp=4.5% amt=4.4亿 lot=1264元)
[14:46:00] BASE 002176 江特电机 门槛未过→仅观察 (amp=4.2% amt=6.0亿 lot=930元)
[14:46:00] BASE 002639 雪人集团 门槛未过→仅观察 (amp=4.5% amt=4.4亿 lot=1264元)
[14:46:01] BASE 002451 摩恩电气 门槛未过→仅观察 (amp=4.3% amt=1.1亿 lot=734元)
[14:47:00] BASE 002176 江特电机 门槛未过→仅观察 (amp=4.2% amt=6.0亿 lot=930元)
[14:47:00] BASE 002639 雪人集团 门槛未过→仅观察 (amp=4.5% amt=4.4亿 lot=1264元)
[14:47:01] BASE 002451 摩恩电气 门槛未过→仅观察 (amp=4.3% amt=1.1亿 lot=734元)
[14:48:00] BASE 002176 江特电机 门槛未过→仅观察 (amp=4.2% amt=6.0亿 lot=930元)
[14:48:00] BASE 002639 雪人集团 门槛未过→仅观察 (amp=4.5% amt=4.4亿 lot=1264元)
[14:48:00] BASE 002451 摩恩电气 门槛未过→仅观察 (amp=4.3% amt=1.1亿 lot=734元)
[14:49:00] BASE 002176 江特电机 门槛未过→仅观察 (amp=4.2% amt=6.0亿 lot=930元)
[14:49:00] BASE 002451 摩恩电气 门槛未过→仅观察 (amp=4.3% amt=1.1亿 lot=734元)
[14:49:00] BASE 002639 雪人集团 门槛未过→仅观察 (amp=4.5% amt=4.4亿 lot=1264元)
[14:50:00] BASE 002176 江特电机 门槛未过→仅观察 (amp=4.2% amt=6.0亿 lot=930元)
[14:50:00] BASE 002639 雪人集团 门槛未过→仅观察 (amp=4.5% amt=4.4亿 lot=1264元)
[14:50:00] BASE 002451 摩恩电气 门槛未过→仅观察 (amp=4.3% amt=1.1亿 lot=734元)
[14:51:00] SELL 603667 100@55.65 score=68 regime=range
[14:51:00] BASE 002176 江特电机 门槛未过→仅观察 (amp=4.2% amt=6.0亿 lot=930元)
[14:51:00] BASE 002451 摩恩电气 门槛未过→仅观察 (amp=4.3% amt=1.1亿 lot=734元)
[14:51:00] BASE 002639 雪人集团 门槛未过→仅观察 (amp=4.5% amt=4.4亿 lot=1264元)
[14:52:00] BASE 002176 江特电机 门槛未过→仅观察 (amp=4.2% amt=6.0亿 lot=930元)
[14:52:00] BASE 002639 雪人集团 门槛未过→仅观察 (amp=4.5% amt=4.4亿 lot=1264元)
[14:52:00] BASE 002451 摩恩电气 门槛未过→仅观察 (amp=4.3% amt=1.1亿 lot=734元)
[14:53:00] BASE 002176 江特电机 门槛未过→仅观察 (amp=4.2% amt=6.0亿 lot=930元)
[14:53:00] BASE 002639 雪人集团 门槛未过→仅观察 (amp=4.5% amt=4.4亿 lot=1264元)
[14:53:00] BASE 002451 摩恩电气 门槛未过→仅观察 (amp=4.3% amt=1.1亿 lot=734元)
[14:54:00] BASE 002176 江特电机 门槛未过→仅观察 (amp=4.2% amt=6.0亿 lot=930元)
[14:54:00] BASE 002451 摩恩电气 门槛未过→仅观察 (amp=4.3% amt=1.1亿 lot=734元)
[14:54:00] BASE 002639 雪人集团 门槛未过→仅观察 (amp=4.5% amt=4.4亿 lot=1264元)
[14:55:01] BASE 002176 江特电机 门槛未过→仅观察 (amp=4.2% amt=6.0亿 lot=930元)
[14:55:01] BASE 002451 摩恩电气 门槛未过→仅观察 (amp=4.3% amt=1.1亿 lot=734元)
[14:55:01] BASE 002639 雪人集团 门槛未过→仅观察 (amp=4.5% amt=4.4亿 lot=1264元)
[14:56:00] BASE 002176 江特电机 门槛未过→仅观察 (amp=4.2% amt=6.0亿 lot=930元)
[14:56:00] BASE 002451 摩恩电气 门槛未过→仅观察 (amp=4.3% amt=1.1亿 lot=734元)
[14:56:00] BASE 002639 雪人集团 门槛未过→仅观察 (amp=4.5% amt=4.4亿 lot=1264元)
[14:57:00] BASE 002176 江特电机 门槛未过→仅观察 (amp=4.2% amt=6.0亿 lot=930元)
[14:57:00] BASE 002451 摩恩电气 门槛未过→仅观察 (amp=4.3% amt=1.1亿 lot=734元)
[14:57:00] BASE 002639 雪人集团 门槛未过→仅观察 (amp=4.5% amt=4.4亿 lot=1264元)
[14:58:02] BASE 002176 江特电机 门槛未过→仅观察 (amp=4.2% amt=6.0亿 lot=930元)
[14:58:02] BASE 002451 摩恩电气 门槛未过→仅观察 (amp=4.3% amt=1.1亿 lot=734元)
[14:58:02] BASE 002639 雪人集团 门槛未过→仅观察 (amp=4.5% amt=4.4亿 lot=1264元)
