
===== strategy run start 2026-08-10T08:57:39 pid=22612 =====
[ops] 控制台日志已落盘: C:\Users\Lenovo\.goldminer3\projects\e8bb1f4d-87ce-11f1-97f7-98fa9b8df5e7\logs\strategy_20260810.log
[INIT] 600481 双良节能 持仓对账: 1400股 可用1400 成本4.11
[INIT] 603667 五洲新春 持仓对账: 700股 可用700 成本51.78
[init] 大盘日线已缓存: 900 行, 2022-11-22 ~ 2026-08-07
[init] WP-E2/E3 预算表: equity=195017 reserve=20% 每股预算=39003(按4槽分解) max_pos_shares=000988:300 600481:8900 600176:800 603667:700 300054:500 300364:1400 002639:3100 300153:1800 300456:1200 002202:1700 002536:900 002176:4100 600584:500 002261:1400 600089:1800 002451:5400
[init] 事件桥: C:\Users\Lenovo\.goldminer3\projects\e8bb1f4d-87ce-11f1-97f7-98fa9b8df5e7\runtime\bridge
[init] 策略初始化完成: 16 只标的
[ir] 2026-08-10 regime=uni_up score=4.6
[D6] amount/volume=9.43 close=9.41 → VWAP单位比=1.0018
[09:31:00] BASE 002176 跳过: MIRROR_HOLDINGS 中无此标的或 qty<100
[09:31:00] BASE 002202 跳过: MIRROR_HOLDINGS 中无此标的或 qty<100
[09:31:00] BASE 000988 华工科技 TREND_BREAKDOWN→延迟建仓
[09:31:01] BASE 002261 跳过: MIRROR_HOLDINGS 中无此标的或 qty<100
[09:31:01] BASE 002451 跳过: MIRROR_HOLDINGS 中无此标的或 qty<100
[09:31:01] BASE 002536 跳过: MIRROR_HOLDINGS 中无此标的或 qty<100
[09:31:01] BASE 002639 跳过: MIRROR_HOLDINGS 中无此标的或 qty<100
[09:31:01] BASE 300364 跳过: MIRROR_HOLDINGS 中无此标的或 qty<100
[09:31:01] BASE 300456 跳过: MIRROR_HOLDINGS 中无此标的或 qty<100
[09:31:01] BASE 300054 跳过: MIRROR_HOLDINGS 中无此标的或 qty<100
[09:31:01] BASE 300153 跳过: MIRROR_HOLDINGS 中无此标的或 qty<100
[09:31:01] BASE 600089 跳过: MIRROR_HOLDINGS 中无此标的或 qty<100
[09:31:01] BASE 600584 跳过: MIRROR_HOLDINGS 中无此标的或 qty<100
[09:31:01] BASE 603667 五洲新春 G4支撑闸→仅观察 G4: 日线数据不足→保守拦截
[09:31:01] BASE 600176 中国巨石 G4支撑闸→仅观察 G4: 日线数据不足→保守拦截
